Collecting annotated-doc==0.0.5 (from -r C:\Mingo\.local\phase1-clean-reproduction\05_code\backend\requirements.lock (line 1))
  Using cached annotated_doc-0.0.5-py3-none-any.whl.metadata (6.5 kB)
Collecting annotated-types==0.8.0 (from -r C:\Mingo\.local\phase1-clean-reproduction\05_code\backend\requirements.lock (line 2))
  Using cached annotated_types-0.8.0-py3-none-any.whl.metadata (15 kB)
Collecting anyio==4.15.1 (from -r C:\Mingo\.local\phase1-clean-reproduction\05_code\backend\requirements.lock (line 3))
  Using cached anyio-4.15.1-py3-none-any.whl.metadata (4.7 kB)
Collecting certifi==2026.7.22 (from -r C:\Mingo\.local\phase1-clean-reproduction\05_code\backend\requirements.lock (line 4))
  Using cached certifi-2026.7.22-py3-none-any.whl.metadata (2.5 kB)
Collecting click==8.5.0 (from -r C:\Mingo\.local\phase1-clean-reproduction\05_code\backend\requirements.lock (line 5))
  Using cached click-8.5.0-py3-none-any.whl.metadata (2.6 kB)
Collecting fastapi==0.141.1 (from -r C:\Mingo\.local\phase1-clean-reproduction\05_code\backend\requirements.lock (line 6))
  Using cached fastapi-0.141.1-py3-none-any.whl.metadata (27 kB)
Collecting h11==0.16.0 (from -r C:\Mingo\.local\phase1-clean-reproduction\05_code\backend\requirements.lock (line 7))
  Using cached h11-0.16.0-py3-none-any.whl.metadata (8.3 kB)
Collecting httpcore==1.0.9 (from -r C:\Mingo\.local\phase1-clean-reproduction\05_code\backend\requirements.lock (line 8))
  Using cached httpcore-1.0.9-py3-none-any.whl.metadata (21 kB)
Collecting httpx==0.28.1 (from -r C:\Mingo\.local\phase1-clean-reproduction\05_code\backend\requirements.lock (line 9))
  Using cached httpx-0.28.1-py3-none-any.whl.metadata (7.1 kB)
Collecting idna==3.20 (from -r C:\Mingo\.local\phase1-clean-reproduction\05_code\backend\requirements.lock (line 10))
  Using cached idna-3.20-py3-none-any.whl.metadata (7.2 kB)
Collecting iniconfig==2.3.0 (from -r C:\Mingo\.local\phase1-clean-reproduction\05_code\backend\requirements.lock (line 11))
  Using cached iniconfig-2.3.0-py3-none-any.whl.metadata (2.5 kB)
Collecting packaging==26.3 (from -r C:\Mingo\.local\phase1-clean-reproduction\05_code\backend\requirements.lock (line 12))
  Using cached packaging-26.3-py3-none-any.whl.metadata (3.5 kB)
Collecting pluggy==1.6.0 (from -r C:\Mingo\.local\phase1-clean-reproduction\05_code\backend\requirements.lock (line 13))
  Using cached pluggy-1.6.0-py3-none-any.whl.metadata (4.8 kB)
Collecting psycopg==3.3.6 (from -r C:\Mingo\.local\phase1-clean-reproduction\05_code\backend\requirements.lock (line 14))
  Using cached psycopg-3.3.6-py3-none-any.whl.metadata (4.4 kB)
Collecting psycopg-binary==3.3.6 (from -r C:\Mingo\.local\phase1-clean-reproduction\05_code\backend\requirements.lock (line 15))
  Using cached psycopg_binary-3.3.6-cp314-cp314-win_amd64.whl.metadata (2.8 kB)
Collecting pydantic==2.13.5 (from -r C:\Mingo\.local\phase1-clean-reproduction\05_code\backend\requirements.lock (line 16))
  Using cached pydantic-2.13.5-py3-none-any.whl.metadata (110 kB)
Collecting pydantic_core==2.46.5 (from -r C:\Mingo\.local\phase1-clean-reproduction\05_code\backend\requirements.lock (line 17))
  Using cached pydantic_core-2.46.5-cp314-cp314-win_amd64.whl.metadata (6.7 kB)
Collecting Pygments==2.21.0 (from -r C:\Mingo\.local\phase1-clean-reproduction\05_code\backend\requirements.lock (line 18))
  Using cached pygments-2.21.0-py3-none-any.whl.metadata (2.5 kB)
Collecting pytest==9.1.1 (from -r C:\Mingo\.local\phase1-clean-reproduction\05_code\backend\requirements.lock (line 19))
  Using cached pytest-9.1.1-py3-none-any.whl.metadata (7.6 kB)
Collecting ruff==0.16.8 (from -r C:\Mingo\.local\phase1-clean-reproduction\05_code\backend\requirements.lock (line 20))
  Using cached ruff-0.16.8-py3-none-win_amd64.whl.metadata (21 kB)
Collecting starlette==1.7.0 (from -r C:\Mingo\.local\phase1-clean-reproduction\05_code\backend\requirements.lock (line 21))
  Using cached starlette-1.7.0-py3-none-any.whl.metadata (6.6 kB)
Collecting typing-inspection==0.4.4 (from -r C:\Mingo\.local\phase1-clean-reproduction\05_code\backend\requirements.lock (line 22))
  Using cached typing_inspection-0.4.4-py3-none-any.whl.metadata (2.6 kB)
Collecting typing_extensions==4.16.0 (from -r C:\Mingo\.local\phase1-clean-reproduction\05_code\backend\requirements.lock (line 23))
  Using cached typing_extensions-4.16.0-py3-none-any.whl.metadata (3.3 kB)
Collecting uvicorn==0.53.0 (from -r C:\Mingo\.local\phase1-clean-reproduction\05_code\backend\requirements.lock (line 24))
  Using cached uvicorn-0.53.0-py3-none-any.whl.metadata (6.6 kB)
Collecting tzdata (from psycopg==3.3.6->-r C:\Mingo\.local\phase1-clean-reproduction\05_code\backend\requirements.lock (line 14))
  Using cached tzdata-2026.4-py2.py3-none-any.whl.metadata (1.4 kB)
Collecting colorama>=0.4 (from pytest==9.1.1->-r C:\Mingo\.local\phase1-clean-reproduction\05_code\backend\requirements.lock (line 19))
  Using cached colorama-0.4.6-py2.py3-none-any.whl.metadata (17 kB)
Using cached annotated_doc-0.0.5-py3-none-any.whl (5.3 kB)
Using cached annotated_types-0.8.0-py3-none-any.whl (13 kB)
Using cached anyio-4.15.1-py3-none-any.whl (132 kB)
Using cached certifi-2026.7.22-py3-none-any.whl (136 kB)
Using cached click-8.5.0-py3-none-any.whl (125 kB)
Using cached fastapi-0.141.1-py3-none-any.whl (131 kB)
Using cached h11-0.16.0-py3-none-any.whl (37 kB)
Using cached httpcore-1.0.9-py3-none-any.whl (78 kB)
Using cached httpx-0.28.1-py3-none-any.whl (73 kB)
Using cached idna-3.20-py3-none-any.whl (69 kB)
Using cached iniconfig-2.3.0-py3-none-any.whl (7.5 kB)
Using cached packaging-26.3-py3-none-any.whl (129 kB)
Using cached pluggy-1.6.0-py3-none-any.whl (20 kB)
Using cached psycopg-3.3.6-py3-none-any.whl (215 kB)
Using cached psycopg_binary-3.3.6-cp314-cp314-win_amd64.whl (3.8 MB)
Using cached pydantic-2.13.5-py3-none-any.whl (472 kB)
Using cached pydantic_core-2.46.5-cp314-cp314-win_amd64.whl (2.0 MB)
Using cached pygments-2.21.0-py3-none-any.whl (1.3 MB)
Using cached pytest-9.1.1-py3-none-any.whl (386 kB)
Using cached ruff-0.16.8-py3-none-win_amd64.whl (10.6 MB)
Using cached starlette-1.7.0-py3-none-any.whl (78 kB)
Using cached typing_inspection-0.4.4-py3-none-any.whl (14 kB)
Using cached typing_extensions-4.16.0-py3-none-any.whl (45 kB)
Using cached uvicorn-0.53.0-py3-none-any.whl (87 kB)
Using cached colorama-0.4.6-py2.py3-none-any.whl (25 kB)
Using cached tzdata-2026.4-py2.py3-none-any.whl (347 kB)
Installing collected packages: tzdata, typing_extensions, ruff, Pygments, psycopg-binary, pluggy, packaging, iniconfig, idna, h11, colorama, click, certifi, annotated-types, annotated-doc, uvicorn, typing-inspection, pytest, pydantic_core, psycopg, httpcore, anyio, starlette, pydantic, httpx, fastapi

Successfully installed Pygments-2.21.0 annotated-doc-0.0.5 annotated-types-0.8.0 anyio-4.15.1 certifi-2026.7.22 click-8.5.0 colorama-0.4.6 fastapi-0.141.1 h11-0.16.0 httpcore-1.0.9 httpx-0.28.1 idna-3.20 iniconfig-2.3.0 packaging-26.3 pluggy-1.6.0 psycopg-3.3.6 psycopg-binary-3.3.6 pydantic-2.13.5 pydantic_core-2.46.5 pytest-9.1.1 ruff-0.16.8 starlette-1.7.0 typing-inspection-0.4.4 typing_extensions-4.16.0 tzdata-2026.4 uvicorn-0.53.0
