MemTotal:        2531956 kB
MemFree:          226780 kB
MemAvailable:    1309056 kB
Buffers:           35028 kB
Cached:          1278708 kB
SwapCached:        14360 kB
Active:          1164384 kB
Inactive:         677508 kB
Active(anon):     468264 kB
Inactive(anon):   100236 kB
Active(file):     696120 kB
Inactive(file):   577272 kB
Unevictable:        4256 kB
Mlocked:            4256 kB
SwapTotal:       1898960 kB
SwapFree:        1511888 kB
Dirty:               116 kB
Writeback:             0 kB
AnonPages:        528016 kB
Mapped:           667900 kB
Shmem:             37132 kB
KReclaimable:      47900 kB
Slab:             182992 kB
SReclaimable:      47900 kB
SUnreclaim:       135092 kB
KernelStack:       29168 kB
PageTables:        61932 kB
SecPageTables:         0 kB
NFS_Unstable:          0 kB
Bounce:                0 kB
WritebackTmp:          0 kB
CommitLimit:     3164936 kB
Committed_AS:   101154004 kB
VmallocTotal:   34359738367 kB
VmallocUsed:       52124 kB
VmallocChunk:          0 kB
Percpu:             4672 kB
AnonHugePages:         0 kB
ShmemHugePages:        0 kB
ShmemPmdMapped:        0 kB
FileHugePages:         0 kB
FilePmdMapped:         0 kB
CmaTotal:              0 kB
CmaFree:               0 kB
DirectMap4k:       51032 kB
DirectMap2M:     1521664 kB
DirectMap1G:     2097152 kB
