UTC: 2026-09-26T15:07:03.746796+00:00
Command: pwsh -NoProfile -File 07_operations/scripts/verify_backend.ps1 -Python C:\Mingo\.local\clean-reproduction-20260926\.venv\Scripts\python.exe
All checks passed!
============================= test session starts =============================
platform win32 -- Python 3.12.10, pytest-9.1.1, pluggy-1.6.0
rootdir: C:\Mingo\.local\clean-reproduction-20260926\05_code\backend
configfile: pyproject.toml
plugins: anyio-4.15.1
collected 16 items

05_code\backend\tests\test_postgres.py ssssss                            [ 37%]
05_code\backend\tests\test_unit.py .......s..                            [100%]

============================== warnings summary ===============================
.venv\Lib\site-packages\fastapi\testclient.py:1
  C:\Mingo\.local\clean-reproduction-20260926\.venv\Lib\site-packages\fastapi\testclient.py:1: StarletteDeprecationWarning: Using `httpx` with `starlette.testclient` is deprecated; install `httpx2` instead.
    from starlette.testclient import TestClient as TestClient  # noqa

-- Docs: https://docs.pytest.org/en/stable/how-to/capture-warnings.html
- generated xml file: C:\Mingo\.local\clean-reproduction-20260926\06_quality\evidence\backend\backend-unit-20260926T150704Z.xml -
=================== 9 passed, 7 skipped, 1 warning in 4.22s ===================
{"commit": "4cdecb426d33b2996f4a3a72cc78da6a276b713f", "live": {"status": 200, "body": {"status": "alive"}, "request_id": "5532a392-5e6b-4ecf-a558-73c882ad357b"}, "ready": {"status": 503, "body": {"status": "not_ready"}, "request_id": "53b36b8c-08da-4d4f-b7d7-77200b6fe08f"}}
{"adapter": "local-object-store", "smoke": "passed"}

Exit code: 0
