2026-09-26T15:02:09.2685655Z Current runner version: '2.337.0'
2026-09-26T15:02:09.2702017Z ##[group]Runner Image Provisioner
2026-09-26T15:02:09.2702542Z Hosted Compute Agent
2026-09-26T15:02:09.2703009Z Version: 20260828.587
2026-09-26T15:02:09.2703395Z Commit: abac92662cab4cc7352de4f9f9d2e2419aad9c29
2026-09-26T15:02:09.2703859Z Build Date: 2026-08-28T16:44:25Z
2026-09-26T15:02:09.2704282Z Worker ID: {282d2a0b-99a2-4ebd-a3f1-dc6c1fc9db6b}
2026-09-26T15:02:09.2704710Z Azure Region: centralus
2026-09-26T15:02:09.2705427Z ##[endgroup]
2026-09-26T15:02:09.2706267Z ##[group]Operating System
2026-09-26T15:02:09.2706661Z Ubuntu
2026-09-26T15:02:09.2706993Z 24.04.5
2026-09-26T15:02:09.2707338Z LTS
2026-09-26T15:02:09.2707685Z ##[endgroup]
2026-09-26T15:02:09.2708013Z ##[group]Runner Image
2026-09-26T15:02:09.2708361Z Image: ubuntu-24.04
2026-09-26T15:02:09.2708770Z Version: 20260920.314.1
2026-09-26T15:02:09.2709771Z Included Software: https://github.com/actions/runner-images/blob/ubuntu24/20260920.314/images/ubuntu/Ubuntu2404-Readme.md
2026-09-26T15:02:09.2710713Z Image Release: https://github.com/actions/runner-images/releases/tag/ubuntu24%2F20260920.314
2026-09-26T15:02:09.2711260Z ##[endgroup]
2026-09-26T15:02:09.2711975Z ##[group]GITHUB_TOKEN Permissions
2026-09-26T15:02:09.2713188Z Contents: read
2026-09-26T15:02:09.2713597Z Metadata: read
2026-09-26T15:02:09.2713965Z ##[endgroup]
2026-09-26T15:02:09.2715301Z Secret source: Actions
2026-09-26T15:02:09.2715866Z Cache mode: write
2026-09-26T15:02:09.2716301Z Prepare workflow directory
2026-09-26T15:02:09.3104755Z Prepare all required actions
2026-09-26T15:02:09.3136819Z Getting action download info
2026-09-26T15:02:09.5579698Z Download action repository 'actions/checkout@v4' (SHA:11d5960a326750d5838078e36cf38b85af677262)
2026-09-26T15:02:09.7388369Z Download action repository 'actions/setup-python@v5' (SHA:a26af69be951a213d495a4c3e4e4022e16d87065)
2026-09-26T15:02:09.9579622Z Download action repository 'actions/upload-artifact@v4' (SHA:ea165f8d65b6e75b540449e92b4886f43607fa02)
2026-09-26T15:02:10.4882586Z Complete job name: backend
2026-09-26T15:02:10.5223548Z ##[group]Checking docker version
2026-09-26T15:02:10.5232171Z ##[command]/usr/bin/docker version --format '{{.Server.APIVersion}}'
2026-09-26T15:02:10.6190145Z '1.48'
2026-09-26T15:02:10.6198859Z Docker daemon API version: '1.48'
2026-09-26T15:02:10.6200299Z ##[command]/usr/bin/docker version --format '{{.Client.APIVersion}}'
2026-09-26T15:02:10.6482190Z '1.48'
2026-09-26T15:02:10.6493768Z Docker client API version: '1.48'
2026-09-26T15:02:10.6498662Z ##[endgroup]
2026-09-26T15:02:10.6500768Z ##[group]Clean up resources from previous jobs
2026-09-26T15:02:10.6505046Z ##[command]/usr/bin/docker ps --all --quiet --no-trunc --filter "label=781780"
2026-09-26T15:02:10.6612930Z ##[command]/usr/bin/docker network prune --force --filter "label=781780"
2026-09-26T15:02:10.6705490Z ##[endgroup]
2026-09-26T15:02:10.6706073Z ##[group]Create local container network
2026-09-26T15:02:10.6713162Z ##[command]/usr/bin/docker network create --label 781780 github_network_79582b897f604efca3c1b26b6b0759b0
2026-09-26T15:02:10.7341898Z 27ef62e0100fc25714f7285118521fe0b004dcdc569c9a96a571d7edba20f5e1
2026-09-26T15:02:10.7368981Z ##[endgroup]
2026-09-26T15:02:10.7387932Z ##[group]Starting postgres service container
2026-09-26T15:02:10.7403287Z ##[command]/usr/bin/docker pull postgres:16.10
2026-09-26T15:02:11.6639774Z 16.10: Pulling from library/postgres
2026-09-26T15:02:12.1752256Z d7ecded7702a: Pulling fs layer
2026-09-26T15:02:12.1754877Z e07a799c53b4: Pulling fs layer
2026-09-26T15:02:12.1755207Z 31396154f97e: Pulling fs layer
2026-09-26T15:02:12.1755459Z bb0c101900e8: Pulling fs layer
2026-09-26T15:02:12.1755795Z 06b5c9b14922: Pulling fs layer
2026-09-26T15:02:12.1756052Z cdb0b4a7bc6e: Pulling fs layer
2026-09-26T15:02:12.1756231Z 5833aa2e911a: Pulling fs layer
2026-09-26T15:02:12.1756392Z 41c508b3d5ce: Pulling fs layer
2026-09-26T15:02:12.1756562Z 9b4b5d8be9ad: Pulling fs layer
2026-09-26T15:02:12.1756769Z bfe4361f6d87: Pulling fs layer
2026-09-26T15:02:12.1757310Z c0f2b25a983f: Pulling fs layer
2026-09-26T15:02:12.1757497Z fc3188bd5366: Pulling fs layer
2026-09-26T15:02:12.1757677Z e836c184e52a: Pulling fs layer
2026-09-26T15:02:12.1757855Z df933810a063: Pulling fs layer
2026-09-26T15:02:12.1758013Z 41c508b3d5ce: Waiting
2026-09-26T15:02:12.1758204Z 9b4b5d8be9ad: Waiting
2026-09-26T15:02:12.1758348Z e836c184e52a: Waiting
2026-09-26T15:02:12.1758505Z fc3188bd5366: Waiting
2026-09-26T15:02:12.1758646Z bfe4361f6d87: Waiting
2026-09-26T15:02:12.1758784Z c0f2b25a983f: Waiting
2026-09-26T15:02:12.1758986Z bb0c101900e8: Waiting
2026-09-26T15:02:12.1759140Z 06b5c9b14922: Waiting
2026-09-26T15:02:12.1759281Z cdb0b4a7bc6e: Waiting
2026-09-26T15:02:12.1759601Z 5833aa2e911a: Waiting
2026-09-26T15:02:12.3048229Z e07a799c53b4: Verifying Checksum
2026-09-26T15:02:12.3048618Z e07a799c53b4: Download complete
2026-09-26T15:02:12.4487654Z 31396154f97e: Verifying Checksum
2026-09-26T15:02:12.4488685Z 31396154f97e: Download complete
2026-09-26T15:02:12.4630656Z d7ecded7702a: Verifying Checksum
2026-09-26T15:02:12.4631444Z d7ecded7702a: Download complete
2026-09-26T15:02:12.5259206Z bb0c101900e8: Verifying Checksum
2026-09-26T15:02:12.6535378Z cdb0b4a7bc6e: Verifying Checksum
2026-09-26T15:02:12.6536308Z cdb0b4a7bc6e: Download complete
2026-09-26T15:02:12.6658235Z 06b5c9b14922: Verifying Checksum
2026-09-26T15:02:12.6659045Z 06b5c9b14922: Download complete
2026-09-26T15:02:12.6856973Z 5833aa2e911a: Verifying Checksum
2026-09-26T15:02:12.6857446Z 5833aa2e911a: Download complete
2026-09-26T15:02:12.8029143Z 41c508b3d5ce: Verifying Checksum
2026-09-26T15:02:12.8048083Z 41c508b3d5ce: Download complete
2026-09-26T15:02:12.8200237Z bfe4361f6d87: Verifying Checksum
2026-09-26T15:02:12.8201538Z bfe4361f6d87: Download complete
2026-09-26T15:02:12.9307007Z c0f2b25a983f: Verifying Checksum
2026-09-26T15:02:12.9550518Z c0f2b25a983f: Download complete
2026-09-26T15:02:12.9550850Z fc3188bd5366: Download complete
2026-09-26T15:02:13.0677455Z e836c184e52a: Download complete
2026-09-26T15:02:13.0869750Z df933810a063: Verifying Checksum
2026-09-26T15:02:13.0874412Z df933810a063: Download complete
2026-09-26T15:02:13.1385679Z 9b4b5d8be9ad: Verifying Checksum
2026-09-26T15:02:13.1385950Z 9b4b5d8be9ad: Download complete
2026-09-26T15:02:13.5000805Z d7ecded7702a: Pull complete
2026-09-26T15:02:19.3932057Z e07a799c53b4: Pull complete
2026-09-26T15:02:19.6127150Z 31396154f97e: Pull complete
2026-09-26T15:02:19.6595461Z bb0c101900e8: Pull complete
2026-09-26T15:02:20.1306245Z 06b5c9b14922: Pull complete
2026-09-26T15:02:20.2365838Z cdb0b4a7bc6e: Pull complete
2026-09-26T15:02:20.2468888Z 5833aa2e911a: Pull complete
2026-09-26T15:02:20.2548949Z 41c508b3d5ce: Pull complete
2026-09-26T15:02:23.8867533Z 9b4b5d8be9ad: Pull complete
2026-09-26T15:02:23.8986654Z bfe4361f6d87: Pull complete
2026-09-26T15:02:23.9049895Z c0f2b25a983f: Pull complete
2026-09-26T15:02:23.9204753Z fc3188bd5366: Pull complete
2026-09-26T15:02:23.9473855Z e836c184e52a: Pull complete
2026-09-26T15:02:23.9733230Z df933810a063: Pull complete
2026-09-26T15:02:23.9858036Z Digest: sha256:21f6013073bc6b92830a2129570e2f5ec42a6c734b5a985a41e83aa58f54c3c1
2026-09-26T15:02:23.9927614Z Status: Downloaded newer image for postgres:16.10
2026-09-26T15:02:24.0029638Z docker.io/library/postgres:16.10
2026-09-26T15:02:24.0074985Z ##[command]/usr/bin/docker create --name 928a6d8d0626431e9db880041f8fecba_postgres1610_bb87dc --label 781780 --network github_network_79582b897f604efca3c1b26b6b0759b0 --network-alias postgres -p 5432:5432 --health-cmd 'pg_isready -U mingo_app -d mingo' --health-interval 3s --health-timeout 3s --health-retries 20 -e "POSTGRES_USER=mingo_app" -e "POSTGRES_PASSWORD=ci_disposable_password" -e "POSTGRES_DB=mingo" -e GITHUB_ACTIONS=true -e CI=true postgres:16.10
2026-09-26T15:02:24.1995925Z unknown shorthand flag: 'U' in -U
2026-09-26T15:02:24.1996237Z Usage:  docker create [OPTIONS] IMAGE [COMMAND] [ARG...]
2026-09-26T15:02:24.1996458Z Run 'docker create --help' for more information
2026-09-26T15:02:24.2083786Z ##[error]Exit code 125 returned from process: file name '/usr/bin/docker', arguments 'create --name 928a6d8d0626431e9db880041f8fecba_postgres1610_bb87dc --label 781780 --network github_network_79582b897f604efca3c1b26b6b0759b0 --network-alias postgres -p 5432:5432 --health-cmd 'pg_isready -U mingo_app -d mingo' --health-interval 3s --health-timeout 3s --health-retries 20 -e "POSTGRES_USER=mingo_app" -e "POSTGRES_PASSWORD=ci_disposable_password" -e "POSTGRES_DB=mingo" -e GITHUB_ACTIONS=true -e CI=true postgres:16.10'.
2026-09-26T15:02:24.2315631Z ##[group]Run actions/upload-artifact@v4
2026-09-26T15:02:24.2315882Z with:
2026-09-26T15:02:24.2316001Z   name: backend-evidence
2026-09-26T15:02:24.2316143Z   path: 06_quality/evidence/
2026-09-26T15:02:24.2316282Z   if-no-files-found: warn
2026-09-26T15:02:24.2316414Z   compression-level: 6
2026-09-26T15:02:24.2316536Z   overwrite: false
2026-09-26T15:02:24.2316659Z   include-hidden-files: false
2026-09-26T15:02:24.2316839Z env:
2026-09-26T15:02:24.2317354Z   TEST_DATABASE_URL: ***localhost:5432/mingo_test
2026-09-26T15:02:24.2317635Z   DATABASE_URL: ***localhost:5432/mingo
2026-09-26T15:02:24.2317830Z   OBJECT_STORAGE_ROOT: /home/runner/work/mingo/mingo/.local/objects
2026-09-26T15:02:24.2318022Z ##[endgroup]
2026-09-26T15:02:24.3392479Z (node:2332) [DEP0040] DeprecationWarning: The `punycode` module is deprecated. Please use a userland alternative instead.
2026-09-26T15:02:24.3393074Z (Use `node --trace-deprecation ...` to show where the warning was created)
2026-09-26T15:02:24.3404983Z ##[warning]No files were found with the provided path: 06_quality/evidence/. No artifacts will be uploaded.
2026-09-26T15:02:24.3587188Z Remove container network: github_network_79582b897f604efca3c1b26b6b0759b0
2026-09-26T15:02:24.3590279Z ##[command]/usr/bin/docker network rm github_network_79582b897f604efca3c1b26b6b0759b0
2026-09-26T15:02:24.4476733Z github_network_79582b897f604efca3c1b26b6b0759b0
2026-09-26T15:02:24.4538760Z Cleaning up orphan processes
2026-09-26T15:02:24.5593730Z ##[warning]Node.js 20 is deprecated. The following actions target Node.js 20 but are being forced to run on Node.js 24: actions/upload-artifact@v4. For more information see: https://github.blog/changelog/2025-09-19-deprecation-of-node-20-on-github-actions-runners/
