All checks passed!
============================= test session starts =============================
platform win32 -- Python 3.12.10, pytest-9.1.1, pluggy-1.6.0
rootdir: C:\Mingo\01_San_pham\backend
configfile: pyproject.toml
plugins: anyio-4.15.1
collected 16 items

01_San_pham\backend\tests\test_postgres.py ssssss                        [ 37%]
01_San_pham\backend\tests\test_unit.py .......s..                        [100%]

============================== warnings summary ===============================
.venv\Lib\site-packages\fastapi\testclient.py:1
  C:\Mingo\.venv\Lib\site-packages\fastapi\testclient.py:1: StarletteDeprecationWarning: Using `httpx` with `starlette.testclient` is deprecated; install `httpx2` instead.
    from starlette.testclient import TestClient as TestClient  # noqa

-- Docs: https://docs.pytest.org/en/stable/how-to/capture-warnings.html
- generated xml file: C:\Mingo\03_Kiem_thu\Bang_chung\backend\backend-unit-20261001T144847Z.xml -
=================== 9 passed, 7 skipped, 1 warning in 4.33s ===================
============================= test session starts =============================
platform win32 -- Python 3.12.10, pytest-9.1.1, pluggy-1.6.0
rootdir: C:\Mingo\01_San_pham\backend
configfile: pyproject.toml
plugins: anyio-4.15.1
collected 16 items / 10 deselected / 6 selected

01_San_pham\backend\tests\test_postgres.py ......                        [100%]

============================== warnings summary ===============================
.venv\Lib\site-packages\fastapi\testclient.py:1
  C:\Mingo\.venv\Lib\site-packages\fastapi\testclient.py:1: StarletteDeprecationWarning: Using `httpx` with `starlette.testclient` is deprecated; install `httpx2` instead.
    from starlette.testclient import TestClient as TestClient  # noqa

-- Docs: https://docs.pytest.org/en/stable/how-to/capture-warnings.html
- generated xml file: C:\Mingo\03_Kiem_thu\Bang_chung\postgres\postgres-20261001T144847Z.xml -
================= 6 passed, 10 deselected, 1 warning in 8.59s =================
{"applied": []}
{"job_id": "3e20e491-4e5f-4039-b269-660dadc685dd"}
{"time": "2026-10-01T14:49:07.516430+00:00", "level": "INFO", "event": "worker.started", "component": "worker", "request_id": null}
{"time": "2026-10-01T14:49:07.858180+00:00", "level": "INFO", "event": "job.completed", "component": "worker", "request_id": null}
{"time": "2026-10-01T14:49:07.858180+00:00", "level": "INFO", "event": "worker.stopped", "component": "worker", "request_id": null}
{"commit": "a112f762ab08f6fa688cc4857b21d95d1055ab5c", "live": {"status": 200, "body": {"status": "alive"}, "request_id": "23e32bee-1055-4c61-a941-ab8540769522"}, "ready": {"status": 200, "body": {"status": "ready"}, "request_id": "dd3d8f1b-75c5-4423-b9b6-06dfbd03171e"}}
{"adapter": "local-object-store", "smoke": "passed"}
