P0 QC-001 PASS
QC-002 PASS
QC-003 PASS
QC-004 PASS
QC-005 PASS
QC-006 PASS
QC-007 PASS
QC-008 PASS
QC-009 PASS
QC-010 PASS
QA-BIZ-006 PASS
QA-ACC-004 PASS
QA-HO-001 PASS
QA-HO-004 PASS
QA-HO-005 PASS

P0 QA-LRN-001 PASS
QA-LRN-006 PASS
QA-LRN-008 PASS
QA-LRN-009 PASS
QA-LRN-013 PASS
QA-LRN-015 PASS
QA-LRN-019 PASS
QA-OFF-002 PASS
QA-OFF-003 PASS
QA-OFF-004 PASS
QA-BIZ-001 PASS
QA-BIZ-002 PASS
QA-BIZ-003 PASS
QA-BIZ-004 PASS
QA-BIZ-005 PASS
QA-BIZ-007 PASS
QA-BIZ-008 PASS
QA-BIZ-009 PASS
QA-BIZ-010 PASS
QA-BIZ-011 PASS
QA-BIZ-012 PASS
QA-BIZ-013 PASS
QA-BIZ-014 PASS
QA-ACC-001 PASS
QA-ACC-003 PASS
QA-ACC-007 PASS
QA-ACC-008 PASS
QA-LRN-021 PASS
QA-OFF-007 PASS

P1 QA-NAV-009 PASS
QA-NAV-010 PASS
QA-HO-002 PASS
QA-HO-003 PASS
QA-HO-006 PASS

P1 QA-NAV-001 PASS
QA-NAV-002 PASS
QA-NAV-003 PASS
QA-NAV-004 PASS
QA-NAV-005 PASS
QA-NAV-006 PASS
QA-NAV-007 PASS
QA-NAV-008 PASS
QA-LRN-002 PASS
QA-LRN-003 PASS
QA-LRN-004 PASS
QA-LRN-005 PASS
QA-LRN-007 PASS
QA-LRN-010 PASS
QA-LRN-011 PASS
QA-LRN-012 PASS
QA-LRN-014 PASS
QA-LRN-016 PASS
QA-LRN-017 PASS
QA-LRN-018 PASS
QA-LRN-020 PASS
QA-STF-001 PASS
QA-STF-002 PASS
QA-STF-003 PASS
QA-STF-004 PASS
QA-STF-005 PASS
QA-STF-006 PASS
QA-STF-007 PASS
QA-STF-008 PASS
QA-STF-009 PASS
QA-STF-010 PASS
QA-OFF-001 PASS
QA-OFF-005 PASS
QA-OFF-006 PASS
QA-ACC-002 PASS
QA-ACC-005 PASS
QA-ACC-006 PASS
QA-ACC-009 PASS
QA-ACC-010 PASS
QA-ACC-011 PASS
QA-ACC-012 PASS
QA-LRN-022 PASS
QA-LRN-023 PASS
QA-STF-011 PASS
QA-ACC-013 PASS

text200-320-Home PASS 
text200-320-Learn PASS 
text200-320-Course PASS 
text200-320-Profile PASS 
text200-360-Home PASS 
text200-360-Learn PASS 
text200-360-Course PASS 
text200-360-Profile PASS 
text200-412-Home PASS 
text200-412-Learn PASS 
text200-412-Course PASS 
text200-412-Profile PASS 
text200-480-Home PASS 
text200-480-Learn PASS 
text200-480-Course PASS 
text200-480-Profile PASS 
staff-text200-1024 PASS 
staff-text200-1440 PASS 
placement-media-unavailable PASS 
practice-media-skip PASS 
learner-accessibility-tree PASS 
answer-key-vocabulary-0 PASS 
answer-key-vocabulary-1 PASS 
answer-key-vocabulary-2 PASS 
answer-key-grammar-0 PASS 
answer-key-grammar-1 PASS 
answer-key-grammar-2 PASS 
answer-key-listening-0 PASS 
answer-key-listening-1 PASS 
answer-key-listening-2 PASS 

