MemTotal:        2531956 kB
MemFree:          205556 kB
MemAvailable:    1293480 kB
Buffers:           35392 kB
Cached:          1283844 kB
SwapCached:        14348 kB
Active:          1171084 kB
Inactive:         678740 kB
Active(anon):     470552 kB
Inactive(anon):   100212 kB
Active(file):     700532 kB
Inactive(file):   578528 kB
Unevictable:        4256 kB
Mlocked:            4256 kB
SwapTotal:       1898960 kB
SwapFree:        1505232 kB
Dirty:                 0 kB
Writeback:             0 kB
AnonPages:        530488 kB
Mapped:           694936 kB
Shmem:             36964 kB
KReclaimable:      47864 kB
Slab:             182980 kB
SReclaimable:      47864 kB
SUnreclaim:       135116 kB
KernelStack:       29072 kB
PageTables:        62656 kB
SecPageTables:         0 kB
NFS_Unstable:          0 kB
Bounce:                0 kB
WritebackTmp:          0 kB
CommitLimit:     3164936 kB
Committed_AS:   102529880 kB
VmallocTotal:   34359738367 kB
VmallocUsed:       52032 kB
VmallocChunk:          0 kB
Percpu:             4672 kB
AnonHugePages:         0 kB
ShmemHugePages:        0 kB
ShmemPmdMapped:        0 kB
FileHugePages:         0 kB
FilePmdMapped:         0 kB
CmaTotal:              0 kB
CmaFree:               0 kB
DirectMap4k:       51032 kB
DirectMap2M:     1521664 kB
DirectMap1G:     2097152 kB
