00:00 +0: loading C:/Mingo/01_San_pham/cong_cu_phat_trien/mingo_ui/test/independent_test.dart
00:00 +0: (setUpAll)
00:00 +0: IV-03 PRD-14 direct confirmation without review evidence stays blocked
══╡ EXCEPTION CAUGHT BY FLUTTER TEST FRAMEWORK ╞════════════════════════════════════════════════════
The following TestFailure was thrown running a test:
Expected: no matching candidates
  Actual: _TextWidgetFinder:<Found 1 widget with text "Xem xác nhận mẫu": [
            Text("Xem xác nhận mẫu", textAlign: center, dependencies: [DefaultSelectionStyle,
DefaultTextStyle, MediaQuery]),
          ]>
   Which: means one was found but none were expected

When the exception was thrown, this was the stack:
#4      main.<anonymous closure> (file:///C:/Mingo/01_San_pham/cong_cu_phat_trien/mingo_ui/test/independent_test.dart:65:7)
<asynchronous suspension>
#5      testWidgets.<anonymous closure>.<anonymous closure> (package:flutter_test/src/widget_tester.dart:193:15)
<asynchronous suspension>
#6      TestWidgetsFlutterBinding._runTestBody (package:flutter_test/src/binding.dart:1064:5)
<asynchronous suspension>
<asynchronous suspension>
(elided one frame from package:stack_trace)

This was caught by the test expectation on the following line:
  file:///C:/Mingo/01_San_pham/cong_cu_phat_trien/mingo_ui/test/independent_test.dart line 65
The test description was:
  IV-03 PRD-14 direct confirmation without review evidence stays blocked
════════════════════════════════════════════════════════════════════════════════════════════════════
00:01 +0 -1: IV-03 PRD-14 direct confirmation without review evidence stays blocked [E]
  Test failed. See exception logs above.
  The test description was: IV-03 PRD-14 direct confirmation without review evidence stays blocked
  
00:01 +0 -1: (tearDownAll)
00:01 +0 -1: Some tests failed.
