MemTotal:        2531956 kB
MemFree:          252492 kB
MemAvailable:    1253132 kB
Buffers:           31024 kB
Cached:          1202256 kB
SwapCached:         7704 kB
Active:          1002428 kB
Inactive:         721828 kB
Active(anon):     381180 kB
Inactive(anon):   150600 kB
Active(file):     621248 kB
Inactive(file):   571228 kB
Unevictable:        4256 kB
Mlocked:            4256 kB
SwapTotal:       1898960 kB
SwapFree:        1379536 kB
Dirty:                56 kB
Writeback:             0 kB
AnonPages:        490948 kB
Mapped:           609564 kB
Shmem:             37592 kB
KReclaimable:      46464 kB
Slab:             187252 kB
SReclaimable:      46464 kB
SUnreclaim:       140788 kB
KernelStack:       30624 kB
PageTables:        63600 kB
SecPageTables:         0 kB
NFS_Unstable:          0 kB
Bounce:                0 kB
WritebackTmp:          0 kB
CommitLimit:     3164936 kB
Committed_AS:   102669020 kB
VmallocTotal:   34359738367 kB
VmallocUsed:       53568 kB
VmallocChunk:          0 kB
Percpu:             4672 kB
AnonHugePages:         0 kB
ShmemHugePages:        0 kB
ShmemPmdMapped:        0 kB
FileHugePages:         0 kB
FilePmdMapped:         0 kB
CmaTotal:              0 kB
CmaFree:               0 kB
DirectMap4k:       51032 kB
DirectMap2M:     1521664 kB
DirectMap1G:     2097152 kB
