Running Gradle task 'assembleProfile'...                        
Picked up JAVA_TOOL_OPTIONS: -Djava.io.tmpdir=C:/Mingo/.local/java-tmp
Your project is configured with Android NDK 26.3.11579264, but the following plugin(s) depend on a different Android NDK version:
- audioplayers_android requires Android NDK 27.0.12077973
- path_provider_android requires Android NDK 27.0.12077973
Fix this issue by using the highest Android NDK version (they are backward compatible).
Add the following to C:\Mingo\01_San_pham\apps\learner\android\app\build.gradle.kts:

    android {
        ndkVersion = "27.0.12077973"
        ...
    }
Warning: SDK processing. This version only understands SDK XML versions up to 3 but an SDK XML file of version 4 was encountered. This can happen if you use versions of Android Studio and the command-line tools that were released at different times.
Running Gradle task 'assembleProfile'...                          136,9s
√ Built build\app\outputs\flutter-apk\app-profile.apk (21.2MB)
Installing build\app\outputs\flutter-apk\app-profile.apk...      2.879ms
W/daptive_learner( 4659): Accessing hidden method Landroid/view/accessibility/AccessibilityNodeInfo;->getSourceNodeId()J (unsupported,test-api, reflection, allowed)
W/daptive_learner( 4659): Accessing hidden method Landroid/view/accessibility/AccessibilityRecord;->getSourceNodeId()J (unsupported, reflection, allowed)
W/daptive_learner( 4659): Accessing hidden field Landroid/view/accessibility/AccessibilityNodeInfo;->mChildNodeIds:Landroid/util/LongArray; (unsupported, reflection, allowed)
W/daptive_learner( 4659): Accessing hidden method Landroid/util/LongArray;->get(I)J (unsupported, reflection, allowed)
D/CompatChangeReporter( 4659): Compat change id reported: 279646685; UID 10209; state: ENABLED
D/CompatChangeReporter( 4659): Compat change id reported: 309578419; UID 10209; state: ENABLED
W/HWUI    ( 4659): Unknown dataspace 0
I/WindowExtensionsImpl( 4659): Initializing Window Extensions, vendor API level=6, activity embedding enabled=true
W/HWUI    ( 4659): Failed to initialize 101010-2 format, error = EGL_SUCCESS
I/Gralloc4( 4659): mapper 4.x is not supported
I/Choreographer( 4659): Skipped 53 frames!  The application may be doing too much work on its main thread.
I/daptive_learner( 4659): Compiler allocated 5174KB to compile void android.view.ViewRootImpl.performTraversals()
VMServiceFlutterDriver: Connecting to Flutter application at http://127.0.0.1:56963/cgQNGIUk1PE=/
VMServiceFlutterDriver: Isolate found with number: 1531497391032067
VMServiceFlutterDriver: Isolate 1531497391032067 is runnable.
D/ProfileInstaller( 4659): Installing profile for com.example.adaptive_learner
VMServiceFlutterDriver: Isolate is paused at start.
VMServiceFlutterDriver: Attempting to resume isolate
I/flutter ( 4659): 00:00 +0: profile the real sample core journey without physical claims
VMServiceFlutterDriver: Connected to Flutter application.
D/EGL_emulation( 4659): app_time_stats: avg=890.71ms min=27.53ms max=2043.42ms count=4
D/EGL_emulation( 4659): app_time_stats: avg=91.41ms min=16.59ms max=792.83ms count=12
D/EGL_emulation( 4659): app_time_stats: avg=52.81ms min=48.77ms max=58.57ms count=19
D/EGL_emulation( 4659): app_time_stats: avg=49.38ms min=16.29ms max=116.74ms count=20
D/EGL_emulation( 4659): app_time_stats: avg=59.44ms min=54.06ms max=64.17ms count=17
D/EGL_emulation( 4659): app_time_stats: avg=54.47ms min=16.20ms max=120.06ms count=17
D/EGL_emulation( 4659): app_time_stats: avg=59.06ms min=54.38ms max=67.14ms count=17
D/EGL_emulation( 4659): app_time_stats: avg=55.57ms min=20.33ms max=104.53ms count=18
I/daptive_learner( 4659): Background concurrent mark compact GC freed 2230KB AllocSpace bytes, 0(0B) LOS objects, 49% free, 2487KB/4975KB, paused 1.105ms,19.988ms total 73.554ms
D/EGL_emulation( 4659): app_time_stats: avg=65.62ms min=58.33ms max=73.90ms count=16
D/EGL_emulation( 4659): app_time_stats: avg=55.97ms min=17.69ms max=110.54ms count=18
D/EGL_emulation( 4659): app_time_stats: avg=53.58ms min=16.82ms max=76.95ms count=19
D/EGL_emulation( 4659): app_time_stats: avg=65.79ms min=46.24ms max=124.32ms count=15
D/EGL_emulation( 4659): app_time_stats: avg=73.83ms min=39.92ms max=109.41ms count=14
D/EGL_emulation( 4659): app_time_stats: avg=80.52ms min=63.70ms max=104.72ms count=13
D/EGL_emulation( 4659): app_time_stats: avg=43.82ms min=13.18ms max=121.41ms count=22
D/EGL_emulation( 4659): app_time_stats: avg=53.16ms min=47.08ms max=59.84ms count=19
D/EGL_emulation( 4659): app_time_stats: avg=50.18ms min=17.70ms max=116.32ms count=20
D/EGL_emulation( 4659): app_time_stats: avg=63.81ms min=53.81ms max=106.91ms count=17
D/EGL_emulation( 4659): app_time_stats: avg=44.85ms min=17.31ms max=115.07ms count=22
D/EGL_emulation( 4659): app_time_stats: avg=57.27ms min=47.03ms max=111.62ms count=18
D/EGL_emulation( 4659): app_time_stats: avg=46.55ms min=13.44ms max=92.88ms count=22
D/EGL_emulation( 4659): app_time_stats: avg=62.75ms min=52.27ms max=119.26ms count=16
D/EGL_emulation( 4659): app_time_stats: avg=42.46ms min=14.11ms max=83.15ms count=23
D/EGL_emulation( 4659): app_time_stats: avg=63.49ms min=48.58ms max=111.73ms count=17
D/EGL_emulation( 4659): app_time_stats: avg=43.00ms min=16.05ms max=80.08ms count=23
D/EGL_emulation( 4659): app_time_stats: avg=62.61ms min=52.58ms max=114.40ms count=16
D/EGL_emulation( 4659): app_time_stats: avg=49.12ms min=19.79ms max=113.46ms count=20
D/EGL_emulation( 4659): app_time_stats: avg=58.16ms min=47.10ms max=117.95ms count=19
D/EGL_emulation( 4659): app_time_stats: avg=41.82ms min=13.16ms max=87.51ms count=23
D/EGL_emulation( 4659): app_time_stats: avg=74.21ms min=55.49ms max=172.89ms count=14
D/EGL_emulation( 4659): app_time_stats: avg=45.92ms min=12.69ms max=117.24ms count=22
D/EGL_emulation( 4659): app_time_stats: avg=63.10ms min=48.07ms max=123.83ms count=16
D/EGL_emulation( 4659): app_time_stats: avg=40.86ms min=12.32ms max=69.13ms count=23
D/EGL_emulation( 4659): app_time_stats: avg=60.61ms min=50.07ms max=96.53ms count=17
D/EGL_emulation( 4659): app_time_stats: avg=658.14ms min=87.75ms max=2319.71ms count=4
W/WindowOnBackDispatcher( 4659): OnBackInvokedCallback is not enabled for the application.
W/WindowOnBackDispatcher( 4659): Set 'android:enableOnBackInvokedCallback="true"' in the application manifest.
D/EGL_emulation( 4659): app_time_stats: avg=240.60ms min=39.70ms max=1214.82ms count=8
D/EGL_emulation( 4659): app_time_stats: avg=457.37ms min=52.27ms max=1234.99ms count=3
D/EGL_emulation( 4659): app_time_stats: avg=345.48ms min=13.79ms max=2316.03ms count=9
D/EGL_emulation( 4659): app_time_stats: avg=635.30ms min=18.70ms max=2293.43ms count=4
D/EGL_emulation( 4659): app_time_stats: avg=87.61ms min=26.65ms max=144.53ms count=12
D/EGL_emulation( 4659): app_time_stats: avg=105.94ms min=31.54ms max=133.31ms count=10
D/EGL_emulation( 4659): app_time_stats: avg=98.71ms min=32.87ms max=143.71ms count=11
D/EGL_emulation( 4659): app_time_stats: avg=96.45ms min=30.22ms max=140.68ms count=11
D/EGL_emulation( 4659): app_time_stats: avg=95.76ms min=26.75ms max=120.62ms count=11
D/EGL_emulation( 4659): app_time_stats: avg=104.83ms min=18.56ms max=139.50ms count=10
D/EGL_emulation( 4659): app_time_stats: avg=377.16ms min=39.47ms max=2319.98ms count=8
D/EGL_emulation( 4659): app_time_stats: avg=364.01ms min=53.01ms max=2216.76ms count=8
D/EGL_emulation( 4659): app_time_stats: avg=27.20ms min=11.77ms max=142.30ms count=32
D/EGL_emulation( 4659): app_time_stats: avg=40.90ms min=12.11ms max=114.62ms count=24
D/EGL_emulation( 4659): app_time_stats: avg=32.49ms min=10.08ms max=57.91ms count=28
D/EGL_emulation( 4659): app_time_stats: avg=33.09ms min=11.00ms max=120.33ms count=28
D/EGL_emulation( 4659): app_time_stats: avg=60.50ms min=36.60ms max=139.54ms count=17
D/EGL_emulation( 4659): app_time_stats: avg=27.32ms min=11.28ms max=96.27ms count=33
D/EGL_emulation( 4659): app_time_stats: avg=40.48ms min=13.72ms max=118.67ms count=24
D/EGL_emulation( 4659): app_time_stats: avg=35.09ms min=11.14ms max=112.12ms count=27
D/EGL_emulation( 4659): app_time_stats: avg=28.46ms min=9.66ms max=113.17ms count=31
D/EGL_emulation( 4659): app_time_stats: avg=44.83ms min=11.88ms max=116.21ms count=22
D/EGL_emulation( 4659): app_time_stats: avg=27.63ms min=11.75ms max=49.51ms count=33
D/EGL_emulation( 4659): app_time_stats: avg=32.66ms min=9.70ms max=115.20ms count=28
D/EGL_emulation( 4659): app_time_stats: avg=41.33ms min=10.50ms max=115.49ms count=25
D/EGL_emulation( 4659): app_time_stats: avg=26.42ms min=9.53ms max=99.14ms count=33
D/EGL_emulation( 4659): app_time_stats: avg=39.46ms min=10.10ms max=118.55ms count=24
D/EGL_emulation( 4659): app_time_stats: avg=32.86ms min=9.54ms max=106.09ms count=29
D/EGL_emulation( 4659): app_time_stats: avg=28.14ms min=9.58ms max=117.74ms count=31
D/EGL_emulation( 4659): app_time_stats: avg=38.91ms min=10.47ms max=110.58ms count=24
D/EGL_emulation( 4659): app_time_stats: avg=30.69ms min=11.91ms max=56.63ms count=30
D/EGL_emulation( 4659): app_time_stats: avg=30.77ms min=10.12ms max=121.52ms count=29
D/EGL_emulation( 4659): app_time_stats: avg=46.57ms min=10.21ms max=118.30ms count=21
D/EGL_emulation( 4659): app_time_stats: avg=27.55ms min=11.41ms max=50.18ms count=33
D/EGL_emulation( 4659): app_time_stats: avg=33.39ms min=9.05ms max=118.53ms count=28
D/EGL_emulation( 4659): app_time_stats: avg=44.32ms min=10.95ms max=121.18ms count=23
D/EGL_emulation( 4659): app_time_stats: avg=25.24ms min=11.27ms max=55.26ms count=35
D/EGL_emulation( 4659): app_time_stats: avg=157.89ms min=39.70ms max=1160.04ms count=12
D/EGL_emulation( 4659): app_time_stats: avg=606.05ms min=88.65ms max=1123.46ms count=2
D/EGL_emulation( 4659): app_time_stats: avg=30.80ms min=12.89ms max=144.24ms count=30
D/EGL_emulation( 4659): app_time_stats: avg=37.23ms min=11.22ms max=120.48ms count=24
D/EGL_emulation( 4659): app_time_stats: avg=27.02ms min=12.26ms max=118.60ms count=37
D/EGL_emulation( 4659): app_time_stats: avg=31.21ms min=14.36ms max=117.61ms count=29
D/EGL_emulation( 4659): app_time_stats: avg=35.01ms min=13.48ms max=121.25ms count=26
D/EGL_emulation( 4659): app_time_stats: avg=26.52ms min=12.97ms max=45.78ms count=33
D/EGL_emulation( 4659): app_time_stats: avg=38.83ms min=13.44ms max=117.20ms count=25
D/EGL_emulation( 4659): app_time_stats: avg=37.73ms min=13.41ms max=117.52ms count=26
D/EGL_emulation( 4659): app_time_stats: avg=28.41ms min=11.96ms max=115.77ms count=32
D/EGL_emulation( 4659): app_time_stats: avg=40.76ms min=16.65ms max=117.59ms count=24
D/EGL_emulation( 4659): app_time_stats: avg=28.43ms min=14.73ms max=115.33ms count=32
D/EGL_emulation( 4659): app_time_stats: avg=27.97ms min=10.89ms max=117.50ms count=32
D/EGL_emulation( 4659): app_time_stats: avg=39.01ms min=13.58ms max=122.31ms count=24
D/EGL_emulation( 4659): app_time_stats: avg=25.75ms min=14.31ms max=35.94ms count=34
D/EGL_emulation( 4659): app_time_stats: avg=34.16ms min=11.74ms max=117.08ms count=26
D/EGL_emulation( 4659): app_time_stats: avg=31.63ms min=14.41ms max=118.48ms count=29
D/EGL_emulation( 4659): app_time_stats: avg=25.99ms min=13.51ms max=116.17ms count=34
D/EGL_emulation( 4659): app_time_stats: avg=34.37ms min=12.79ms max=119.24ms count=27
D/EGL_emulation( 4659): app_time_stats: avg=30.86ms min=13.54ms max=101.37ms count=31
D/EGL_emulation( 4659): app_time_stats: avg=38.85ms min=14.14ms max=142.50ms count=24
D/EGL_emulation( 4659): app_time_stats: avg=40.68ms min=16.64ms max=118.66ms count=24
D/EGL_emulation( 4659): app_time_stats: avg=22.84ms min=13.12ms max=34.75ms count=38
D/EGL_emulation( 4659): app_time_stats: avg=35.32ms min=13.80ms max=120.69ms count=26
D/EGL_emulation( 4659): app_time_stats: avg=36.01ms min=14.12ms max=121.47ms count=26
D/EGL_emulation( 4659): app_time_stats: avg=22.62ms min=12.38ms max=36.97ms count=38
W/WindowOnBackDispatcher( 4659): OnBackInvokedCallback is not enabled for the application.
W/WindowOnBackDispatcher( 4659): Set 'android:enableOnBackInvokedCallback="true"' in the application manifest.
D/EGL_emulation( 4659): app_time_stats: avg=262.35ms min=16.49ms max=2244.39ms count=11
D/EGL_emulation( 4659): app_time_stats: avg=815.30ms min=105.83ms max=2225.78ms count=3
I/flutter ( 4659): 02:03 +1: (tearDownAll)
I/flutter ( 4659): 02:03 +2: All tests passed!
All tests passed.
