Build configuration: [sf PRESENT_TIME_OFFSET=0 FORCE_HWC_FOR_RBG_TO_YUV=0 MAX_VIRT_DISPLAY_DIM=0 RUNNING_WITHOUT_SYNC_FRAMEWORK=0 NUM_FRAMEBUFFER_SURFACE_BUFFERS=2]

Display identification data:
Display 4619827259835644672 (HWC display 0): port=0 pnpId=GGL displayName="EMU_display_0"

Wide-Color information:
Device supports wide color: 0
DisplayColorSetting: Managed
Display 4619827259835644672 color modes:
    ColorMode::NATIVE (0)
    Current color mode: ColorMode::NATIVE (0)

Sync configuration: [using: EGL_ANDROID_native_fence_sync]

Scheduler:
Features
    PresentFences=false
    KernelIdleTimer=false
    ContentDetection=true

Policy
    pacesetterDisplayId=4619827259835644672
    layerHistory={size=103, active=1}
	GameFrameRateOverrides=
		(uid, gameModeOverride, gameDefaultOverride)=
    touchTimer=200.000 ms
    displayPowerTimer=nullopt

FrameRateOverrides=none

           app phase:      1000000 ns	         SF phase:      1000000 ns
           app duration:  16666666 ns	         SF duration:  15666666 ns
     early app phase:      1000000 ns	   early SF phase:      1000000 ns
     early app duration:  16666666 ns	   early SF duration:  15666666 ns
  GL early app phase:      1000000 ns	GL early SF phase:      1000000 ns
  GL early app duration:  16666666 ns	GL early SF duration:  15666666 ns
       HWC min duration:         0 ns

ScreenOff: 0d00:00:00.021
60.00 Hz: 0d00:12:21.025

Frame Targeting
    Pacesetter Display 4619827259835644672
        Total missed frame count: 251
        HWC missed frame count: 249
        GPU missed frame count: 2



debugDisplayModeSetByBackdoor=false

         present offset:         0 ns	        VSYNC period:  16666666 ns

app: state=Idle VSyncState={displayId=4619827259835644672, count=3101}
mWorkDuration=16.67 mReadyDuration=15.67 last vsync time -4714.44ms relative to now
  pending events (count=0):
  connections (count=21):
    Connection{0x77d9d61df810, VSyncRequest::None}
    Connection{0x77d9d61e1910, VSyncRequest::None}
    Connection{0x77d9d61e70d0, VSyncRequest::None}
    Connection{0x77d9d61e7d90, VSyncRequest::None}
    Connection{0x77d9d61e8b10, VSyncRequest::None}
    Connection{0x77d9d61e3590, VSyncRequest::None}
    Connection{0x77d9d61e79d0, VSyncRequest::None}
    Connection{0x77d9d61e4610, VSyncRequest::None}
    Connection{0x77d9d61e4790, VSyncRequest::None}
    Connection{0x77d9d61e9b90, VSyncRequest::None}
    Connection{0x77d9d61e6c50, VSyncRequest::None}
    Connection{0x77d9d61e9ad0, VSyncRequest::None}
    Connection{0x77d9d61e5990, VSyncRequest::None}
    Connection{0x77d9d61e3950, VSyncRequest::None}
    Connection{0x77d9d61e9710, VSyncRequest::None}
    Connection{0x77d9d61e61d0, VSyncRequest::None}
    Connection{0x77d9d61e7310, VSyncRequest::None}
    Connection{0x77d9d61e91d0, VSyncRequest::None}
    Connection{0x77d9d61e7250, VSyncRequest::None}
    Connection{0x77d9d61e5ed0, VSyncRequest::None}
    Connection{0x77d9d61ea250, VSyncRequest::None}

VsyncSchedule for pacesetter 4619827259835644672:
hwVsyncState=Enabled
pendingHwVsyncState=Enabled

VsyncController:
VsyncReactor in use
Has 0 unfired fences
mInternalIgnoreFences=0 mExternalIgnoreFences=1
mMoreSamplesNeeded=1 mPeriodConfirmationInProgress=0
mModePtrTransitioningTo=nullptr
No Last HW vsync
VSyncTracker:
	mDisplayModePtr={id=0, hwcId=0, resolution=1080x2400, vsyncRate=60.00 Hz, dpi=420.00x420.00, group=0, vrrConfig=N/A}
	Refresh Rate Map:
		For ideal period 16.67ms: period = 16.67ms, intercept = 0
	mTimelines.size()=1
VsyncDispatch:
	Timer:
		DebugState: Waiting
	mTimerSlack: 0.50ms mMinVsyncDistance: 3.00ms
	mIntendedWakeupTime: 9223370964992.00ms from now
	mLastTimerCallback: 4744.96ms ago mLastTimerSchedule: 4761.13ms ago
	Callbacks:
		sf:  
			workDuration: 15.67ms readyDuration: 0.00ms lastVsync: -11464.54ms relative to now
			mLastDispatchTime: 4731.22ms ago
		app:  
			workDuration: 16.67ms readyDuration: 15.67ms lastVsync: -4731.24ms relative to now
			mLastDispatchTime: 4714.59ms ago
		appSf:  
			workDuration: 16.67ms readyDuration: 15.67ms lastVsync: -342631.25ms relative to now
			mLastDispatchTime: 342614.59ms ago

SurfaceFlinger New Frontend Enabled:true
Active Layers - layers with client handles (count = 103)

Composition list
LayerStack=0
  Layer [158] Background for SurfaceView[com.example.adaptive_learner/com.example.adaptive_learner.MainActivity]#158
    visible reason= color{< 0, 0, 0, 1 >}
    bounds={0,0,2400,1080}
  Layer [157] SurfaceView[com.example.adaptive_learner/com.example.adaptive_learner.MainActivity](BLAST)#157
    visible reason= buffer=16213501542403 frame=3 color{< 0, 0, 0, 1 >}
    bounds={0,0,2400,1080}
  Layer [152] com.example.adaptive_learner/com.example.adaptive_learner.MainActivity#152
    visible reason= buffer=16213501542400 frame=1 color{< 0, 0, 0, 1 >}
    bounds={0,0,2400,1080}
    input{(0x0) canOccludePresentation touchCropId=143 touchableRegion={0,0,2400,1080}}
  Layer [81] StatusBar#81
    visible reason= buffer=3663607103512 frame=63 color{< 0, 0, 0, 1 >}
    bounds={0,0,128,1080}
    input{(NOT_FOCUSABLE | TRUSTED_OVERLAY) touchableRegion={0,0,128,1080}}
  Layer [95] Taskbar#95
    visible reason= buffer=4677219385362 frame=73 color{< 0, 0, 0, 1 >}
    bounds={0,2337,2400,1080} toDisplayTransform={ tx=0.0000 ty=2337.0000 }
    input{(NOT_FOCUSABLE | TRUSTED_OVERLAY | WATCH_OUTSIDE_TOUCH | SLIPPERY) touchableRegion={0,2337,2337,0}}
  Layer [62] ScreenDecorOverlay#62
    visible reason= buffer=3663607103509 frame=29 color{< 0, 0, 0, 1 >}
    bounds={0,0,128,1080}
    input{(NOT_FOCUSABLE | NOT_TOUCHABLE | TRUSTED_OVERLAY | SLIPPERY) touchableRegion={492,0,128,610}}
  Layer [69] ScreenDecorOverlayBottom#69
    visible reason= buffer=3663607103498 frame=27 color{< 0, 0, 0, 1 >}
    bounds={0,2337,2400,1080} toDisplayTransform={ tx=0.0000 ty=2337.0000 }
    input{(NOT_FOCUSABLE | NOT_TOUCHABLE | TRUSTED_OVERLAY | SLIPPERY) touchableRegion={0,2337,2337,0}}

Input list
LayerStack=0
  Layer [69] ScreenDecorOverlayBottom#69
    visible reason= buffer=3663607103498 frame=27 color{< 0, 0, 0, 1 >}
    bounds={0,2337,2400,1080} toDisplayTransform={ tx=0.0000 ty=2337.0000 }
    input{(NOT_FOCUSABLE | NOT_TOUCHABLE | TRUSTED_OVERLAY | SLIPPERY) touchableRegion={0,2337,2337,0}}
  Layer [62] ScreenDecorOverlay#62
    visible reason= buffer=3663607103509 frame=29 color{< 0, 0, 0, 1 >}
    bounds={0,0,128,1080}
    input{(NOT_FOCUSABLE | NOT_TOUCHABLE | TRUSTED_OVERLAY | SLIPPERY) touchableRegion={492,0,128,610}}
  Layer [106] IME Handwriting Surface#106
    invisible reason=nothing to draw
    bounds={-10800,-24000,24000,10800}
    input{(NOT_FOCUSABLE | NOT_TOUCHABLE | TRUSTED_OVERLAY | SPY | INTERCEPTS_STYLUS) replaceTouchableRegionWithCrop touchableRegion={-10799,-23999,24000,10800}}
  Layer [80] [Gesture Monitor] swipe-up#80
    invisible reason=nothing to draw
    bounds={-10800,-24000,24000,10800}
    input{(NOT_FOCUSABLE | TRUSTED_OVERLAY | SPY) replaceTouchableRegionWithCrop touchableRegion={-10799,-23999,24000,10800}}
  Layer [71] [Gesture Monitor] edge-swipe#71
    invisible reason=nothing to draw
    bounds={-10800,-24000,24000,10800}
    input{(NOT_FOCUSABLE | TRUSTED_OVERLAY | SPY) replaceTouchableRegionWithCrop touchableRegion={-10799,-23999,24000,10800}}
  Layer [95] Taskbar#95
    visible reason= buffer=4677219385362 frame=73 color{< 0, 0, 0, 1 >}
    bounds={0,2337,2400,1080} toDisplayTransform={ tx=0.0000 ty=2337.0000 }
    input{(NOT_FOCUSABLE | TRUSTED_OVERLAY | WATCH_OUTSIDE_TOUCH | SLIPPERY) touchableRegion={0,2337,2337,0}}
  Layer [81] StatusBar#81
    visible reason= buffer=3663607103512 frame=63 color{< 0, 0, 0, 1 >}
    bounds={0,0,128,1080}
    input{(NOT_FOCUSABLE | TRUSTED_OVERLAY) touchableRegion={0,0,128,1080}}
  Layer [152] com.example.adaptive_learner/com.example.adaptive_learner.MainActivity#152
    visible reason= buffer=16213501542400 frame=1 color{< 0, 0, 0, 1 >}
    bounds={0,0,2400,1080}
    input{(0x0) canOccludePresentation touchCropId=143 touchableRegion={0,0,2400,1080}}
  Layer [150] 5ddef42 ActivityRecordInputSink com.example.adaptive_learner/.MainActivity#150
    invisible reason=nothing to draw
    bounds={-10800,-24000,24000,10800}
    input{(NO_INPUT_CHANNEL | NOT_FOCUSABLE) replaceTouchableRegionWithCrop touchableRegion={-10799,-23999,24000,10800}}
  Layer [88] 2c0ad0f ActivityRecordInputSink com.google.android.apps.nexuslauncher/.NexusLauncherActivity#88
    invisible reason=hidden by parent or layer flag
    bounds={-10800,-24000,24000,10800}
    input{(NO_INPUT_CHANNEL | NOT_VISIBLE | NOT_FOCUSABLE | NOT_TOUCHABLE) replaceTouchableRegionWithCrop touchableRegion={-10799,-23999,24000,10800}}
  Layer [162] [Gesture Monitor] minus-one#162
    invisible reason=hidden by parent or layer flag
    bounds={-10800,-24000,24000,10800}
    input{(NOT_VISIBLE | NOT_FOCUSABLE | TRUSTED_OVERLAY | SPY) replaceTouchableRegionWithCrop touchableRegion={-10799,-23999,24000,10800}}
  Layer [67] com.android.systemui.wallpapers.ImageWallpaper#67
    invisible reason=hidden by parent or layer flag
    bounds={-10800,-24000,24000,10800} toDisplayTransform={ scale x=2.5782 y=2.5781  tx=-54.0000 ty=-120.0000 }
    input{(NOT_VISIBLE | NOT_FOCUSABLE | NOT_TOUCHABLE | PREVENT_SPLITTING | IS_WALLPAPER) touchableRegion={-53,-119,-119,-53}}

Layer Hierarchy
 ROOT
 ├─ Display 0 name="Built-in Screen"#41
 │  ├─ WindowedMagnification:0:31#1
 │  │  ├─ HideDisplayCutout:0:14#2
 │  │  │  └─ OneHanded:0:14#3
 │  │  │     ├─ FullscreenMagnification:0:12#4
 │  │  │     │  ├─ Leaf:0:1#5
 │  │  │     │  │  └─ WallpaperWindowToken{5fd9360 token=android.os.Binder@2beb63}#63
 │  │  │     │  │     └─ 2f414f2 com.android.systemui.wallpapers.ImageWallpaper#66
 │  │  │     │  │        └─ com.android.systemui.wallpapers.ImageWallpaper#67
 │  │  │     │  │           └─ Wallpaper BBQ wrapper#68
 │  │  │     │  ├─ DefaultTaskDisplayArea#6
 │  │  │     │  │  ├─ Task=1#45
 │  │  │     │  │  │  ├─ Task=9#82
 │  │  │     │  │  │  │  ├─ TaskFragment{defe5d7 mode=fullscreen}#164
 │  │  │     │  │  │  │  │  └─ [Gesture Monitor] minus-one#162
 │  │  │     │  │  │  │  └─ ActivityRecord{95e719c u0 com.google[...]uslauncher/.NexusLauncherActivity#83
 │  │  │     │  │  │  │     ├─ 2c0ad0f ActivityRecordInputSink com.[...]uslauncher/.NexusLauncherActivity#88
 │  │  │     │  │  │  │     └─ 695107e com.google.android.apps.nexu[...]uslauncher.NexusLauncherActivity#163
 │  │  │     │  │  │  └─ home_task_overlay_container#46
 │  │  │     │  │  ├─ Task=2#47
 │  │  │     │  │  │  ├─ Task=3#48
 │  │  │     │  │  │  │  └─ Dim layer#52
 │  │  │     │  │  │  └─ Task=4#49
 │  │  │     │  │  │     └─ Dim layer#53
 │  │  │     │  │  └─ Task=11#143
 │  │  │     │  │     └─ ActivityRecord{d712b53 u0 com.example.adaptive_learner/.MainActivity#144
 │  │  │     │  │        ├─ 5ddef42 ActivityRecordInputSink com.[...]e.adaptive_learner/.MainActivity#150
 │  │  │     │  │        ├─ a14a2c9 com.example.adaptive_learner[...]le.adaptive_learner.MainActivity#151
 │  │  │     │  │        │  ├─ com.example.adaptive_learner/com.example.adaptive_learner.MainActivity#152
 │  │  │     │  │        │  │  ├─ (Relative) Background for SurfaceView[com.examp[...]e.adaptive_learner.MainActivity]#158 parent=156
 │  │  │     │  │        │  │  ├─ (Relative) SurfaceView[com.example.adaptive_lea[...]e.adaptive_learner.MainActivity]#156 parent=155
 │  │  │     │  │        │  │  │  └─ SurfaceView[com.example.adaptive_lea[...]ive_learner.MainActivity](BLAST)#157
 │  │  │     │  │        │  │  └─ Bounds for - com.example.adaptive_le[...]le.adaptive_learner.MainActivity#155
 │  │  │     │  │        │  └─ (Relative) ImeContainer#9 parent=144
 │  │  │     │  │        │     └─ WindowToken{522c29c type=2011 android.os.Binder@68fa20f}#79
 │  │  │     │  │        │        └─ Surface(name=bb0a0be InputMethod)/@0[...]mation-leash of insets_animation#160
 │  │  │     │  │        │           └─ bb0a0be InputMethod#107
 │  │  │     │  └─ Leaf:3:12#7
 │  │  │     │     └─ WindowToken{c334efb type=2038 android.os.BinderProxy@f82a1f6}#50
 │  │  │     │        └─ 410d0b ShellDropTarget#51
 │  │  │     └─ ImePlaceholder:13:14#8
 │  │  ├─ OneHanded:15:15#10
 │  │  │  └─ FullscreenMagnification:15:15#11
 │  │  │     └─ Leaf:15:15#12
 │  │  │        └─ WindowToken{66d564b type=2000 android.os.BinderProxy@dbd65c5}#76
 │  │  │           └─ Surface(name=5dac828 StatusBar)/@0x5[...]mation-leash of insets_animation#153
 │  │  │              └─ 5dac828 StatusBar#77
 │  │  │                 └─ StatusBar#81
 │  │  ├─ HideDisplayCutout:16:16#13
 │  │  │  └─ OneHanded:16:16#14
 │  │  │     └─ FullscreenMagnification:16:16#15
 │  │  │        └─ Leaf:16:16#16
 │  │  ├─ OneHanded:17:17#17
 │  │  │  └─ FullscreenMagnification:17:17#18
 │  │  │     └─ Leaf:17:17#19
 │  │  │        └─ WindowToken{2b4bc0e type=2040 android.os.BinderProxy@6c12710}#74
 │  │  │           └─ 914862f NotificationShade#75
 │  │  ├─ HideDisplayCutout:18:23#20
 │  │  │  └─ OneHanded:18:23#21
 │  │  │     └─ FullscreenMagnification:18:23#22
 │  │  │        └─ Leaf:18:23#23
 │  │  ├─ Leaf:24:25#24
 │  │  │  ├─ WindowToken{405f72c type=2019 android.os.BinderProxy@f48f633}#91
 │  │  │  │  └─ Surface(name=2f17f39 Taskbar)/@0x3d2[...]mation-leash of insets_animation#154
 │  │  │  │     └─ 2f17f39 Taskbar#92
 │  │  │  │        └─ Taskbar#95
 │  │  │  └─ WindowToken{be8c5c8 type=2024 android.os.BinderProxy@a64466b}#72
 │  │  │     └─ 5df8586 EdgeBackGestureHandler0#73
 │  │  └─ HideDisplayCutout:26:31#25
 │  │     └─ OneHanded:26:31#26
 │  │        ├─ FullscreenMagnification:26:27#27
 │  │        │  └─ Leaf:26:27#28
 │  │        ├─ Leaf:28:28#29
 │  │        └─ FullscreenMagnification:29:31#30
 │  │           └─ Leaf:29:31#31
 │  ├─ HideDisplayCutout:32:35#32
 │  │  ├─ OneHanded:32:32#33
 │  │  │  └─ Leaf:32:32#34
 │  │  ├─ FullscreenMagnification:33:33#35
 │  │  │  └─ Leaf:33:33#36
 │  │  └─ OneHanded:34:35#37
 │  │     └─ FullscreenMagnification:34:35#38
 │  │        └─ Leaf:34:35#39
 │  ├─ Leaf:36:36#40
 │  ├─ Accessibility Overlays#44
 │  ├─ Input Overlays#43
 │  │  ├─ [Gesture Monitor] edge-swipe#71
 │  │  ├─ [Gesture Monitor] swipe-up#80
 │  │  └─ IME Handwriting Surface#106
 │  └─ Display Overlays#42
 ├─ Input Consumer recents_animation_input_consumer#86
 ├─ WindowToken{11160fc type=2024 android.os.BinderProxy@a763def}#58
 │  └─ edb4385 ScreenDecorOverlay#59
 │     └─ ScreenDecorOverlay#62
 └─ WindowToken{9d880df type=2024 android.os.BinderProxy@56337e}#60
    └─ 3ed012c ScreenDecorOverlayBottom#61
       └─ ScreenDecorOverlayBottom#69
Offscreen Hierarchy
 ROOT
 ├─ Surface(name=WallpaperWindowToken{5f[...]63})/@0x3b8dbb3_transition-leash#136
 ├─ Surface(name=a14a2c9 com.example.ada[...]imation-leash of starting_reveal#159
 ├─ TaskFragment{d87b768 mode=fullscreen}#141
 ├─ Task=10#111
 ├─ Surface(name=Task=1)/@0xc86111f_transition-leash#134
 └─ Surface(name=Task=10)/@0x6705d04_transition-leash#135

Display 4619827259835644672 (active) HWC layers:
---------------------------------------------------------------------------------------------------------------------------------------------------------------
 Layer name
           Z |  Window Type |  Comp Type |  Transform |   Disp Frame (LTRB) |          Source Crop (LTRB) |     Frame Rate (Explicit) (Seamlessness) [Focused]
---------------------------------------------------------------------------------------------------------------------------------------------------------------
 SurfaceView[com.example.adaptive_lea[...]ive_learner.MainActivity](BLAST)#157
           5 |            0 |     DEVICE |          0 |    0    0 1080 2400 |    0.0    0.0 1080.0 2400.0 |                                              [*]
---------------------------------------------------------------------------------------------------------------------------------------------------------------
 com.example.adaptive_learner/com.example.adaptive_learner.MainActivity#152
           6 |            1 |     DEVICE |          0 |    0    0 1080 2400 |    0.0    0.0 1080.0 2400.0 |                 NoVote           Default    [*]
---------------------------------------------------------------------------------------------------------------------------------------------------------------
 StatusBar#81
           7 |         2000 |     DEVICE |          0 |    0    0 1080  128 |    0.0    0.0 1080.0  128.0 |                                              [ ]
---------------------------------------------------------------------------------------------------------------------------------------------------------------
 Taskbar#95
           8 |         2019 |     DEVICE |          0 |    0 2337 1080 2400 |    0.0    0.0 1080.0   63.0 |                                              [ ]
---------------------------------------------------------------------------------------------------------------------------------------------------------------
 ScreenDecorOverlay#62
          12 |         2024 |     DEVICE |          0 |    0    0 1080  128 |    0.0    0.0 1080.0  128.0 |                                              [ ]
---------------------------------------------------------------------------------------------------------------------------------------------------------------
 ScreenDecorOverlayBottom#69
          13 |         2024 |     DEVICE |          0 |    0 2337 1080 2400 |    0.0    0.0 1080.0   63.0 |                                              [ ]
---------------------------------------------------------------------------------------------------------------------------------------------------------------

Displays (1 entries)
Display 4619827259835644672
    connectionType=Internal
    colorModes=
        ColorMode::NATIVE
    deviceProductInfo={name="EMU_display_0", manufacturerPnpId=GGL, productId=1, manufactureWeek=27, manufactureYear=2006, relativeAddress=[]}
    name="EMU_display_0"
    powerMode=On
    renderRate=60.00 Hz
    activeMode={id=0, hwcId=0, resolution=1080x2400, vsyncRate=60.00 Hz, dpi=420.00x420.00, group=0, vrrConfig=N/A}
    displayModes=
        {id=0, hwcId=0, resolution=1080x2400, vsyncRate=60.00 Hz, dpi=420.00x420.00, group=0, vrrConfig=N/A}
    displayManagerPolicy={defaultModeId=0, allowGroupSwitching=false, primaryRanges={physical=[0.00 Hz, inf Hz], render=[0.00 Hz, 60.00 Hz]}, appRequestRanges={physical=[0.00 Hz, inf Hz], render=[0.00 Hz, inf Hz]} idleScreenConfig=nullptr}
    frameRateOverrideConfig=Enabled
    idleTimer=
        interval=nullopt
        controller=Platform

Display 4619827259835644672 (physical, "EMU_display_0")
   Composition Display State:
   isEnabled=true isSecure=true usesDeviceComposition=true 
   usesClientComposition=false flipClientTarget=false reusedClientComposition=false 
   layerFilter={layerStack=0 toInternalDisplay=true }
   transform (ROT_0) (IDENTITY)
   layerStackSpace=ProjectionSpace{bounds=Rect(0, 0, 1080, 2400), content=Rect(0, 0, 1080, 2400), orientation=ROTATION_0} 
   framebufferSpace=ProjectionSpace{bounds=Rect(0, 0, 1080, 2400), content=Rect(0, 0, 1080, 2400), orientation=ROTATION_0} 
   orientedDisplaySpace=ProjectionSpace{bounds=Rect(0, 0, 1080, 2400), content=Rect(0, 0, 1080, 2400), orientation=ROTATION_0} 
   displaySpace=ProjectionSpace{bounds=Rect(0, 0, 1080, 2400), content=Rect(0, 0, 1080, 2400), orientation=ROTATION_0} 
   needsFiltering=false 
   colorMode=NATIVE (0) renderIntent=COLORIMETRIC (0) dataspace=UNKNOWN (0) 
   colorTransformMatrix=[[1.000,0.000,0.000,0.000][0.000,1.000,0.000,0.000][0.000,0.000,1.000,0.000][0.000,0.000,0.000,1.000]] 
   displayBrightnessNits=-1.000000 sdrWhitePointNits=-1.000000 clientTargetBrightness=1.000000 displayBrightness=nullopt 
   compositionStrategyPredictionState=DISABLED 
   
   treat170mAsSrgb=false 

   Composition Display Color State:
   HWC Support: wideColorGamut=false hdr10plus=false hdr10=false hlg=false dv=false metadata=0 
   Hdr Luminance Info:desiredMinLuminance=0.000000 desiredMaxLuminance=500.000000 desiredMaxAverageLuminance=500.000000 

   Composition RenderSurface State:
   size=[1080 2400] ANativeWindow=0x77d9e61e2230 (format 1) 
   FramebufferSurface
      mDataspace=Default (0)
      mAbandoned=0
      - BufferQueue mMaxAcquiredBufferCount=1 mMaxDequeuedBufferCount=1
        mDequeueBufferCannotBlock=0 mAsyncMode=0
        mQueueBufferCanDrop=0 mLegacyBufferDrop=1
        default-size=[1080x2400] default-format=1         transform-hint=00 frame-counter=2
        mTransformHintInUse=00 mAutoPrerotation=0
      FIFO(0):
      (mConsumerName=FramebufferSurface, mConnectedApi=1, mConsumerUsageBits=6656, mId=1d700000000, producer=[471:/system/bin/surfaceflinger], consumer=[471:/system/bin/surfaceflinger])
      Slots:
       >[00:0x77d8461e3410] state=ACQUIRED 0x77d8e61e0030 frame=2 [1080x2400:   0,  1]
        [01:0x77d8461e1370] state=FREE     0x77d8e61e0ff0 frame=1 [1080x2400:   0,  1]

   6 Layers
  - Output Layer 0x77d8b61f11c0(SurfaceView[com.example.adaptive_learner/com.example.adaptive_learner.MainActivity](BLAST)#157)
        Region visibleRegion (this=0x77d8b61f11d8, count=1)
    [  0,   0, 1080, 2400]
        Region visibleNonTransparentRegion (this=0x77d8b61f1240, count=1)
    [  0,   0, 1080, 2400]
        Region coveredRegion (this=0x77d8b61f12a8, count=1)
    [  0,   0, 1080, 2400]
        Region output visibleRegion (this=0x77d8b61f1380, count=1)
    [  0,   0, 1080, 2400]
        Region shadowRegion (this=0x77d8b61f13e8, count=1)
    [  0,   0,   0,   0]
        Region outputSpaceBlockingRegionHint (this=0x77d8b61f1480, count=1)
    [  0,   0,   0,   0]
      forceClientComposition=false clearClientTarget=false displayFrame=[0 0 1080 2400] sourceCrop=[0.000000 0.000000 1080.000000 2400.000000] bufferTransform=0 (0) dataspace=V0_SRGB (142671872) whitePointNits=-1.000000 dimmingRatio=1.000000 override buffer=0x0 override acquire fence=0x0 override display frame=[0 0 -1 -1] override dataspace=UNKNOWN (0) override display space=ProjectionSpace{bounds=Rect(0, 0, -1, -1), content=Rect(0, 0, -1, -1), orientation=ROTATION_0} override damage region=  Region  (this=0x77d8b61f1530, count=1)
    [  0,   0,  -1,  -1]
 override visible region=  Region  (this=0x77d8b61f1598, count=1)
    [  0,   0,   0,   0]
 override peekThroughLayer=0x0 override disableBackgroundBlur=false 
      hwc: layer=0x0818 composition=DEVICE (2) 
  - Output Layer 0x77d8b61f3860(com.example.adaptive_learner/com.example.adaptive_learner.MainActivity#152)
        Region visibleRegion (this=0x77d8b61f3878, count=1)
    [  0,   0, 1080, 2400]
        Region visibleNonTransparentRegion (this=0x77d8b61f38e0, count=1)
    [  0,   0, 1080, 2400]
        Region coveredRegion (this=0x77d8b61f3948, count=2)
    [  0,   0, 1080, 128]
    [  0, 2337, 1080, 2400]
        Region output visibleRegion (this=0x77d8b61f3a20, count=1)
    [  0,   0, 1080, 2400]
        Region shadowRegion (this=0x77d8b61f3a88, count=1)
    [  0,   0,   0,   0]
        Region outputSpaceBlockingRegionHint (this=0x77d8b61f3b20, count=1)
    [  0,   0,   0,   0]
      forceClientComposition=false clearClientTarget=false displayFrame=[0 0 1080 2400] sourceCrop=[0.000000 0.000000 1080.000000 2400.000000] bufferTransform=0 (0) dataspace=V0_SRGB (142671872) whitePointNits=-1.000000 dimmingRatio=1.000000 override buffer=0x0 override acquire fence=0x0 override display frame=[0 0 -1 -1] override dataspace=UNKNOWN (0) override display space=ProjectionSpace{bounds=Rect(0, 0, -1, -1), content=Rect(0, 0, -1, -1), orientation=ROTATION_0} override damage region=  Region  (this=0x77d8b61f3bd0, count=1)
    [  0,   0,  -1,  -1]
 override visible region=  Region  (this=0x77d8b61f3c38, count=1)
    [  0,   0,   0,   0]
 override peekThroughLayer=0x0 override disableBackgroundBlur=false 
      hwc: layer=0x0817 composition=DEVICE (2) 
  - Output Layer 0x77d8b61ee4b0(StatusBar#81)
        Region visibleRegion (this=0x77d8b61ee4c8, count=1)
    [  0,   0, 1080, 128]
        Region visibleNonTransparentRegion (this=0x77d8b61ee530, count=1)
    [  0,   0, 1080, 128]
        Region coveredRegion (this=0x77d8b61ee598, count=1)
    [  0,   0, 1080, 128]
        Region output visibleRegion (this=0x77d8b61ee670, count=1)
    [  0,   0, 1080, 128]
        Region shadowRegion (this=0x77d8b61ee6d8, count=1)
    [  0,   0,   0,   0]
        Region outputSpaceBlockingRegionHint (this=0x77d8b61ee770, count=1)
    [  0,   0,   0,   0]
      forceClientComposition=false clearClientTarget=false displayFrame=[0 0 1080 128] sourceCrop=[0.000000 0.000000 1080.000000 128.000000] bufferTransform=0 (0) dataspace=UNKNOWN (0) whitePointNits=-1.000000 dimmingRatio=1.000000 override buffer=0x0 override acquire fence=0x0 override display frame=[0 0 -1 -1] override dataspace=UNKNOWN (0) override display space=ProjectionSpace{bounds=Rect(0, 0, -1, -1), content=Rect(0, 0, -1, -1), orientation=ROTATION_0} override damage region=  Region  (this=0x77d8b61ee820, count=1)
    [  0,   0,  -1,  -1]
 override visible region=  Region  (this=0x77d8b61ee888, count=1)
    [  0,   0,   0,   0]
 override peekThroughLayer=0x0 override disableBackgroundBlur=false 
      hwc: layer=0x08d composition=DEVICE (2) 
  - Output Layer 0x77d8b61efe70(Taskbar#95)
        Region visibleRegion (this=0x77d8b61efe88, count=1)
    [  0, 2337, 1080, 2400]
        Region visibleNonTransparentRegion (this=0x77d8b61efef0, count=1)
    [  0, 2337, 1080, 2400]
        Region coveredRegion (this=0x77d8b61eff58, count=1)
    [  0, 2337, 1080, 2400]
        Region output visibleRegion (this=0x77d8b61f0030, count=1)
    [  0, 2337, 1080, 2400]
        Region shadowRegion (this=0x77d8b61f0098, count=1)
    [  0,   0,   0,   0]
        Region outputSpaceBlockingRegionHint (this=0x77d8b61f0130, count=1)
    [  0,   0,   0,   0]
      forceClientComposition=false clearClientTarget=false displayFrame=[0 2337 1080 2400] sourceCrop=[0.000000 0.000000 1080.000000 63.000000] bufferTransform=0 (0) dataspace=V0_SRGB (142671872) whitePointNits=-1.000000 dimmingRatio=1.000000 override buffer=0x0 override acquire fence=0x0 override display frame=[0 0 -1 -1] override dataspace=UNKNOWN (0) override display space=ProjectionSpace{bounds=Rect(0, 0, -1, -1), content=Rect(0, 0, -1, -1), orientation=ROTATION_0} override damage region=  Region  (this=0x77d8b61f01e0, count=1)
    [  0,   0,  -1,  -1]
 override visible region=  Region  (this=0x77d8b61f0248, count=1)
    [  0,   0,   0,   0]
 override peekThroughLayer=0x0 override disableBackgroundBlur=false 
      hwc: layer=0x08c composition=DEVICE (2) 
  - Output Layer 0x77d8b61e6a60(ScreenDecorOverlay#62)
        Region visibleRegion (this=0x77d8b61e6a78, count=1)
    [  0,   0, 1080, 128]
        Region visibleNonTransparentRegion (this=0x77d8b61e6ae0, count=1)
    [  0,   0, 1080, 128]
        Region coveredRegion (this=0x77d8b61e6b48, count=1)
    [  0,   0,   0,   0]
        Region output visibleRegion (this=0x77d8b61e6c20, count=1)
    [  0,   0, 1080, 128]
        Region shadowRegion (this=0x77d8b61e6c88, count=1)
    [  0,   0,   0,   0]
        Region outputSpaceBlockingRegionHint (this=0x77d8b61e6d20, count=1)
    [  0,   0,   0,   0]
      forceClientComposition=false clearClientTarget=false displayFrame=[0 0 1080 128] sourceCrop=[0.000000 0.000000 1080.000000 128.000000] bufferTransform=0 (0) dataspace=UNKNOWN (0) whitePointNits=-1.000000 dimmingRatio=1.000000 override buffer=0x0 override acquire fence=0x0 override display frame=[0 0 -1 -1] override dataspace=UNKNOWN (0) override display space=ProjectionSpace{bounds=Rect(0, 0, -1, -1), content=Rect(0, 0, -1, -1), orientation=ROTATION_0} override damage region=  Region  (this=0x77d8b61e6dd0, count=1)
    [  0,   0,  -1,  -1]
 override visible region=  Region  (this=0x77d8b61e6e38, count=1)
    [  0,   0,   0,   0]
 override peekThroughLayer=0x0 override disableBackgroundBlur=false 
      hwc: layer=0x082 composition=DEVICE (2) 
  - Output Layer 0x77d8b61ed160(ScreenDecorOverlayBottom#69)
        Region visibleRegion (this=0x77d8b61ed178, count=1)
    [  0, 2337, 1080, 2400]
        Region visibleNonTransparentRegion (this=0x77d8b61ed1e0, count=1)
    [  0, 2337, 1080, 2400]
        Region coveredRegion (this=0x77d8b61ed248, count=1)
    [  0,   0,   0,   0]
        Region output visibleRegion (this=0x77d8b61ed320, count=1)
    [  0, 2337, 1080, 2400]
        Region shadowRegion (this=0x77d8b61ed388, count=1)
    [  0,   0,   0,   0]
        Region outputSpaceBlockingRegionHint (this=0x77d8b61ed420, count=1)
    [  0,   0,   0,   0]
      forceClientComposition=false clearClientTarget=false displayFrame=[0 2337 1080 2400] sourceCrop=[0.000000 0.000000 1080.000000 63.000000] bufferTransform=0 (0) dataspace=UNKNOWN (0) whitePointNits=-1.000000 dimmingRatio=1.000000 override buffer=0x0 override acquire fence=0x0 override display frame=[0 0 -1 -1] override dataspace=UNKNOWN (0) override display space=ProjectionSpace{bounds=Rect(0, 0, -1, -1), content=Rect(0, 0, -1, -1), orientation=ROTATION_0} override damage region=  Region  (this=0x77d8b61ed4d0, count=1)
    [  0,   0,  -1,  -1]
 override visible region=  Region  (this=0x77d8b61ed538, count=1)
    [  0,   0,   0,   0]
 override peekThroughLayer=0x0 override disableBackgroundBlur=false 
      hwc: layer=0x084 composition=DEVICE (2) 


SurfaceFlinger global state:

 ------------RE GLES------------
EGL implementation : 1.4 Android META-EGL
EGL_ANDROID_front_buffer_auto_refresh EGL_ANDROID_get_native_client_buffer EGL_ANDROID_presentation_time EGL_EXT_surface_CTA861_3_metadata EGL_EXT_surface_SMPTE2086_metadata EGL_KHR_get_all_proc_addresses EGL_KHR_swap_buffers_with_damage EGL_ANDROID_get_frame_timestamps EGL_ANDROID_image_native_buffer EGL_ANDROID_native_fence_sync EGL_ANDROID_recordable EGL_KHR_create_context EGL_KHR_fence_sync EGL_KHR_gl_texture_2D_image EGL_KHR_image EGL_KHR_image_base 
GLES: Google (Google Inc.), Android Emulator OpenGL ES Translator (Google SwiftShader), OpenGL ES 3.0 (OpenGL ES 3.0 SwiftShader 4.0.0.1)
GL_EXT_debug_marker GL_EXT_robustness GL_OES_EGL_sync GL_OES_EGL_image GL_OES_EGL_image_external GL_OES_depth24 GL_OES_depth32 GL_OES_element_index_uint GL_OES_texture_float GL_OES_texture_float_linear GL_OES_compressed_paletted_texture GL_OES_compressed_ETC1_RGB8_texture GL_OES_depth_texture GL_OES_texture_half_float GL_OES_texture_half_float_linear GL_OES_packed_depth_stencil GL_OES_vertex_half_float GL_OES_standard_derivatives GL_OES_texture_npot GL_OES_rgb8_rgba8 GL_EXT_color_buffer_float GL_EXT_color_buffer_half_float GL_EXT_texture_format_BGRA8888 GL_APPLE_texture_format_BGRA8888 ANDROID_EMU_CHECKSUM_HELPER_v1 ANDROID_EMU_native_sync_v2 ANDROID_EMU_dma_v1 ANDROID_EMU_direct_mem ANDROID_EMU_host_composition_v1 ANDROID_EMU_host_composition_v2 ANDROID_EMU_YUV_Cache ANDROID_EMU_has_shared_slots_host_memory_allocator ANDROID_EMU_sync_buffer_data ANDROID_EMU_read_color_buffer_dma ANDROID_EMU_hwc_multi_configs ANDROID_EMU_hwc_color_transform GL_OES_EGL_image_external_essl3 GL_OES_vertex_array_object GL_KHR_texture_compression_astc_ldr ANDROID_EMU_host_side_tracing ANDROID_EMU_gles_max_version_3_0 
RenderEngine supports protected context: 0
RenderEngine is in protected context: 0
RenderEngine shaders cached since last dump/primeCache: 122
Skia CPU Caches:  0 bytes, 0.00 bytes (0.00 bytes is purgeable)
Skia's GPU Caches:  1403588 bytes, 1.34 MB (810.57 KB is purgeable)
  Texture/RenderBuffer: 712.00 KB (4 entries)
    skia/gpu_resources/resource_159/texture_renderbuffer: size[640.00 KB] type[RenderTarget] label[TextureRenderTarget_FullyLazyProxy] purgeable_size[640.00 KB] category[Scratch]
    skia/gpu_resources/resource_19/texture_renderbuffer: size[4.00 KB] type[RenderTarget] label[ResourceAllocatorRegister] purgeable_size[4.00 KB] category[Scratch]
    skia/gpu_resources/resource_18/texture_renderbuffer: size[4.00 KB] type[RenderTarget] label[ResourceAllocatorRegister] purgeable_size[4.00 KB] category[Scratch]
    skia/gpu_resources/resource_17/texture_renderbuffer: size[64.00 KB] type[RenderTarget] label[MakeDevice] purgeable_size[64.00 KB] category[Scratch]
  Texture: 32.19 KB (3 entries)
    skia/gpu_resources/resource_42/texture: size[64.00 bytes] type[Texture] label[ProxyProvider_CreateNonMippedProxyFromBitmap] purgeable_size[64.00 bytes] category[Image]
    skia/gpu_resources/resource_3/texture: size[32.00 KB] type[Texture] label[] purgeable_size[32.00 KB] category[Scratch]
    skia/gpu_resources/resource_11/texture: size[128.00 bytes] type[Texture] label[ProxyProvider_CreateNonMippedProxyFromBitmap] category[Scratch]
  Other: 626.50 KB (8 entries)
    skia/gpu_resources/resource_4: size[32.00 KB] type[Buffer Object] label[MakeGlBuffer] purgeable_size[32.00 KB] category[Scratch]
    skia/gpu_resources/resource_6: size[1.88 KB] type[Buffer Object] label[MakeGlBuffer] purgeable_size[1.88 KB] category[Other]
    skia/gpu_resources/resource_161: size[192.00 bytes] type[Buffer Object] label[MakeGlBuffer] purgeable_size[192.00 bytes] category[Other]
    skia/gpu_resources/resource_5: size[180.00 bytes] type[Buffer Object] label[MakeGlBuffer] purgeable_size[180.00 bytes] category[Other]
    skia/gpu_resources/resource_160: size[272.00 bytes] type[Buffer Object] label[MakeGlBuffer] purgeable_size[272.00 bytes] category[Other]
    skia/gpu_resources/resource_162: size[512.00 KB] type[StencilAttachment] label[GLAttachmentMakeStencil] category[Other]
    skia/gpu_resources/resource_12: size[32.00 KB] type[Buffer Object] label[MakeGlBuffer] purgeable_size[32.00 KB] category[Scratch]
    skia/gpu_resources/resource_250: size[48.00 KB] type[Buffer Object] label[MakeGlBuffer] category[Scratch]
Skia's Wrapped Objects:
  Texture/RenderBuffer: 19.79 MB (3 entries)
    skia/gpu_resources/resource_356/texture_renderbuffer: size[9.89 MB]
    skia/gpu_resources/resource_365/texture_renderbuffer: size[9.89 MB]
    skia/gpu_resources/resource_246/texture_renderbuffer: size[11.09 KB]
RenderEngine tracked buffers: 20
Dumping buffer ids...
- 0xebf00000002 - 1 refs 
- 0xebf00000000 - 1 refs 
- 0x1d700000000 - 1 refs 
- 0x1d700000001 - 1 refs 
- 0x35500000018 - 1 refs 
- 0x35500000014 - 1 refs 
- 0x35500000013 - 1 refs 
- 0x35500000016 - 1 refs 
- 0x44100000013 - 1 refs 
- 0x35500000017 - 1 refs 
- 0x44100000014 - 1 refs 
- 0x35500000015 - 1 refs 
- 0x3550000000d - 1 refs 
- 0x44100000012 - 1 refs 
- 0xebf00000001 - 1 refs 
- 0x3550000000a - 1 refs 
- 0xebf00000003 - 1 refs 
- 0x1d700000016 - 1 refs 
- 0x3550000000b - 1 refs 
- 0x35500000003 - 1 refs 
RenderEngine AHB/BackendTexture cache size: 20
Dumping buffer ids...
- 0xebf00000002
- 0xebf00000000
- 0x1d700000000
- 0x1d700000001
- 0x35500000018
- 0x35500000014
- 0x35500000013
- 0x35500000016
- 0x44100000013
- 0x35500000017
- 0x44100000014
- 0x35500000015
- 0x3550000000d
- 0x44100000012
- 0xebf00000001
- 0x3550000000a
- 0xebf00000003
- 0x1d700000016
- 0x3550000000b
- 0x35500000003

Skia's GPU Protected Caches:  0 bytes, 0.00 bytes (0.00 bytes is purgeable)
Skia's Protected Wrapped Objects:

RenderEngine runtime effects: 5
- inputDataspace: (deprecated) sRGB sRGB Full range
- outputDataspace: DCI-P3 sRGB Full range
undoPremultipliedAlpha: true
- inputDataspace: (deprecated) sRGB sRGB Full range
- outputDataspace: (deprecated) sRGB sRGB Full range
undoPremultipliedAlpha: true
- inputDataspace: (deprecated) sRGB sRGB Full range
- outputDataspace: (deprecated) sRGB sRGB Full range
undoPremultipliedAlpha: false
- inputDataspace: (deprecated) sRGB sRGB Full range
- outputDataspace: DCI-P3 sRGB Full range
undoPremultipliedAlpha: false
- inputDataspace: Default
- outputDataspace: (deprecated) sRGB sRGB Full range
undoPremultipliedAlpha: false

ClientCache state:
 Cache owner: 0x77da061f6960
	ID: 3663607103511, size: 1080x128
	ID: 3663607103508, size: 1080x128
	ID: 3663607103507, size: 1080x128
	ID: 3663607103512, size: 1080x128
	ID: 3663607103501, size: 1080x63
	ID: 3663607103510, size: 1080x128
	ID: 3663607103499, size: 1080x63
	ID: 3663607103509, size: 1080x128
	ID: 3663607103498, size: 1080x63
	ID: 3663607103491, size: 922x1024
 Cache owner: 0x77da061fbea0
	ID: 4677219385363, size: 1080x63
	ID: 4677219385364, size: 1080x63
	ID: 4677219385362, size: 1080x63
 Cache owner: 0x77da061fde40
 Cache owner: 0x77da061ff230
	ID: 16213501542403, size: 1080x2400
	ID: 16213501542400, size: 1080x2400
	ID: 16213501542402, size: 1080x2400
	ID: 16213501542401, size: 1080x2400
  Region undefinedRegion (this=0x77d9561e6c78, count=1)
    [  0,   0,   0,   0]
  orientation=ROTATION_0, isPoweredOn=1
  transaction-flags         : 00000000
  peak-refresh-rate         : 60.00 Hz
  x-dpi                     : 420.00
  y-dpi                     : 420.00
  transaction time: 0.000000 us

Transaction tracing: enabled
  queued transactions=0 created layers=0 states=0
  number of entries: 1300 (0.18MB / 0.50MB) duration: 729942ms

Planner is disabled
h/w composer state:
  h/w composer enabled
android.hardware.graphics.composer3.IComposer version:3 hash:d24fcd9648b8b2e7287f9238eee9180244612c10TODOOverlayProperties:
supportMixedColorSpaces: 0
SupportedBufferCombinations(0 entries)
GraphicBufferAllocator buffers:
        Handle |        Size |     W (Stride) x H | Layers |   Format |      Usage | Requestor
0x77d8e61e0030 |     unknown | 1080 (   0) x 2400 |      1 |        1 | 0x    1b00 | FramebufferSurface
0x77d8e61e0ff0 |     unknown | 1080 (   0) x 2400 |      1 |        1 | 0x    1b00 | FramebufferSurface
0x77d8e6208560 |   11.09 KiB |  284 ( 284) x   10 |      1 |        1 | 0x     303 | RegionSamplingThread
Total allocated by GraphicBufferAllocator (estimate): 11.09 KB
GoldfishAllocator::dumpDebugInfo is not implementedFlagManager values: 
use_adpf_cpu_hint: false
use_skia_tracing: false
refresh_rate_overlay_on_external_display: false
adpf_gpu_sf: true
adpf_use_fmq_channel: true
connected_display: true
enable_small_area_detection: true
frame_rate_category_mrr: false
misc1: true
vrr_config: true
hotplug2: true
hdcp_level_hal: false
multithreaded_present: true
add_sf_skipped_frames_to_trace: true
use_known_refresh_rate_for_fps_consistency: false
cache_when_source_crop_layer_only_moved: false
enable_fro_dependent_features: true
display_protected: true
fp16_client_target: false
game_default_frame_rate: true
enable_layer_command_batching: true
screenshot_fence_preservation: true
vulkan_renderengine: false
renderable_buffer_usage: false
vrr_bugfix_24q4: false
restore_blur_step: true
dont_skip_on_early_ro: true
protected_if_client: true
ce_fence_promise: true
idle_screen_refresh_rate_timeout: true
graphite_renderengine: false
latch_unsignaled_with_auto_refresh_changed: true
deprecate_vsync_sf: false
allow_n_vsyncs_in_targeter: false
detached_mirror: true
commit_not_composited: false
local_tonemap_screenshots: false
override_trusted_overlay: true
flush_buffer_slots_to_uncache: true
force_compile_graphite_renderengine: false
single_hop_screenshot: true
trace_frame_rate_override: false
TimeStats miniDump:
Number of layers currently being tracked is 0
Number of layers in the stats pool is 0

Window Infos:
  max send vsync id: -1
  max send delay (ns): 0 ns
  unsent messages: 0

