2026-09-26T15:04:37.7660782Z Current runner version: '2.337.0'
2026-09-26T15:04:37.7685058Z ##[group]Runner Image Provisioner
2026-09-26T15:04:37.7685901Z Hosted Compute Agent
2026-09-26T15:04:37.7686465Z Version: 20260828.587
2026-09-26T15:04:37.7687206Z Commit: abac92662cab4cc7352de4f9f9d2e2419aad9c29
2026-09-26T15:04:37.7688000Z Build Date: 2026-08-28T16:44:25Z
2026-09-26T15:04:37.7688725Z Worker ID: {021170e9-a537-4ee7-ae58-51884ef7eb51}
2026-09-26T15:04:37.7689426Z Azure Region: westus
2026-09-26T15:04:37.7690228Z ##[endgroup]
2026-09-26T15:04:37.7692308Z ##[group]Operating System
2026-09-26T15:04:37.7692997Z Ubuntu
2026-09-26T15:04:37.7693630Z 24.04.5
2026-09-26T15:04:37.7694212Z LTS
2026-09-26T15:04:37.7694784Z ##[endgroup]
2026-09-26T15:04:37.7695439Z ##[group]Runner Image
2026-09-26T15:04:37.7696136Z Image: ubuntu-24.04
2026-09-26T15:04:37.7696777Z Version: 20260920.314.1
2026-09-26T15:04:37.7698060Z Included Software: https://github.com/actions/runner-images/blob/ubuntu24/20260920.314/images/ubuntu/Ubuntu2404-Readme.md
2026-09-26T15:04:37.7700223Z Image Release: https://github.com/actions/runner-images/releases/tag/ubuntu24%2F20260920.314
2026-09-26T15:04:37.7701246Z ##[endgroup]
2026-09-26T15:04:37.7702388Z ##[group]GITHUB_TOKEN Permissions
2026-09-26T15:04:37.7704320Z Contents: read
2026-09-26T15:04:37.7704983Z Metadata: read
2026-09-26T15:04:37.7705584Z ##[endgroup]
2026-09-26T15:04:37.7707653Z Secret source: Actions
2026-09-26T15:04:37.7708689Z Cache mode: write
2026-09-26T15:04:37.7709363Z Prepare workflow directory
2026-09-26T15:04:37.8315387Z Prepare all required actions
2026-09-26T15:04:37.8366075Z Getting action download info
2026-09-26T15:04:38.1778178Z Download action repository 'actions/checkout@v4' (SHA:11d5960a326750d5838078e36cf38b85af677262)
2026-09-26T15:04:38.3130683Z Download action repository 'actions/setup-python@v5' (SHA:a26af69be951a213d495a4c3e4e4022e16d87065)
2026-09-26T15:04:38.4269113Z Download action repository 'actions/upload-artifact@v4' (SHA:ea165f8d65b6e75b540449e92b4886f43607fa02)
2026-09-26T15:04:38.6802161Z Complete job name: backend
2026-09-26T15:04:38.7299010Z ##[group]Checking docker version
2026-09-26T15:04:38.7312556Z ##[command]/usr/bin/docker version --format '{{.Server.APIVersion}}'
2026-09-26T15:04:38.8256709Z '1.48'
2026-09-26T15:04:38.8276108Z Docker daemon API version: '1.48'
2026-09-26T15:04:38.8277023Z ##[command]/usr/bin/docker version --format '{{.Client.APIVersion}}'
2026-09-26T15:04:38.8448786Z '1.48'
2026-09-26T15:04:38.8466200Z Docker client API version: '1.48'
2026-09-26T15:04:38.8473397Z ##[endgroup]
2026-09-26T15:04:38.8478461Z ##[group]Clean up resources from previous jobs
2026-09-26T15:04:38.8485894Z ##[command]/usr/bin/docker ps --all --quiet --no-trunc --filter "label=38c3c6"
2026-09-26T15:04:38.8657849Z ##[command]/usr/bin/docker network prune --force --filter "label=38c3c6"
2026-09-26T15:04:38.8820773Z ##[endgroup]
2026-09-26T15:04:38.8821310Z ##[group]Create local container network
2026-09-26T15:04:38.8832480Z ##[command]/usr/bin/docker network create --label 38c3c6 github_network_9c22e6e46b324396bfa4e7a4235e94fc
2026-09-26T15:04:38.9343342Z f119158686266b37ba29a0cb9cee8951a67019e2f1620b2a4fc821c9668cf6e4
2026-09-26T15:04:38.9364121Z ##[endgroup]
2026-09-26T15:04:38.9389299Z ##[group]Starting postgres service container
2026-09-26T15:04:38.9411543Z ##[command]/usr/bin/docker pull postgres:16.10
2026-09-26T15:04:39.9105420Z 16.10: Pulling from library/postgres
2026-09-26T15:04:40.1635398Z d7ecded7702a: Pulling fs layer
2026-09-26T15:04:40.1636066Z e07a799c53b4: Pulling fs layer
2026-09-26T15:04:40.1636611Z 31396154f97e: Pulling fs layer
2026-09-26T15:04:40.1637142Z bb0c101900e8: Pulling fs layer
2026-09-26T15:04:40.1637742Z 06b5c9b14922: Pulling fs layer
2026-09-26T15:04:40.1638313Z cdb0b4a7bc6e: Pulling fs layer
2026-09-26T15:04:40.1638868Z 5833aa2e911a: Pulling fs layer
2026-09-26T15:04:40.1639405Z 41c508b3d5ce: Pulling fs layer
2026-09-26T15:04:40.1640417Z 9b4b5d8be9ad: Pulling fs layer
2026-09-26T15:04:40.1640987Z bfe4361f6d87: Pulling fs layer
2026-09-26T15:04:40.1641536Z c0f2b25a983f: Pulling fs layer
2026-09-26T15:04:40.1643702Z fc3188bd5366: Pulling fs layer
2026-09-26T15:04:40.1644296Z e836c184e52a: Pulling fs layer
2026-09-26T15:04:40.1644937Z df933810a063: Pulling fs layer
2026-09-26T15:04:40.1645498Z bb0c101900e8: Waiting
2026-09-26T15:04:40.1645967Z 06b5c9b14922: Waiting
2026-09-26T15:04:40.1646449Z cdb0b4a7bc6e: Waiting
2026-09-26T15:04:40.1646861Z 5833aa2e911a: Waiting
2026-09-26T15:04:40.1647137Z 41c508b3d5ce: Waiting
2026-09-26T15:04:40.1647396Z 9b4b5d8be9ad: Waiting
2026-09-26T15:04:40.1647644Z bfe4361f6d87: Waiting
2026-09-26T15:04:40.1647893Z c0f2b25a983f: Waiting
2026-09-26T15:04:40.1648143Z fc3188bd5366: Waiting
2026-09-26T15:04:40.1648398Z e836c184e52a: Waiting
2026-09-26T15:04:40.1648651Z df933810a063: Waiting
2026-09-26T15:04:40.3771738Z e07a799c53b4: Verifying Checksum
2026-09-26T15:04:40.3790347Z e07a799c53b4: Download complete
2026-09-26T15:04:40.4006824Z 31396154f97e: Verifying Checksum
2026-09-26T15:04:40.4008287Z 31396154f97e: Download complete
2026-09-26T15:04:40.4643403Z d7ecded7702a: Verifying Checksum
2026-09-26T15:04:40.4644558Z d7ecded7702a: Download complete
2026-09-26T15:04:40.6013009Z bb0c101900e8: Verifying Checksum
2026-09-26T15:04:40.6013712Z bb0c101900e8: Download complete
2026-09-26T15:04:40.6451733Z 06b5c9b14922: Verifying Checksum
2026-09-26T15:04:40.6452618Z 06b5c9b14922: Download complete
2026-09-26T15:04:40.6765948Z cdb0b4a7bc6e: Verifying Checksum
2026-09-26T15:04:40.6770071Z cdb0b4a7bc6e: Download complete
2026-09-26T15:04:40.8225514Z 5833aa2e911a: Verifying Checksum
2026-09-26T15:04:40.8226167Z 5833aa2e911a: Download complete
2026-09-26T15:04:40.8543952Z 41c508b3d5ce: Verifying Checksum
2026-09-26T15:04:40.8545940Z 41c508b3d5ce: Download complete
2026-09-26T15:04:41.0445187Z bfe4361f6d87: Verifying Checksum
2026-09-26T15:04:41.0446500Z bfe4361f6d87: Download complete
2026-09-26T15:04:41.0597608Z c0f2b25a983f: Download complete
2026-09-26T15:04:41.2564604Z fc3188bd5366: Verifying Checksum
2026-09-26T15:04:41.2565049Z fc3188bd5366: Download complete
2026-09-26T15:04:41.2720656Z e836c184e52a: Download complete
2026-09-26T15:04:41.2756536Z 9b4b5d8be9ad: Verifying Checksum
2026-09-26T15:04:41.2757230Z 9b4b5d8be9ad: Download complete
2026-09-26T15:04:41.4601211Z df933810a063: Verifying Checksum
2026-09-26T15:04:41.4603427Z df933810a063: Download complete
2026-09-26T15:04:41.5768903Z d7ecded7702a: Pull complete
2026-09-26T15:04:41.8491569Z e07a799c53b4: Pull complete
2026-09-26T15:04:42.0272755Z 31396154f97e: Pull complete
2026-09-26T15:04:42.0686289Z bb0c101900e8: Pull complete
2026-09-26T15:04:42.3807771Z 06b5c9b14922: Pull complete
2026-09-26T15:04:42.4579732Z cdb0b4a7bc6e: Pull complete
2026-09-26T15:04:42.4649286Z 5833aa2e911a: Pull complete
2026-09-26T15:04:42.4755829Z 41c508b3d5ce: Pull complete
2026-09-26T15:04:45.4653467Z 9b4b5d8be9ad: Pull complete
2026-09-26T15:04:45.4778306Z bfe4361f6d87: Pull complete
2026-09-26T15:04:45.4913645Z c0f2b25a983f: Pull complete
2026-09-26T15:04:45.5016463Z fc3188bd5366: Pull complete
2026-09-26T15:04:45.5096630Z e836c184e52a: Pull complete
2026-09-26T15:04:45.5183124Z df933810a063: Pull complete
2026-09-26T15:04:45.5219746Z Digest: sha256:21f6013073bc6b92830a2129570e2f5ec42a6c734b5a985a41e83aa58f54c3c1
2026-09-26T15:04:45.5230441Z Status: Downloaded newer image for postgres:16.10
2026-09-26T15:04:45.5238029Z docker.io/library/postgres:16.10
2026-09-26T15:04:45.5295446Z ##[command]/usr/bin/docker create --name 1c2dc145d1b6458f8c716bd7d51e13c6_postgres1610_b8295d --label 38c3c6 --network github_network_9c22e6e46b324396bfa4e7a4235e94fc --network-alias postgres -p 5432:5432 --health-cmd "pg_isready -U mingo_app -d mingo" --health-interval 3s --health-timeout 3s --health-retries 20 -e "POSTGRES_USER=mingo_app" -e "POSTGRES_PASSWORD=ci_disposable_password" -e "POSTGRES_DB=mingo" -e GITHUB_ACTIONS=true -e CI=true postgres:16.10
2026-09-26T15:04:45.5533254Z 3cb840b43fc6a44b2b4fd9fb2f35f3c07577b058948f956c762158b835e14036
2026-09-26T15:04:45.5555887Z ##[command]/usr/bin/docker start 3cb840b43fc6a44b2b4fd9fb2f35f3c07577b058948f956c762158b835e14036
2026-09-26T15:04:45.8953752Z 3cb840b43fc6a44b2b4fd9fb2f35f3c07577b058948f956c762158b835e14036
2026-09-26T15:04:45.8976463Z ##[command]/usr/bin/docker ps --all --filter id=3cb840b43fc6a44b2b4fd9fb2f35f3c07577b058948f956c762158b835e14036 --filter status=running --no-trunc --format "{{.ID}} {{.Status}}"
2026-09-26T15:04:45.9118444Z 3cb840b43fc6a44b2b4fd9fb2f35f3c07577b058948f956c762158b835e14036 Up Less than a second (health: starting)
2026-09-26T15:04:45.9140728Z ##[command]/usr/bin/docker port 3cb840b43fc6a44b2b4fd9fb2f35f3c07577b058948f956c762158b835e14036
2026-09-26T15:04:45.9312894Z 5432/tcp -> 0.0.0.0:5432
2026-09-26T15:04:45.9313468Z 5432/tcp -> [::]:5432
2026-09-26T15:04:45.9373248Z ##[endgroup]
2026-09-26T15:04:45.9385241Z ##[group]Waiting for all services to be ready
2026-09-26T15:04:45.9401558Z ##[command]/usr/bin/docker inspect --format="{{if .Config.Healthcheck}}{{print .State.Health.Status}}{{end}}" 3cb840b43fc6a44b2b4fd9fb2f35f3c07577b058948f956c762158b835e14036
2026-09-26T15:04:45.9595683Z starting
2026-09-26T15:04:45.9625425Z postgres service is starting, waiting 2 seconds before checking again.
2026-09-26T15:04:47.9620240Z ##[command]/usr/bin/docker inspect --format="{{if .Config.Healthcheck}}{{print .State.Health.Status}}{{end}}" 3cb840b43fc6a44b2b4fd9fb2f35f3c07577b058948f956c762158b835e14036
2026-09-26T15:04:47.9746935Z starting
2026-09-26T15:04:47.9760546Z postgres service is starting, waiting 3 seconds before checking again.
2026-09-26T15:04:51.9220442Z ##[command]/usr/bin/docker inspect --format="{{if .Config.Healthcheck}}{{print .State.Health.Status}}{{end}}" 3cb840b43fc6a44b2b4fd9fb2f35f3c07577b058948f956c762158b835e14036
2026-09-26T15:04:51.9359374Z healthy
2026-09-26T15:04:51.9376678Z postgres service is healthy.
2026-09-26T15:04:51.9377572Z ##[endgroup]
2026-09-26T15:04:51.9765245Z ##[group]Run actions/checkout@v4
2026-09-26T15:04:51.9765814Z with:
2026-09-26T15:04:51.9766030Z   repository: Phucht59/mingo
2026-09-26T15:04:51.9768468Z   token: ***
2026-09-26T15:04:51.9768691Z   ssh-strict: true
2026-09-26T15:04:51.9768892Z   ssh-user: git
2026-09-26T15:04:51.9769098Z   persist-credentials: true
2026-09-26T15:04:51.9769326Z   clean: true
2026-09-26T15:04:51.9769832Z   sparse-checkout-cone-mode: true
2026-09-26T15:04:51.9770123Z   fetch-depth: 1
2026-09-26T15:04:51.9770316Z   fetch-tags: false
2026-09-26T15:04:51.9770521Z   show-progress: true
2026-09-26T15:04:51.9770732Z   lfs: false
2026-09-26T15:04:51.9770914Z   submodules: false
2026-09-26T15:04:51.9771116Z   set-safe-directory: true
2026-09-26T15:04:51.9771358Z   allow-unsafe-pr-checkout: false
2026-09-26T15:04:51.9771884Z env:
2026-09-26T15:04:51.9772394Z   TEST_DATABASE_URL: ***localhost:5432/mingo_test
2026-09-26T15:04:51.9772893Z   DATABASE_URL: ***localhost:5432/mingo
2026-09-26T15:04:51.9773286Z   OBJECT_STORAGE_ROOT: /home/runner/work/mingo/mingo/.local/objects
2026-09-26T15:04:51.9773643Z ##[endgroup]
2026-09-26T15:04:52.0894313Z Syncing repository: Phucht59/mingo
2026-09-26T15:04:52.0895612Z ##[group]Getting Git version info
2026-09-26T15:04:52.0895994Z Working directory is '/home/runner/work/mingo/mingo'
2026-09-26T15:04:52.0896535Z [command]/usr/bin/git version
2026-09-26T15:04:52.0992895Z git version 2.55.0
2026-09-26T15:04:52.1020571Z ##[endgroup]
2026-09-26T15:04:52.1037604Z Temporarily overriding HOME='/home/runner/work/_temp/f8ad4572-4218-442f-8298-80e091af8c72' before making global git config changes
2026-09-26T15:04:52.1038893Z Adding repository directory to the temporary git global config as a safe directory
2026-09-26T15:04:52.1043715Z [command]/usr/bin/git config --global --add safe.directory /home/runner/work/mingo/mingo
2026-09-26T15:04:52.1095574Z Deleting the contents of '/home/runner/work/mingo/mingo'
2026-09-26T15:04:52.1099362Z ##[group]Initializing the repository
2026-09-26T15:04:52.1104638Z [command]/usr/bin/git init /home/runner/work/mingo/mingo
2026-09-26T15:04:52.1228414Z hint: Using 'master' as the name for the initial branch. This default branch name
2026-09-26T15:04:52.1229948Z hint: will change to "main" in Git 3.0. To configure the initial branch name
2026-09-26T15:04:52.1230846Z hint: to use in all of your new repositories, which will suppress this warning,
2026-09-26T15:04:52.1231481Z hint: call:
2026-09-26T15:04:52.1231806Z hint:
2026-09-26T15:04:52.1232299Z hint: 	git config --global init.defaultBranch <name>
2026-09-26T15:04:52.1232836Z hint:
2026-09-26T15:04:52.1233329Z hint: Names commonly chosen instead of 'master' are 'main', 'trunk' and
2026-09-26T15:04:52.1234153Z hint: 'development'. The just-created branch can be renamed via this command:
2026-09-26T15:04:52.1234780Z hint:
2026-09-26T15:04:52.1235085Z hint: 	git branch -m <name>
2026-09-26T15:04:52.1235454Z hint:
2026-09-26T15:04:52.1235979Z hint: Disable this message with "git config set advice.defaultBranchName false"
2026-09-26T15:04:52.1241904Z Initialized empty Git repository in /home/runner/work/mingo/mingo/.git/
2026-09-26T15:04:52.1254195Z [command]/usr/bin/git remote add origin https://github.com/Phucht59/mingo
2026-09-26T15:04:52.1301950Z ##[endgroup]
2026-09-26T15:04:52.1302678Z ##[group]Disabling automatic garbage collection
2026-09-26T15:04:52.1307244Z [command]/usr/bin/git config --local gc.auto 0
2026-09-26T15:04:52.1346429Z ##[endgroup]
2026-09-26T15:04:52.1347152Z ##[group]Setting up auth
2026-09-26T15:04:52.1356521Z [command]/usr/bin/git config --local --name-only --get-regexp core\.sshCommand
2026-09-26T15:04:52.1389470Z [command]/usr/bin/git submodule foreach --recursive sh -c "git config --local --name-only --get-regexp 'core\.sshCommand' && git config --local --unset-all 'core.sshCommand' || :"
2026-09-26T15:04:52.1786466Z [command]/usr/bin/git config --local --name-only --get-regexp http\.https\:\/\/github\.com\/\.extraheader
2026-09-26T15:04:52.1833667Z [command]/usr/bin/git submodule foreach --recursive sh -c "git config --local --name-only --get-regexp 'http\.https\:\/\/github\.com\/\.extraheader' && git config --local --unset-all 'http.https://github.com/.extraheader' || :"
2026-09-26T15:04:52.2057979Z [command]/usr/bin/git config --local --name-only --get-regexp ^includeIf\.gitdir:
2026-09-26T15:04:52.2096030Z [command]/usr/bin/git submodule foreach --recursive git config --local --show-origin --name-only --get-regexp remote.origin.url
2026-09-26T15:04:52.2319403Z [command]/usr/bin/git config --local http.https://github.com/.extraheader AUTHORIZATION: basic ***
2026-09-26T15:04:52.2359946Z ##[endgroup]
2026-09-26T15:04:52.2360625Z ##[group]Fetching the repository
2026-09-26T15:04:52.2369300Z [command]/usr/bin/git -c protocol.version=2 fetch --no-tags --prune --no-recurse-submodules --depth=1 origin +4cdecb426d33b2996f4a3a72cc78da6a276b713f:refs/remotes/origin/main
2026-09-26T15:04:52.8319341Z From https://github.com/Phucht59/mingo
2026-09-26T15:04:52.8320546Z  * [new ref]         4cdecb426d33b2996f4a3a72cc78da6a276b713f -> origin/main
2026-09-26T15:04:52.8325788Z ##[endgroup]
2026-09-26T15:04:52.8326475Z ##[group]Determining the checkout info
2026-09-26T15:04:52.8329210Z ##[endgroup]
2026-09-26T15:04:52.8335211Z [command]/usr/bin/git sparse-checkout disable
2026-09-26T15:04:52.8390010Z [command]/usr/bin/git config --local --unset-all extensions.worktreeConfig
2026-09-26T15:04:52.8422316Z ##[group]Checking out the ref
2026-09-26T15:04:52.8426951Z [command]/usr/bin/git checkout --progress --force -B main refs/remotes/origin/main
2026-09-26T15:04:52.8628869Z Switched to a new branch 'main'
2026-09-26T15:04:52.8634386Z branch 'main' set up to track 'origin/main'.
2026-09-26T15:04:52.8640055Z ##[endgroup]
2026-09-26T15:04:52.8682803Z [command]/usr/bin/git log -1 --format=%H
2026-09-26T15:04:52.8710348Z 4cdecb426d33b2996f4a3a72cc78da6a276b713f
2026-09-26T15:04:52.8957025Z ##[group]Run actions/setup-python@v5
2026-09-26T15:04:52.8957316Z with:
2026-09-26T15:04:52.8957509Z   python-version: 3.12
2026-09-26T15:04:52.8957731Z   check-latest: false
2026-09-26T15:04:52.8960207Z   token: ***
2026-09-26T15:04:52.8960425Z   update-environment: true
2026-09-26T15:04:52.8960670Z   allow-prereleases: false
2026-09-26T15:04:52.8961086Z   freethreaded: false
2026-09-26T15:04:52.8961288Z env:
2026-09-26T15:04:52.8961747Z   TEST_DATABASE_URL: ***localhost:5432/mingo_test
2026-09-26T15:04:52.8962262Z   DATABASE_URL: ***localhost:5432/mingo
2026-09-26T15:04:52.8962616Z   OBJECT_STORAGE_ROOT: /home/runner/work/mingo/mingo/.local/objects
2026-09-26T15:04:52.8962954Z ##[endgroup]
2026-09-26T15:04:53.0296883Z ##[group]Installed versions
2026-09-26T15:04:53.0408721Z (node:2719) [DEP0040] DeprecationWarning: The `punycode` module is deprecated. Please use a userland alternative instead.
2026-09-26T15:04:53.0409917Z (Use `node --trace-deprecation ...` to show where the warning was created)
2026-09-26T15:04:53.0410530Z Successfully set up CPython (3.12.14)
2026-09-26T15:04:53.0411320Z ##[endgroup]
2026-09-26T15:04:53.0564648Z ##[group]Run pip install -r 05_code/backend/requirements.lock && pip install --no-deps ./05_code/backend
2026-09-26T15:04:53.0565472Z [36;1mpip install -r 05_code/backend/requirements.lock && pip install --no-deps ./05_code/backend[0m
2026-09-26T15:04:53.0841915Z shell: /usr/bin/bash -e {0}
2026-09-26T15:04:53.0842218Z env:
2026-09-26T15:04:53.0842874Z   TEST_DATABASE_URL: ***localhost:5432/mingo_test
2026-09-26T15:04:53.0843383Z   DATABASE_URL: ***localhost:5432/mingo
2026-09-26T15:04:53.0843741Z   OBJECT_STORAGE_ROOT: /home/runner/work/mingo/mingo/.local/objects
2026-09-26T15:04:53.0844161Z   pythonLocation: /opt/hostedtoolcache/Python/3.12.14/x64
2026-09-26T15:04:53.0844599Z   PKG_CONFIG_PATH: /opt/hostedtoolcache/Python/3.12.14/x64/lib/pkgconfig
2026-09-26T15:04:53.0845028Z   Python_ROOT_DIR: /opt/hostedtoolcache/Python/3.12.14/x64
2026-09-26T15:04:53.0845429Z   Python2_ROOT_DIR: /opt/hostedtoolcache/Python/3.12.14/x64
2026-09-26T15:04:53.0845883Z   Python3_ROOT_DIR: /opt/hostedtoolcache/Python/3.12.14/x64
2026-09-26T15:04:53.0846263Z   LD_LIBRARY_PATH: /opt/hostedtoolcache/Python/3.12.14/x64/lib
2026-09-26T15:04:53.0846606Z ##[endgroup]
2026-09-26T15:04:55.4111030Z Collecting annotated-doc==0.0.5 (from -r 05_code/backend/requirements.lock (line 1))
2026-09-26T15:04:55.4571127Z   Downloading annotated_doc-0.0.5-py3-none-any.whl.metadata (6.5 kB)
2026-09-26T15:04:55.4673951Z Collecting annotated-types==0.8.0 (from -r 05_code/backend/requirements.lock (line 2))
2026-09-26T15:04:55.4701272Z   Downloading annotated_types-0.8.0-py3-none-any.whl.metadata (15 kB)
2026-09-26T15:04:55.4887387Z Collecting anyio==4.15.1 (from -r 05_code/backend/requirements.lock (line 3))
2026-09-26T15:04:55.4914703Z   Downloading anyio-4.15.1-py3-none-any.whl.metadata (4.7 kB)
2026-09-26T15:04:55.5072288Z Collecting certifi==2026.7.22 (from -r 05_code/backend/requirements.lock (line 4))
2026-09-26T15:04:55.5098563Z   Downloading certifi-2026.7.22-py3-none-any.whl.metadata (2.5 kB)
2026-09-26T15:04:55.5239242Z Collecting click==8.5.0 (from -r 05_code/backend/requirements.lock (line 5))
2026-09-26T15:04:55.5266639Z   Downloading click-8.5.0-py3-none-any.whl.metadata (2.6 kB)
2026-09-26T15:04:55.5676167Z Collecting fastapi==0.141.1 (from -r 05_code/backend/requirements.lock (line 6))
2026-09-26T15:04:55.5706495Z   Downloading fastapi-0.141.1-py3-none-any.whl.metadata (27 kB)
2026-09-26T15:04:55.5857445Z Collecting h11==0.16.0 (from -r 05_code/backend/requirements.lock (line 7))
2026-09-26T15:04:55.5883662Z   Downloading h11-0.16.0-py3-none-any.whl.metadata (8.3 kB)
2026-09-26T15:04:55.6016201Z Collecting httpcore==1.0.9 (from -r 05_code/backend/requirements.lock (line 8))
2026-09-26T15:04:55.6044953Z   Downloading httpcore-1.0.9-py3-none-any.whl.metadata (21 kB)
2026-09-26T15:04:55.6202624Z Collecting httpx==0.28.1 (from -r 05_code/backend/requirements.lock (line 9))
2026-09-26T15:04:55.6327683Z   Downloading httpx-0.28.1-py3-none-any.whl.metadata (7.1 kB)
2026-09-26T15:04:55.6452049Z Collecting idna==3.20 (from -r 05_code/backend/requirements.lock (line 10))
2026-09-26T15:04:55.6480936Z   Downloading idna-3.20-py3-none-any.whl.metadata (7.2 kB)
2026-09-26T15:04:55.6577802Z Collecting iniconfig==2.3.0 (from -r 05_code/backend/requirements.lock (line 11))
2026-09-26T15:04:55.6606498Z   Downloading iniconfig-2.3.0-py3-none-any.whl.metadata (2.5 kB)
2026-09-26T15:04:55.6739629Z Collecting packaging==26.3 (from -r 05_code/backend/requirements.lock (line 12))
2026-09-26T15:04:55.6765530Z   Downloading packaging-26.3-py3-none-any.whl.metadata (3.5 kB)
2026-09-26T15:04:55.6870598Z Collecting pluggy==1.6.0 (from -r 05_code/backend/requirements.lock (line 13))
2026-09-26T15:04:55.6901108Z   Downloading pluggy-1.6.0-py3-none-any.whl.metadata (4.8 kB)
2026-09-26T15:04:55.7073525Z Collecting psycopg==3.3.6 (from -r 05_code/backend/requirements.lock (line 14))
2026-09-26T15:04:55.7103578Z   Downloading psycopg-3.3.6-py3-none-any.whl.metadata (4.4 kB)
2026-09-26T15:04:55.8565059Z Collecting psycopg-binary==3.3.6 (from -r 05_code/backend/requirements.lock (line 15))
2026-09-26T15:04:55.8594008Z   Downloading psycopg_binary-3.3.6-cp312-cp312-manylinux2014_x86_64.manylinux_2_17_x86_64.whl.metadata (2.7 kB)
2026-09-26T15:04:55.9513133Z Collecting pydantic==2.13.5 (from -r 05_code/backend/requirements.lock (line 16))
2026-09-26T15:04:55.9541931Z   Downloading pydantic-2.13.5-py3-none-any.whl.metadata (110 kB)
2026-09-26T15:04:56.5924995Z Collecting pydantic_core==2.46.5 (from -r 05_code/backend/requirements.lock (line 17))
2026-09-26T15:04:56.5956764Z   Downloading pydantic_core-2.46.5-cp312-cp312-manylinux_2_17_x86_64.manylinux2014_x86_64.whl.metadata (6.6 kB)
2026-09-26T15:04:56.6109132Z Collecting Pygments==2.21.0 (from -r 05_code/backend/requirements.lock (line 18))
2026-09-26T15:04:56.6136900Z   Downloading pygments-2.21.0-py3-none-any.whl.metadata (2.5 kB)
2026-09-26T15:04:56.6368932Z Collecting pytest==9.1.1 (from -r 05_code/backend/requirements.lock (line 19))
2026-09-26T15:04:56.6503887Z   Downloading pytest-9.1.1-py3-none-any.whl.metadata (7.6 kB)
2026-09-26T15:04:56.9558838Z Collecting ruff==0.16.8 (from -r 05_code/backend/requirements.lock (line 20))
2026-09-26T15:04:56.9592258Z   Downloading ruff-0.16.8-py3-none-manylinux_2_17_x86_64.manylinux2014_x86_64.whl.metadata (20 kB)
2026-09-26T15:04:56.9806037Z Collecting starlette==1.7.0 (from -r 05_code/backend/requirements.lock (line 21))
2026-09-26T15:04:56.9835877Z   Downloading starlette-1.7.0-py3-none-any.whl.metadata (6.6 kB)
2026-09-26T15:04:56.9943679Z Collecting typing-inspection==0.4.4 (from -r 05_code/backend/requirements.lock (line 22))
2026-09-26T15:04:56.9970981Z   Downloading typing_inspection-0.4.4-py3-none-any.whl.metadata (2.6 kB)
2026-09-26T15:04:57.0104681Z Collecting typing_extensions==4.16.0 (from -r 05_code/backend/requirements.lock (line 23))
2026-09-26T15:04:57.0352505Z   Downloading typing_extensions-4.16.0-py3-none-any.whl.metadata (3.3 kB)
2026-09-26T15:04:57.0550565Z Collecting uvicorn==0.53.0 (from -r 05_code/backend/requirements.lock (line 24))
2026-09-26T15:04:57.0581053Z   Downloading uvicorn-0.53.0-py3-none-any.whl.metadata (6.6 kB)
2026-09-26T15:04:57.0887107Z Downloading annotated_doc-0.0.5-py3-none-any.whl (5.3 kB)
2026-09-26T15:04:57.0936140Z Downloading annotated_types-0.8.0-py3-none-any.whl (13 kB)
2026-09-26T15:04:57.0985829Z Downloading anyio-4.15.1-py3-none-any.whl (132 kB)
2026-09-26T15:04:57.1052640Z Downloading certifi-2026.7.22-py3-none-any.whl (136 kB)
2026-09-26T15:04:57.1115774Z Downloading click-8.5.0-py3-none-any.whl (125 kB)
2026-09-26T15:04:57.1174757Z Downloading fastapi-0.141.1-py3-none-any.whl (131 kB)
2026-09-26T15:04:57.1233801Z Downloading h11-0.16.0-py3-none-any.whl (37 kB)
2026-09-26T15:04:57.1277521Z Downloading httpcore-1.0.9-py3-none-any.whl (78 kB)
2026-09-26T15:04:57.1337277Z Downloading httpx-0.28.1-py3-none-any.whl (73 kB)
2026-09-26T15:04:57.1384081Z Downloading idna-3.20-py3-none-any.whl (69 kB)
2026-09-26T15:04:57.1429268Z Downloading iniconfig-2.3.0-py3-none-any.whl (7.5 kB)
2026-09-26T15:04:57.1475743Z Downloading packaging-26.3-py3-none-any.whl (129 kB)
2026-09-26T15:04:57.1534106Z Downloading pluggy-1.6.0-py3-none-any.whl (20 kB)
2026-09-26T15:04:57.1577607Z Downloading psycopg-3.3.6-py3-none-any.whl (215 kB)
2026-09-26T15:04:57.1641719Z Downloading psycopg_binary-3.3.6-cp312-cp312-manylinux2014_x86_64.manylinux_2_17_x86_64.whl (5.2 MB)
2026-09-26T15:04:57.2011779Z    ━━━━━━━━━━━━━━━━━━━━━━━━━━━━━━━━━━━━━━━━ 5.2/5.2 MB 152.8 MB/s  0:00:00
2026-09-26T15:04:57.2042854Z Downloading pydantic-2.13.5-py3-none-any.whl (472 kB)
2026-09-26T15:04:57.2101193Z Downloading pydantic_core-2.46.5-cp312-cp312-manylinux_2_17_x86_64.manylinux2014_x86_64.whl (2.1 MB)
2026-09-26T15:04:57.2198962Z    ━━━━━━━━━━━━━━━━━━━━━━━━━━━━━━━━━━━━━━━━ 2.1/2.1 MB 235.7 MB/s  0:00:00
2026-09-26T15:04:57.2226366Z Downloading pygments-2.21.0-py3-none-any.whl (1.3 MB)
2026-09-26T15:04:57.2302395Z    ━━━━━━━━━━━━━━━━━━━━━━━━━━━━━━━━━━━━━━━━ 1.3/1.3 MB 190.7 MB/s  0:00:00
2026-09-26T15:04:57.2332456Z Downloading pytest-9.1.1-py3-none-any.whl (386 kB)
2026-09-26T15:04:57.2392935Z Downloading ruff-0.16.8-py3-none-manylinux_2_17_x86_64.manylinux2014_x86_64.whl (10.3 MB)
2026-09-26T15:04:57.2771983Z    ━━━━━━━━━━━━━━━━━━━━━━━━━━━━━━━━━━━━━━━━ 10.3/10.3 MB 284.6 MB/s  0:00:00
2026-09-26T15:04:57.2804721Z Downloading starlette-1.7.0-py3-none-any.whl (78 kB)
2026-09-26T15:04:57.2854895Z Downloading typing_inspection-0.4.4-py3-none-any.whl (14 kB)
2026-09-26T15:04:57.2903683Z Downloading typing_extensions-4.16.0-py3-none-any.whl (45 kB)
2026-09-26T15:04:57.2953940Z Downloading uvicorn-0.53.0-py3-none-any.whl (87 kB)
2026-09-26T15:04:57.5434924Z Installing collected packages: typing_extensions, ruff, Pygments, psycopg-binary, pluggy, packaging, iniconfig, idna, h11, click, certifi, annotated-types, annotated-doc, uvicorn, typing-inspection, pytest, pydantic_core, psycopg, httpcore, anyio, starlette, pydantic, httpx, fastapi
2026-09-26T15:05:00.0571062Z 
2026-09-26T15:05:00.0597461Z Successfully installed Pygments-2.21.0 annotated-doc-0.0.5 annotated-types-0.8.0 anyio-4.15.1 certifi-2026.7.22 click-8.5.0 fastapi-0.141.1 h11-0.16.0 httpcore-1.0.9 httpx-0.28.1 idna-3.20 iniconfig-2.3.0 packaging-26.3 pluggy-1.6.0 psycopg-3.3.6 psycopg-binary-3.3.6 pydantic-2.13.5 pydantic_core-2.46.5 pytest-9.1.1 ruff-0.16.8 starlette-1.7.0 typing-inspection-0.4.4 typing_extensions-4.16.0 uvicorn-0.53.0
2026-09-26T15:05:00.9870884Z Processing ./05_code/backend
2026-09-26T15:05:00.9888053Z   Installing build dependencies: started
2026-09-26T15:05:01.8042372Z   Installing build dependencies: finished with status 'done'
2026-09-26T15:05:01.8048005Z   Getting requirements to build wheel: started
2026-09-26T15:05:02.3758264Z   Getting requirements to build wheel: finished with status 'done'
2026-09-26T15:05:02.3768003Z   Preparing metadata (pyproject.toml): started
2026-09-26T15:05:02.5709986Z   Preparing metadata (pyproject.toml): finished with status 'done'
2026-09-26T15:05:02.5733463Z Building wheels for collected packages: adaptive-learning-foundation
2026-09-26T15:05:02.5741631Z   Building wheel for adaptive-learning-foundation (pyproject.toml): started
2026-09-26T15:05:02.7947335Z   Building wheel for adaptive-learning-foundation (pyproject.toml): finished with status 'done'
2026-09-26T15:05:02.7954295Z   Created wheel for adaptive-learning-foundation: filename=adaptive_learning_foundation-0.1.0-py3-none-any.whl size=9438 sha256=35da9dd3d978494499479545adf3edab429b152fa058c16208a965aef8ed38f4
2026-09-26T15:05:02.7956565Z   Stored in directory: /tmp/pip-ephem-wheel-cache-xu_o8lqk/wheels/da/28/d8/1186a7c001057d68410ec9faf510528a178ad2b30830987072
2026-09-26T15:05:02.7976516Z Successfully built adaptive-learning-foundation
2026-09-26T15:05:02.8086543Z Installing collected packages: adaptive-learning-foundation
2026-09-26T15:05:02.8228782Z Successfully installed adaptive-learning-foundation-0.1.0
2026-09-26T15:05:02.8815747Z ##[group]Run python -c "import psycopg; c=psycopg.connect('***localhost:5432/mingo', autocommit=True); c.execute('CREATE DATABASE mingo_test OWNER mingo_app'); c.close()"
2026-09-26T15:05:02.8817181Z [36;1mpython -c "import psycopg; c=psycopg.connect('***localhost:5432/mingo', autocommit=True); c.execute('CREATE DATABASE mingo_test OWNER mingo_app'); c.close()"[0m
2026-09-26T15:05:02.8882210Z shell: /usr/bin/bash -e {0}
2026-09-26T15:05:02.8882646Z env:
2026-09-26T15:05:02.8883110Z   TEST_DATABASE_URL: ***localhost:5432/mingo_test
2026-09-26T15:05:02.8883617Z   DATABASE_URL: ***localhost:5432/mingo
2026-09-26T15:05:02.8883980Z   OBJECT_STORAGE_ROOT: /home/runner/work/mingo/mingo/.local/objects
2026-09-26T15:05:02.8884404Z   pythonLocation: /opt/hostedtoolcache/Python/3.12.14/x64
2026-09-26T15:05:02.8884826Z   PKG_CONFIG_PATH: /opt/hostedtoolcache/Python/3.12.14/x64/lib/pkgconfig
2026-09-26T15:05:02.8885283Z   Python_ROOT_DIR: /opt/hostedtoolcache/Python/3.12.14/x64
2026-09-26T15:05:02.8885710Z   Python2_ROOT_DIR: /opt/hostedtoolcache/Python/3.12.14/x64
2026-09-26T15:05:02.8886105Z   Python3_ROOT_DIR: /opt/hostedtoolcache/Python/3.12.14/x64
2026-09-26T15:05:02.8886487Z   LD_LIBRARY_PATH: /opt/hostedtoolcache/Python/3.12.14/x64/lib
2026-09-26T15:05:02.8886812Z ##[endgroup]
2026-09-26T15:05:03.5447468Z ##[group]Run RUN_POSTGRES=1 bash 07_operations/scripts/verify_backend.sh
2026-09-26T15:05:03.5448011Z [36;1mRUN_POSTGRES=1 bash 07_operations/scripts/verify_backend.sh[0m
2026-09-26T15:05:03.5512458Z shell: /usr/bin/bash -e {0}
2026-09-26T15:05:03.5512710Z env:
2026-09-26T15:05:03.5513237Z   TEST_DATABASE_URL: ***localhost:5432/mingo_test
2026-09-26T15:05:03.5513722Z   DATABASE_URL: ***localhost:5432/mingo
2026-09-26T15:05:03.5514091Z   OBJECT_STORAGE_ROOT: /home/runner/work/mingo/mingo/.local/objects
2026-09-26T15:05:03.5514513Z   pythonLocation: /opt/hostedtoolcache/Python/3.12.14/x64
2026-09-26T15:05:03.5514949Z   PKG_CONFIG_PATH: /opt/hostedtoolcache/Python/3.12.14/x64/lib/pkgconfig
2026-09-26T15:05:03.5515380Z   Python_ROOT_DIR: /opt/hostedtoolcache/Python/3.12.14/x64
2026-09-26T15:05:03.5515759Z   Python2_ROOT_DIR: /opt/hostedtoolcache/Python/3.12.14/x64
2026-09-26T15:05:03.5516137Z   Python3_ROOT_DIR: /opt/hostedtoolcache/Python/3.12.14/x64
2026-09-26T15:05:03.5516572Z   LD_LIBRARY_PATH: /opt/hostedtoolcache/Python/3.12.14/x64/lib
2026-09-26T15:05:03.5516899Z ##[endgroup]
2026-09-26T15:05:03.5983099Z All checks passed!
2026-09-26T15:05:04.7488646Z ============================= test session starts ==============================
2026-09-26T15:05:04.7489303Z platform linux -- Python 3.12.14, pytest-9.1.1, pluggy-1.6.0
2026-09-26T15:05:04.7490319Z rootdir: /home/runner/work/mingo/mingo/05_code/backend
2026-09-26T15:05:04.7490753Z configfile: pyproject.toml
2026-09-26T15:05:04.7491060Z plugins: anyio-4.15.1
2026-09-26T15:05:04.7491332Z collected 16 items
2026-09-26T15:05:04.7491492Z 
2026-09-26T15:05:04.7583704Z 05_code/backend/tests/test_postgres.py ssssss                            [ 37%]
2026-09-26T15:05:04.8256801Z 05_code/backend/tests/test_unit.py ..........                            [100%]
2026-09-26T15:05:04.8257533Z 
2026-09-26T15:05:04.8257786Z =============================== warnings summary ===============================
2026-09-26T15:05:04.8258733Z ../../../../../opt/hostedtoolcache/Python/3.12.14/x64/lib/python3.12/site-packages/fastapi/testclient.py:1
2026-09-26T15:05:04.8260752Z   /opt/hostedtoolcache/Python/3.12.14/x64/lib/python3.12/site-packages/fastapi/testclient.py:1: StarletteDeprecationWarning: Using `httpx` with `starlette.testclient` is deprecated; install `httpx2` instead.
2026-09-26T15:05:04.8262375Z     from starlette.testclient import TestClient as TestClient  # noqa
2026-09-26T15:05:04.8262835Z 
2026-09-26T15:05:04.8263184Z -- Docs: https://docs.pytest.org/en/stable/how-to/capture-warnings.html
2026-09-26T15:05:04.8264138Z - generated xml file: /home/runner/work/mingo/mingo/06_quality/evidence/backend/backend-unit.xml -
2026-09-26T15:05:04.8265047Z =================== 10 passed, 6 skipped, 1 warning in 0.50s ===================
2026-09-26T15:05:05.5116053Z ============================= test session starts ==============================
2026-09-26T15:05:05.5116809Z platform linux -- Python 3.12.14, pytest-9.1.1, pluggy-1.6.0
2026-09-26T15:05:05.5117468Z rootdir: /home/runner/work/mingo/mingo/05_code/backend
2026-09-26T15:05:05.5117983Z configfile: pyproject.toml
2026-09-26T15:05:05.5118351Z plugins: anyio-4.15.1
2026-09-26T15:05:05.5119107Z collected 16 items / 10 deselected / 6 selected
2026-09-26T15:05:05.5119450Z 
2026-09-26T15:05:06.1736219Z 05_code/backend/tests/test_postgres.py ......                            [100%]
2026-09-26T15:05:06.1736941Z 
2026-09-26T15:05:06.1737274Z =============================== warnings summary ===============================
2026-09-26T15:05:06.1738070Z ../../../../../opt/hostedtoolcache/Python/3.12.14/x64/lib/python3.12/site-packages/fastapi/testclient.py:1
2026-09-26T15:05:06.1739975Z   /opt/hostedtoolcache/Python/3.12.14/x64/lib/python3.12/site-packages/fastapi/testclient.py:1: StarletteDeprecationWarning: Using `httpx` with `starlette.testclient` is deprecated; install `httpx2` instead.
2026-09-26T15:05:06.1741400Z     from starlette.testclient import TestClient as TestClient  # noqa
2026-09-26T15:05:06.1741808Z 
2026-09-26T15:05:06.1742583Z -- Docs: https://docs.pytest.org/en/stable/how-to/capture-warnings.html
2026-09-26T15:05:06.1743362Z - generated xml file: /home/runner/work/mingo/mingo/06_quality/evidence/postgres/postgres.xml -
2026-09-26T15:05:06.1744109Z ================= 6 passed, 10 deselected, 1 warning in 1.00s ==================
2026-09-26T15:05:06.4275596Z {"applied": ["001_runtime_probe.sql", "002_worker_heartbeat.sql"]}
2026-09-26T15:05:06.6241487Z {"job_id": "2e3106de-1af7-489a-acc5-41fc6ee70d69"}
2026-09-26T15:05:06.8182685Z {"time": "2026-09-26T15:05:06.818005+00:00", "level": "INFO", "event": "worker.started", "component": "worker", "request_id": null}
2026-09-26T15:05:06.8443591Z {"time": "2026-09-26T15:05:06.844072+00:00", "level": "INFO", "event": "job.completed", "component": "worker", "request_id": null}
2026-09-26T15:05:06.8448135Z {"time": "2026-09-26T15:05:06.844204+00:00", "level": "INFO", "event": "worker.stopped", "component": "worker", "request_id": null}
2026-09-26T15:05:08.0026581Z {"commit": "4cdecb426d33b2996f4a3a72cc78da6a276b713f", "live": {"status": 200, "body": {"status": "alive"}, "request_id": "df535af3-f3a9-4ed9-8f71-f552983dfb6f"}, "ready": {"status": 200, "body": {"status": "ready"}, "request_id": "640259d0-5f4d-462e-a026-0cefce54d025"}}
2026-09-26T15:05:08.1686119Z {"adapter": "local-object-store", "smoke": "passed"}
2026-09-26T15:05:08.1949980Z ##[group]Run python -m all_foundation.cli migrate
2026-09-26T15:05:08.1950405Z [36;1mpython -m all_foundation.cli migrate[0m
2026-09-26T15:05:08.2015091Z shell: /usr/bin/bash -e {0}
2026-09-26T15:05:08.2015344Z env:
2026-09-26T15:05:08.2016077Z   TEST_DATABASE_URL: ***localhost:5432/mingo_test
2026-09-26T15:05:08.2016589Z   DATABASE_URL: ***localhost:5432/mingo
2026-09-26T15:05:08.2016954Z   OBJECT_STORAGE_ROOT: /home/runner/work/mingo/mingo/.local/objects
2026-09-26T15:05:08.2017388Z   pythonLocation: /opt/hostedtoolcache/Python/3.12.14/x64
2026-09-26T15:05:08.2017834Z   PKG_CONFIG_PATH: /opt/hostedtoolcache/Python/3.12.14/x64/lib/pkgconfig
2026-09-26T15:05:08.2018273Z   Python_ROOT_DIR: /opt/hostedtoolcache/Python/3.12.14/x64
2026-09-26T15:05:08.2018667Z   Python2_ROOT_DIR: /opt/hostedtoolcache/Python/3.12.14/x64
2026-09-26T15:05:08.2019074Z   Python3_ROOT_DIR: /opt/hostedtoolcache/Python/3.12.14/x64
2026-09-26T15:05:08.2019784Z   LD_LIBRARY_PATH: /opt/hostedtoolcache/Python/3.12.14/x64/lib
2026-09-26T15:05:08.2020219Z ##[endgroup]
2026-09-26T15:05:08.3814958Z {"applied": []}
2026-09-26T15:05:08.4096732Z ##[group]Run python -m all_foundation.cli enqueue-probe --key ci-boot
2026-09-26T15:05:08.4097290Z [36;1mpython -m all_foundation.cli enqueue-probe --key ci-boot[0m
2026-09-26T15:05:08.4160059Z shell: /usr/bin/bash -e {0}
2026-09-26T15:05:08.4160312Z env:
2026-09-26T15:05:08.4160851Z   TEST_DATABASE_URL: ***localhost:5432/mingo_test
2026-09-26T15:05:08.4161345Z   DATABASE_URL: ***localhost:5432/mingo
2026-09-26T15:05:08.4161708Z   OBJECT_STORAGE_ROOT: /home/runner/work/mingo/mingo/.local/objects
2026-09-26T15:05:08.4162140Z   pythonLocation: /opt/hostedtoolcache/Python/3.12.14/x64
2026-09-26T15:05:08.4162564Z   PKG_CONFIG_PATH: /opt/hostedtoolcache/Python/3.12.14/x64/lib/pkgconfig
2026-09-26T15:05:08.4163193Z   Python_ROOT_DIR: /opt/hostedtoolcache/Python/3.12.14/x64
2026-09-26T15:05:08.4163579Z   Python2_ROOT_DIR: /opt/hostedtoolcache/Python/3.12.14/x64
2026-09-26T15:05:08.4163964Z   Python3_ROOT_DIR: /opt/hostedtoolcache/Python/3.12.14/x64
2026-09-26T15:05:08.4164377Z   LD_LIBRARY_PATH: /opt/hostedtoolcache/Python/3.12.14/x64/lib
2026-09-26T15:05:08.4164708Z ##[endgroup]
2026-09-26T15:05:08.5922319Z {"job_id": "3077260e-19a6-4c5d-b38f-8e55cb11e4cb"}
2026-09-26T15:05:08.6193203Z ##[group]Run python -m all_foundation.worker --once
2026-09-26T15:05:08.6193629Z [36;1mpython -m all_foundation.worker --once[0m
2026-09-26T15:05:08.6256118Z shell: /usr/bin/bash -e {0}
2026-09-26T15:05:08.6256368Z env:
2026-09-26T15:05:08.6256900Z   TEST_DATABASE_URL: ***localhost:5432/mingo_test
2026-09-26T15:05:08.6257398Z   DATABASE_URL: ***localhost:5432/mingo
2026-09-26T15:05:08.6257763Z   OBJECT_STORAGE_ROOT: /home/runner/work/mingo/mingo/.local/objects
2026-09-26T15:05:08.6258185Z   pythonLocation: /opt/hostedtoolcache/Python/3.12.14/x64
2026-09-26T15:05:08.6258650Z   PKG_CONFIG_PATH: /opt/hostedtoolcache/Python/3.12.14/x64/lib/pkgconfig
2026-09-26T15:05:08.6259092Z   Python_ROOT_DIR: /opt/hostedtoolcache/Python/3.12.14/x64
2026-09-26T15:05:08.6259673Z   Python2_ROOT_DIR: /opt/hostedtoolcache/Python/3.12.14/x64
2026-09-26T15:05:08.6260097Z   Python3_ROOT_DIR: /opt/hostedtoolcache/Python/3.12.14/x64
2026-09-26T15:05:08.6260570Z   LD_LIBRARY_PATH: /opt/hostedtoolcache/Python/3.12.14/x64/lib
2026-09-26T15:05:08.6260915Z ##[endgroup]
2026-09-26T15:05:08.8046392Z {"time": "2026-09-26T15:05:08.804375+00:00", "level": "INFO", "event": "worker.started", "component": "worker", "request_id": null}
2026-09-26T15:05:08.8331675Z {"time": "2026-09-26T15:05:08.832848+00:00", "level": "INFO", "event": "job.completed", "component": "worker", "request_id": null}
2026-09-26T15:05:08.8333002Z {"time": "2026-09-26T15:05:08.832943+00:00", "level": "INFO", "event": "worker.stopped", "component": "worker", "request_id": null}
2026-09-26T15:05:08.8605219Z ##[group]Run python 07_operations/scripts/smoke_api.py --expect-ready
2026-09-26T15:05:08.8605760Z [36;1mpython 07_operations/scripts/smoke_api.py --expect-ready[0m
2026-09-26T15:05:08.8667975Z shell: /usr/bin/bash -e {0}
2026-09-26T15:05:08.8668226Z env:
2026-09-26T15:05:08.8668754Z   TEST_DATABASE_URL: ***localhost:5432/mingo_test
2026-09-26T15:05:08.8669243Z   DATABASE_URL: ***localhost:5432/mingo
2026-09-26T15:05:08.8669890Z   OBJECT_STORAGE_ROOT: /home/runner/work/mingo/mingo/.local/objects
2026-09-26T15:05:08.8670325Z   pythonLocation: /opt/hostedtoolcache/Python/3.12.14/x64
2026-09-26T15:05:08.8670752Z   PKG_CONFIG_PATH: /opt/hostedtoolcache/Python/3.12.14/x64/lib/pkgconfig
2026-09-26T15:05:08.8671171Z   Python_ROOT_DIR: /opt/hostedtoolcache/Python/3.12.14/x64
2026-09-26T15:05:08.8671550Z   Python2_ROOT_DIR: /opt/hostedtoolcache/Python/3.12.14/x64
2026-09-26T15:05:08.8671942Z   Python3_ROOT_DIR: /opt/hostedtoolcache/Python/3.12.14/x64
2026-09-26T15:05:08.8672363Z   LD_LIBRARY_PATH: /opt/hostedtoolcache/Python/3.12.14/x64/lib
2026-09-26T15:05:08.8672700Z ##[endgroup]
2026-09-26T15:05:09.7111842Z {"commit": "4cdecb426d33b2996f4a3a72cc78da6a276b713f", "live": {"status": 200, "body": {"status": "alive"}, "request_id": "42071ed9-fcd7-4720-8753-3743c46a7087"}, "ready": {"status": 200, "body": {"status": "ready"}, "request_id": "2340e2c3-8f72-4fa8-81d6-a8b4a8773473"}}
2026-09-26T15:05:09.7258393Z ##[group]Run python -m all_foundation.cli storage-smoke
2026-09-26T15:05:09.7259146Z [36;1mpython -m all_foundation.cli storage-smoke[0m
2026-09-26T15:05:09.7325845Z shell: /usr/bin/bash -e {0}
2026-09-26T15:05:09.7326272Z env:
2026-09-26T15:05:09.7327159Z   TEST_DATABASE_URL: ***localhost:5432/mingo_test
2026-09-26T15:05:09.7328063Z   DATABASE_URL: ***localhost:5432/mingo
2026-09-26T15:05:09.7328669Z   OBJECT_STORAGE_ROOT: /home/runner/work/mingo/mingo/.local/objects
2026-09-26T15:05:09.7329364Z   pythonLocation: /opt/hostedtoolcache/Python/3.12.14/x64
2026-09-26T15:05:09.7330381Z   PKG_CONFIG_PATH: /opt/hostedtoolcache/Python/3.12.14/x64/lib/pkgconfig
2026-09-26T15:05:09.7331468Z   Python_ROOT_DIR: /opt/hostedtoolcache/Python/3.12.14/x64
2026-09-26T15:05:09.7332148Z   Python2_ROOT_DIR: /opt/hostedtoolcache/Python/3.12.14/x64
2026-09-26T15:05:09.7332847Z   Python3_ROOT_DIR: /opt/hostedtoolcache/Python/3.12.14/x64
2026-09-26T15:05:09.7333633Z   LD_LIBRARY_PATH: /opt/hostedtoolcache/Python/3.12.14/x64/lib
2026-09-26T15:05:09.7334231Z ##[endgroup]
2026-09-26T15:05:09.9088613Z {"adapter": "local-object-store", "smoke": "passed"}
2026-09-26T15:05:09.9389369Z ##[group]Run actions/upload-artifact@v4
2026-09-26T15:05:09.9389880Z with:
2026-09-26T15:05:09.9390098Z   name: backend-evidence
2026-09-26T15:05:09.9390339Z   path: 06_quality/evidence/
2026-09-26T15:05:09.9390575Z   if-no-files-found: warn
2026-09-26T15:05:09.9390805Z   compression-level: 6
2026-09-26T15:05:09.9391022Z   overwrite: false
2026-09-26T15:05:09.9391232Z   include-hidden-files: false
2026-09-26T15:05:09.9391458Z env:
2026-09-26T15:05:09.9392013Z   TEST_DATABASE_URL: ***localhost:5432/mingo_test
2026-09-26T15:05:09.9392512Z   DATABASE_URL: ***localhost:5432/mingo
2026-09-26T15:05:09.9392873Z   OBJECT_STORAGE_ROOT: /home/runner/work/mingo/mingo/.local/objects
2026-09-26T15:05:09.9393287Z   pythonLocation: /opt/hostedtoolcache/Python/3.12.14/x64
2026-09-26T15:05:09.9393728Z   PKG_CONFIG_PATH: /opt/hostedtoolcache/Python/3.12.14/x64/lib/pkgconfig
2026-09-26T15:05:09.9394152Z   Python_ROOT_DIR: /opt/hostedtoolcache/Python/3.12.14/x64
2026-09-26T15:05:09.9394559Z   Python2_ROOT_DIR: /opt/hostedtoolcache/Python/3.12.14/x64
2026-09-26T15:05:09.9394940Z   Python3_ROOT_DIR: /opt/hostedtoolcache/Python/3.12.14/x64
2026-09-26T15:05:09.9395315Z   LD_LIBRARY_PATH: /opt/hostedtoolcache/Python/3.12.14/x64/lib
2026-09-26T15:05:09.9395633Z ##[endgroup]
2026-09-26T15:05:10.1054974Z (node:3093) [DEP0040] DeprecationWarning: The `punycode` module is deprecated. Please use a userland alternative instead.
2026-09-26T15:05:10.1055696Z (Use `node --trace-deprecation ...` to show where the warning was created)
2026-09-26T15:05:10.1218515Z With the provided path, there will be 49 files uploaded
2026-09-26T15:05:10.1225838Z Artifact name is valid!
2026-09-26T15:05:10.1226376Z Root directory input is valid!
2026-09-26T15:05:10.5187590Z Beginning upload of artifact content to blob storage
2026-09-26T15:05:10.5931650Z (node:3093) [DEP0169] DeprecationWarning: `url.parse()` behavior is not standardized and prone to errors that have security implications. Use the WHATWG URL API instead. CVEs are not issued for `url.parse()` vulnerabilities.
2026-09-26T15:05:10.9322086Z Uploaded bytes 28104
2026-09-26T15:05:11.0087241Z Finished uploading artifact content to blob storage!
2026-09-26T15:05:11.0088665Z SHA256 digest of uploaded artifact zip is 02854b88c9f99e5f6180d5dc8793ee63637aac6595e9c3dbea3695b6277c7559
2026-09-26T15:05:11.0090341Z Finalizing artifact upload
2026-09-26T15:05:11.2677799Z Artifact backend-evidence.zip successfully finalized. Artifact ID 10908664145
2026-09-26T15:05:11.2679391Z Artifact backend-evidence has been successfully uploaded! Final size is 28104 bytes. Artifact ID is 10908664145
2026-09-26T15:05:11.2685734Z Artifact download URL: https://github.com/Phucht59/mingo/actions/runs/36250667211/artifacts/10908664145
2026-09-26T15:05:11.2857518Z Post job cleanup.
2026-09-26T15:05:11.4060375Z (node:3126) [DEP0040] DeprecationWarning: The `punycode` module is deprecated. Please use a userland alternative instead.
2026-09-26T15:05:11.4061327Z (Use `node --trace-deprecation ...` to show where the warning was created)
2026-09-26T15:05:11.4238661Z Post job cleanup.
2026-09-26T15:05:11.5221712Z [command]/usr/bin/git version
2026-09-26T15:05:11.5284334Z git version 2.55.0
2026-09-26T15:05:11.5338904Z Temporarily overriding HOME='/home/runner/work/_temp/33e128a9-0063-40a8-a979-a6ec0b39418d' before making global git config changes
2026-09-26T15:05:11.5340531Z Adding repository directory to the temporary git global config as a safe directory
2026-09-26T15:05:11.5348289Z [command]/usr/bin/git config --global --add safe.directory /home/runner/work/mingo/mingo
2026-09-26T15:05:11.5407642Z [command]/usr/bin/git config --local --name-only --get-regexp core\.sshCommand
2026-09-26T15:05:11.5450411Z [command]/usr/bin/git submodule foreach --recursive sh -c "git config --local --name-only --get-regexp 'core\.sshCommand' && git config --local --unset-all 'core.sshCommand' || :"
2026-09-26T15:05:11.5770524Z [command]/usr/bin/git config --local --name-only --get-regexp http\.https\:\/\/github\.com\/\.extraheader
2026-09-26T15:05:11.5791759Z http.https://github.com/.extraheader
2026-09-26T15:05:11.5805983Z [command]/usr/bin/git config --local --unset-all http.https://github.com/.extraheader
2026-09-26T15:05:11.5845262Z [command]/usr/bin/git submodule foreach --recursive sh -c "git config --local --name-only --get-regexp 'http\.https\:\/\/github\.com\/\.extraheader' && git config --local --unset-all 'http.https://github.com/.extraheader' || :"
2026-09-26T15:05:11.6115069Z [command]/usr/bin/git config --local --name-only --get-regexp ^includeIf\.gitdir:
2026-09-26T15:05:11.6158545Z [command]/usr/bin/git submodule foreach --recursive git config --local --show-origin --name-only --get-regexp remote.origin.url
2026-09-26T15:05:11.6555027Z Print service container logs: 1c2dc145d1b6458f8c716bd7d51e13c6_postgres1610_b8295d
2026-09-26T15:05:11.6559757Z ##[command]/usr/bin/docker logs --details 3cb840b43fc6a44b2b4fd9fb2f35f3c07577b058948f956c762158b835e14036
2026-09-26T15:05:11.6686755Z  The files belonging to this database system will be owned by user "postgres".
2026-09-26T15:05:11.6687630Z  This user must also own the server process.
2026-09-26T15:05:11.6688162Z  
2026-09-26T15:05:11.6688692Z  The database cluster will be initialized with locale "en_US.utf8".
2026-09-26T15:05:11.6689384Z  The default database encoding has accordingly been set to "UTF8".
2026-09-26T15:05:11.6690386Z  The default text search configuration will be set to "english".
2026-09-26T15:05:11.6691030Z  
2026-09-26T15:05:11.6691416Z  Data page checksums are disabled.
2026-09-26T15:05:11.6691782Z  
2026-09-26T15:05:11.6693085Z  initdb: warning: enabling "trust" authentication for local connections
2026-09-26T15:05:11.6693907Z  initdb: hint: You can change this by editing pg_hba.conf or using the option -A, or --auth-local and --auth-host, the next time you run initdb.
2026-09-26T15:05:11.6694896Z  2026-09-26 15:04:46.855 UTC [1] LOG:  starting PostgreSQL 16.10 (Debian 16.10-1.pgdg13+1) on x86_64-pc-linux-gnu, compiled by gcc (Debian 14.2.0-19) 14.2.0, 64-bit
2026-09-26T15:05:11.6695651Z  2026-09-26 15:04:46.855 UTC [1] LOG:  listening on IPv4 address "0.0.0.0", port 5432
2026-09-26T15:05:11.6696140Z  2026-09-26 15:04:46.855 UTC [1] LOG:  listening on IPv6 address "::", port 5432
2026-09-26T15:05:11.6696673Z  2026-09-26 15:04:46.856 UTC [1] LOG:  listening on Unix socket "/var/run/postgresql/.s.PGSQL.5432"
2026-09-26T15:05:11.6697266Z  2026-09-26 15:04:46.858 UTC [64] LOG:  database system was shut down at 2026-09-26 15:04:46 UTC
2026-09-26T15:05:11.6697810Z  2026-09-26 15:04:46.862 UTC [1] LOG:  database system is ready to accept connections
2026-09-26T15:05:11.6698424Z  2026-09-26 15:05:05.632 UTC [125] ERROR:  syntax error at or near "INVALID" at character 46
2026-09-26T15:05:11.6699027Z  2026-09-26 15:05:05.632 UTC [125] STATEMENT:  CREATE TABLE foundation.rolled_back(id int); INVALID SQL;
2026-09-26T15:05:11.6699886Z  fixing permissions on existing directory /var/lib/postgresql/data ... ok
2026-09-26T15:05:11.6700314Z  creating subdirectories ... ok
2026-09-26T15:05:11.6700975Z  selecting dynamic shared memory implementation ... posix
2026-09-26T15:05:11.6701624Z  selecting default max_connections ... 100
2026-09-26T15:05:11.6701973Z  selecting default shared_buffers ... 128MB
2026-09-26T15:05:11.6702268Z  selecting default time zone ... Etc/UTC
2026-09-26T15:05:11.6702628Z  creating configuration files ... ok
2026-09-26T15:05:11.6703112Z  running bootstrap script ... ok
2026-09-26T15:05:11.6703447Z  performing post-bootstrap initialization ... ok
2026-09-26T15:05:11.6704061Z  syncing data to disk ... ok
2026-09-26T15:05:11.6704292Z  
2026-09-26T15:05:11.6704461Z  
2026-09-26T15:05:11.6704686Z  Success. You can now start the database server using:
2026-09-26T15:05:11.6704987Z  
2026-09-26T15:05:11.6705221Z      pg_ctl -D /var/lib/postgresql/data -l logfile start
2026-09-26T15:05:11.6705526Z  
2026-09-26T15:05:11.6706175Z  waiting for server to start....2026-09-26 15:04:46.546 UTC [48] LOG:  starting PostgreSQL 16.10 (Debian 16.10-1.pgdg13+1) on x86_64-pc-linux-gnu, compiled by gcc (Debian 14.2.0-19) 14.2.0, 64-bit
2026-09-26T15:05:11.6707069Z  2026-09-26 15:04:46.546 UTC [48] LOG:  listening on Unix socket "/var/run/postgresql/.s.PGSQL.5432"
2026-09-26T15:05:11.6707656Z  2026-09-26 15:04:46.549 UTC [51] LOG:  database system was shut down at 2026-09-26 15:04:46 UTC
2026-09-26T15:05:11.6708180Z  2026-09-26 15:04:46.552 UTC [48] LOG:  database system is ready to accept connections
2026-09-26T15:05:11.6708557Z   done
2026-09-26T15:05:11.6708750Z  server started
2026-09-26T15:05:11.6708950Z  CREATE DATABASE
2026-09-26T15:05:11.6709142Z  
2026-09-26T15:05:11.6709314Z  
2026-09-26T15:05:11.6710107Z  /usr/local/bin/docker-entrypoint.sh: ignoring /docker-entrypoint-initdb.d/*
2026-09-26T15:05:11.6710530Z  
2026-09-26T15:05:11.6710783Z  2026-09-26 15:04:46.735 UTC [48] LOG:  received fast shutdown request
2026-09-26T15:05:11.6711327Z  waiting for server to shut down....2026-09-26 15:04:46.736 UTC [48] LOG:  aborting any active transactions
2026-09-26T15:05:11.6712157Z  2026-09-26 15:04:46.738 UTC [48] LOG:  background worker "logical replication launcher" (PID 54) exited with exit code 1
2026-09-26T15:05:11.6712721Z  2026-09-26 15:04:46.738 UTC [49] LOG:  shutting down
2026-09-26T15:05:11.6713212Z  2026-09-26 15:04:46.738 UTC [49] LOG:  checkpoint starting: shutdown immediate
2026-09-26T15:05:11.6714386Z  2026-09-26 15:04:46.753 UTC [49] LOG:  checkpoint complete: wrote 926 buffers (5.7%); 0 WAL file(s) added, 0 removed, 0 recycled; write=0.012 s, sync=0.002 s, total=0.015 s; sync files=301, longest=0.001 s, average=0.001 s; distance=4273 kB, estimate=4273 kB; lsn=0/191F0D8, redo lsn=0/191F0D8
2026-09-26T15:05:11.6715503Z  2026-09-26 15:04:46.759 UTC [48] LOG:  database system is shut down
2026-09-26T15:05:11.6715841Z   done
2026-09-26T15:05:11.6716027Z  server stopped
2026-09-26T15:05:11.6716222Z  
2026-09-26T15:05:11.6716459Z  PostgreSQL init process complete; ready for start up.
2026-09-26T15:05:11.6716764Z  
2026-09-26T15:05:11.6723037Z Stop and remove container: 1c2dc145d1b6458f8c716bd7d51e13c6_postgres1610_b8295d
2026-09-26T15:05:11.6728564Z ##[command]/usr/bin/docker rm --force 3cb840b43fc6a44b2b4fd9fb2f35f3c07577b058948f956c762158b835e14036
2026-09-26T15:05:11.8769992Z 3cb840b43fc6a44b2b4fd9fb2f35f3c07577b058948f956c762158b835e14036
2026-09-26T15:05:11.8797165Z Remove container network: github_network_9c22e6e46b324396bfa4e7a4235e94fc
2026-09-26T15:05:11.8801875Z ##[command]/usr/bin/docker network rm github_network_9c22e6e46b324396bfa4e7a4235e94fc
2026-09-26T15:05:11.9864526Z github_network_9c22e6e46b324396bfa4e7a4235e94fc
2026-09-26T15:05:11.9938554Z Cleaning up orphan processes
2026-09-26T15:05:12.0271409Z ##[warning]Node.js 20 is deprecated. The following actions target Node.js 20 but are being forced to run on Node.js 24: actions/checkout@v4, actions/setup-python@v5, actions/upload-artifact@v4. For more information see: https://github.blog/changelog/2025-09-19-deprecation-of-node-20-on-github-actions-runners/
