2026-09-26T15:04:44.8454964Z Current runner version: '2.337.0'
2026-09-26T15:04:44.8479652Z ##[group]Runner Image Provisioner
2026-09-26T15:04:44.8480594Z Hosted Compute Agent
2026-09-26T15:04:44.8481379Z Version: 20260828.587
2026-09-26T15:04:44.8482039Z Commit: abac92662cab4cc7352de4f9f9d2e2419aad9c29
2026-09-26T15:04:44.8482768Z Build Date: 2026-08-28T16:44:25Z
2026-09-26T15:04:44.8483532Z Worker ID: {3bc48cef-cbaa-4031-b24c-bda7c860b28e}
2026-09-26T15:04:44.8484265Z Azure Region: westus
2026-09-26T15:04:44.8484875Z ##[endgroup]
2026-09-26T15:04:44.8486543Z ##[group]Operating System
2026-09-26T15:04:44.8487217Z Ubuntu
2026-09-26T15:04:44.8487829Z 24.04.5
2026-09-26T15:04:44.8488355Z LTS
2026-09-26T15:04:44.8488974Z ##[endgroup]
2026-09-26T15:04:44.8490108Z ##[group]Runner Image
2026-09-26T15:04:44.8490755Z Image: ubuntu-24.04
2026-09-26T15:04:44.8491399Z Version: 20260920.314.1
2026-09-26T15:04:44.8492677Z Included Software: https://github.com/actions/runner-images/blob/ubuntu24/20260920.314/images/ubuntu/Ubuntu2404-Readme.md
2026-09-26T15:04:44.8494326Z Image Release: https://github.com/actions/runner-images/releases/tag/ubuntu24%2F20260920.314
2026-09-26T15:04:44.8495314Z ##[endgroup]
2026-09-26T15:04:44.8496473Z ##[group]GITHUB_TOKEN Permissions
2026-09-26T15:04:44.8498765Z Contents: read
2026-09-26T15:04:44.8499778Z Metadata: read
2026-09-26T15:04:44.8500365Z ##[endgroup]
2026-09-26T15:04:44.8502524Z Secret source: Actions
2026-09-26T15:04:44.8503536Z Cache mode: write
2026-09-26T15:04:44.8504385Z Prepare workflow directory
2026-09-26T15:04:44.8844967Z Prepare all required actions
2026-09-26T15:04:44.8895173Z Getting action download info
2026-09-26T15:04:45.2661813Z Download action repository 'actions/checkout@v4' (SHA:11d5960a326750d5838078e36cf38b85af677262)
2026-09-26T15:04:45.3894294Z Download action repository 'subosito/flutter-action@v2' (SHA:1a449444c387b1966244ae4d4f8c696479add0b2)
2026-09-26T15:04:45.7771127Z Getting action download info
2026-09-26T15:04:45.9196391Z Download action repository 'actions/cache@v5' (SHA:caa296126883cff596d87d8935842f9db880ef25)
2026-09-26T15:04:46.0900054Z Complete job name: flutter (learner)
2026-09-26T15:04:46.1762352Z ##[group]Run actions/checkout@v4
2026-09-26T15:04:46.1763489Z with:
2026-09-26T15:04:46.1763990Z   repository: Phucht59/mingo
2026-09-26T15:04:46.1773442Z   token: ***
2026-09-26T15:04:46.1773937Z   ssh-strict: true
2026-09-26T15:04:46.1774445Z   ssh-user: git
2026-09-26T15:04:46.1774971Z   persist-credentials: true
2026-09-26T15:04:46.1775568Z   clean: true
2026-09-26T15:04:46.1776095Z   sparse-checkout-cone-mode: true
2026-09-26T15:04:46.1776781Z   fetch-depth: 1
2026-09-26T15:04:46.1777287Z   fetch-tags: false
2026-09-26T15:04:46.1777807Z   show-progress: true
2026-09-26T15:04:46.1778346Z   lfs: false
2026-09-26T15:04:46.1778820Z   submodules: false
2026-09-26T15:04:46.1779541Z   set-safe-directory: true
2026-09-26T15:04:46.1780192Z   allow-unsafe-pr-checkout: false
2026-09-26T15:04:46.1781176Z ##[endgroup]
2026-09-26T15:04:46.2853302Z Syncing repository: Phucht59/mingo
2026-09-26T15:04:46.2855469Z ##[group]Getting Git version info
2026-09-26T15:04:46.2856505Z Working directory is '/home/runner/work/mingo/mingo'
2026-09-26T15:04:46.2857821Z [command]/usr/bin/git version
2026-09-26T15:04:46.2995749Z git version 2.55.0
2026-09-26T15:04:46.3020439Z ##[endgroup]
2026-09-26T15:04:46.3037092Z Temporarily overriding HOME='/home/runner/work/_temp/0c1e1a74-2d30-4a9a-84d1-d6cfdc536f54' before making global git config changes
2026-09-26T15:04:46.3041633Z Adding repository directory to the temporary git global config as a safe directory
2026-09-26T15:04:46.3044843Z [command]/usr/bin/git config --global --add safe.directory /home/runner/work/mingo/mingo
2026-09-26T15:04:46.3096375Z Deleting the contents of '/home/runner/work/mingo/mingo'
2026-09-26T15:04:46.3107306Z ##[group]Initializing the repository
2026-09-26T15:04:46.3110397Z [command]/usr/bin/git init /home/runner/work/mingo/mingo
2026-09-26T15:04:46.3237374Z hint: Using 'master' as the name for the initial branch. This default branch name
2026-09-26T15:04:46.3241632Z hint: will change to "main" in Git 3.0. To configure the initial branch name
2026-09-26T15:04:46.3244731Z hint: to use in all of your new repositories, which will suppress this warning,
2026-09-26T15:04:46.3247052Z hint: call:
2026-09-26T15:04:46.3248758Z hint:
2026-09-26T15:04:46.3250751Z hint: 	git config --global init.defaultBranch <name>
2026-09-26T15:04:46.3252801Z hint:
2026-09-26T15:04:46.3254666Z hint: Names commonly chosen instead of 'master' are 'main', 'trunk' and
2026-09-26T15:04:46.3257636Z hint: 'development'. The just-created branch can be renamed via this command:
2026-09-26T15:04:46.3260270Z hint:
2026-09-26T15:04:46.3261841Z hint: 	git branch -m <name>
2026-09-26T15:04:46.3263280Z hint:
2026-09-26T15:04:46.3265013Z hint: Disable this message with "git config set advice.defaultBranchName false"
2026-09-26T15:04:46.3268232Z Initialized empty Git repository in /home/runner/work/mingo/mingo/.git/
2026-09-26T15:04:46.3274164Z [command]/usr/bin/git remote add origin https://github.com/Phucht59/mingo
2026-09-26T15:04:46.3313714Z ##[endgroup]
2026-09-26T15:04:46.3315462Z ##[group]Disabling automatic garbage collection
2026-09-26T15:04:46.3317641Z [command]/usr/bin/git config --local gc.auto 0
2026-09-26T15:04:46.3354893Z ##[endgroup]
2026-09-26T15:04:46.3356868Z ##[group]Setting up auth
2026-09-26T15:04:46.3374384Z [command]/usr/bin/git config --local --name-only --get-regexp core\.sshCommand
2026-09-26T15:04:46.3396903Z [command]/usr/bin/git submodule foreach --recursive sh -c "git config --local --name-only --get-regexp 'core\.sshCommand' && git config --local --unset-all 'core.sshCommand' || :"
2026-09-26T15:04:46.3771352Z [command]/usr/bin/git config --local --name-only --get-regexp http\.https\:\/\/github\.com\/\.extraheader
2026-09-26T15:04:46.3810948Z [command]/usr/bin/git submodule foreach --recursive sh -c "git config --local --name-only --get-regexp 'http\.https\:\/\/github\.com\/\.extraheader' && git config --local --unset-all 'http.https://github.com/.extraheader' || :"
2026-09-26T15:04:46.4034901Z [command]/usr/bin/git config --local --name-only --get-regexp ^includeIf\.gitdir:
2026-09-26T15:04:46.4070802Z [command]/usr/bin/git submodule foreach --recursive git config --local --show-origin --name-only --get-regexp remote.origin.url
2026-09-26T15:04:46.4297585Z [command]/usr/bin/git config --local http.https://github.com/.extraheader AUTHORIZATION: basic ***
2026-09-26T15:04:46.4337613Z ##[endgroup]
2026-09-26T15:04:46.4338592Z ##[group]Fetching the repository
2026-09-26T15:04:46.4348467Z [command]/usr/bin/git -c protocol.version=2 fetch --no-tags --prune --no-recurse-submodules --depth=1 origin +4cdecb426d33b2996f4a3a72cc78da6a276b713f:refs/remotes/origin/main
2026-09-26T15:04:46.9143268Z From https://github.com/Phucht59/mingo
2026-09-26T15:04:46.9144327Z  * [new ref]         4cdecb426d33b2996f4a3a72cc78da6a276b713f -> origin/main
2026-09-26T15:04:46.9149317Z ##[endgroup]
2026-09-26T15:04:46.9150378Z ##[group]Determining the checkout info
2026-09-26T15:04:46.9154107Z ##[endgroup]
2026-09-26T15:04:46.9162265Z [command]/usr/bin/git sparse-checkout disable
2026-09-26T15:04:46.9223176Z [command]/usr/bin/git config --local --unset-all extensions.worktreeConfig
2026-09-26T15:04:46.9261262Z ##[group]Checking out the ref
2026-09-26T15:04:46.9268005Z [command]/usr/bin/git checkout --progress --force -B main refs/remotes/origin/main
2026-09-26T15:04:46.9476535Z Switched to a new branch 'main'
2026-09-26T15:04:46.9481958Z branch 'main' set up to track 'origin/main'.
2026-09-26T15:04:46.9489996Z ##[endgroup]
2026-09-26T15:04:46.9542626Z [command]/usr/bin/git log -1 --format=%H
2026-09-26T15:04:46.9578966Z 4cdecb426d33b2996f4a3a72cc78da6a276b713f
2026-09-26T15:04:47.0007807Z ##[group]Run subosito/flutter-action@v2
2026-09-26T15:04:47.0008195Z with:
2026-09-26T15:04:47.0008454Z   flutter-version: 3.32.8
2026-09-26T15:04:47.0008740Z   channel: stable
2026-09-26T15:04:47.0009005Z   architecture: X64
2026-09-26T15:04:47.0009468Z   cache: false
2026-09-26T15:04:47.0009731Z   pub-cache-path: default
2026-09-26T15:04:47.0010201Z   dry-run: false
2026-09-26T15:04:47.0010533Z   git-source: https://github.com/flutter/flutter.git
2026-09-26T15:04:47.0010903Z ##[endgroup]
2026-09-26T15:04:47.0068766Z ##[start-action display=Make yq tool available on Windows runners;id=__subosito_flutter-action.__run]
2026-09-26T15:04:47.0092001Z ##[end-action id=__subosito_flutter-action.__run;outcome=skipped;conclusion=skipped;duration_ms=0]
2026-09-26T15:04:47.0094529Z ##[start-action display=Make setup script executable;id=__subosito_flutter-action.__run_2]
2026-09-26T15:04:47.0130676Z ##[group]Run chmod +x "$GITHUB_ACTION_PATH/setup.sh"
2026-09-26T15:04:47.0131205Z [36;1mchmod +x "$GITHUB_ACTION_PATH/setup.sh"[0m
2026-09-26T15:04:47.0431436Z shell: /usr/bin/bash --noprofile --norc -e -o pipefail {0}
2026-09-26T15:04:47.0431995Z ##[endgroup]
2026-09-26T15:04:47.0565730Z ##[end-action id=__subosito_flutter-action.__run_2;outcome=success;conclusion=success;duration_ms=46]
2026-09-26T15:04:47.0568565Z ##[start-action display=Set action inputs;id=__subosito_flutter-action.flutter-action]
2026-09-26T15:04:47.0610619Z ##[group]Run $GITHUB_ACTION_PATH/setup.sh -p \
2026-09-26T15:04:47.0611145Z [36;1m$GITHUB_ACTION_PATH/setup.sh -p \[0m
2026-09-26T15:04:47.0611503Z [36;1m  -n '3.32.8' \[0m
2026-09-26T15:04:47.0611780Z [36;1m  -f '' \[0m
2026-09-26T15:04:47.0612047Z [36;1m  -a 'X64' \[0m
2026-09-26T15:04:47.0612307Z [36;1m  -k '' \[0m
2026-09-26T15:04:47.0612562Z [36;1m  -c '' \[0m
2026-09-26T15:04:47.0612809Z [36;1m  -l '' \[0m
2026-09-26T15:04:47.0613064Z [36;1m  -d 'default' \[0m
2026-09-26T15:04:47.0613444Z [36;1m  -g 'https://github.com/flutter/flutter.git' \[0m
2026-09-26T15:04:47.0613842Z [36;1m  stable[0m
2026-09-26T15:04:47.0677015Z shell: /usr/bin/bash --noprofile --norc -e -o pipefail {0}
2026-09-26T15:04:47.0677444Z ##[endgroup]
2026-09-26T15:04:47.2882479Z ##[end-action id=__subosito_flutter-action.flutter-action;outcome=success;conclusion=success;duration_ms=231]
2026-09-26T15:04:47.2888175Z ##[start-action display=Cache Flutter;id=__subosito_flutter-action.cache-flutter]
2026-09-26T15:04:47.2894138Z ##[end-action id=__subosito_flutter-action.cache-flutter;outcome=skipped;conclusion=skipped;duration_ms=0]
2026-09-26T15:04:47.2896514Z ##[start-action display=Cache pub dependencies;id=__subosito_flutter-action.cache-pub]
2026-09-26T15:04:47.2911097Z ##[end-action id=__subosito_flutter-action.cache-pub;outcome=skipped;conclusion=skipped;duration_ms=0]
2026-09-26T15:04:47.2913407Z ##[start-action display=Run setup script;id=__subosito_flutter-action.__run_3]
2026-09-26T15:04:47.2950040Z ##[group]Run $GITHUB_ACTION_PATH/setup.sh \
2026-09-26T15:04:47.2950461Z [36;1m$GITHUB_ACTION_PATH/setup.sh \[0m
2026-09-26T15:04:47.2950794Z [36;1m  -n '3.32.8' \[0m
2026-09-26T15:04:47.2951093Z [36;1m  -a 'x64' \[0m
2026-09-26T15:04:47.2951461Z [36;1m  -c '/opt/hostedtoolcache/flutter/stable-3.32.8-x64' \[0m
2026-09-26T15:04:47.2951891Z [36;1m  -d '/home/runner/.pub-cache' \[0m
2026-09-26T15:04:47.2952231Z [36;1m  stable[0m
2026-09-26T15:04:47.3016525Z shell: /usr/bin/bash --noprofile --norc -e -o pipefail {0}
2026-09-26T15:04:47.3016936Z ##[endgroup]
2026-09-26T15:04:47.4511890Z   % Total    % Received % Xferd  Average Speed   Time    Time     Time  Current
2026-09-26T15:04:47.4512917Z                                  Dload  Upload   Total   Spent    Left  Speed
2026-09-26T15:04:47.4513382Z 
2026-09-26T15:04:48.4363648Z   0     0    0     0    0     0      0      0 --:--:-- --:--:-- --:--:--     0
2026-09-26T15:04:49.4365000Z   9 1367M    9  126M    0     0   128M      0  0:00:10 --:--:--  0:00:10  128M
2026-09-26T15:04:50.4375586Z  21 1367M   21  292M    0     0   147M      0  0:00:09  0:00:01  0:00:08  147M
2026-09-26T15:04:51.4364069Z  34 1367M   34  476M    0     0   159M      0  0:00:08  0:00:02  0:00:06  159M
2026-09-26T15:04:52.4371836Z  47 1367M   47  652M    0     0   163M      0  0:00:08  0:00:03  0:00:05  163M
2026-09-26T15:04:53.4367139Z  60 1367M   60  826M    0     0   165M      0  0:00:08  0:00:04  0:00:04  165M
2026-09-26T15:04:54.4368125Z  73 1367M   73 1002M    0     0   167M      0  0:00:08  0:00:05  0:00:03  175M
2026-09-26T15:04:55.4394500Z  86 1367M   86 1186M    0     0   169M      0  0:00:08  0:00:06  0:00:02  178M
2026-09-26T15:04:55.5138971Z  98 1367M   98 1353M    0     0   169M      0  0:00:08  0:00:07  0:00:01  175M
2026-09-26T15:04:55.5140700Z 100 1367M  100 1367M    0     0   169M      0  0:00:08  0:00:08 --:--:--  175M
2026-09-26T15:05:44.2807741Z ##[end-action id=__subosito_flutter-action.__run_3;outcome=success;conclusion=success;duration_ms=56989]
2026-09-26T15:05:44.2879376Z ##[group]Run bash 07_operations/scripts/bootstrap_clients.sh
2026-09-26T15:05:44.2879881Z [36;1mbash 07_operations/scripts/bootstrap_clients.sh[0m
2026-09-26T15:05:44.2944994Z shell: /usr/bin/bash -e {0}
2026-09-26T15:05:44.2945290Z env:
2026-09-26T15:05:44.2945614Z   FLUTTER_ROOT: /opt/hostedtoolcache/flutter/stable-3.32.8-x64/flutter
2026-09-26T15:05:44.2946023Z   PUB_CACHE: /home/runner/.pub-cache
2026-09-26T15:05:44.2946302Z ##[endgroup]
2026-09-26T15:05:49.8263922Z Recreating project 05_code/apps/learner...
2026-09-26T15:05:49.8745777Z   05_code/apps/learner/android/app/src/profile/AndroidManifest.xml (created)
2026-09-26T15:05:49.8828849Z   05_code/apps/learner/android/app/src/main/res/values-night/styles.xml (created)
2026-09-26T15:05:49.8846036Z   05_code/apps/learner/android/app/src/main/res/mipmap-mdpi/ic_launcher.png (created)
2026-09-26T15:05:49.8854440Z   05_code/apps/learner/android/app/src/main/res/drawable-v21/launch_background.xml (created)
2026-09-26T15:05:49.8862133Z   05_code/apps/learner/android/app/src/main/res/drawable/launch_background.xml (created)
2026-09-26T15:05:49.8890066Z   05_code/apps/learner/android/app/src/main/res/values/styles.xml (created)
2026-09-26T15:05:49.8891070Z   05_code/apps/learner/android/app/src/main/res/mipmap-hdpi/ic_launcher.png (created)
2026-09-26T15:05:49.8892477Z   05_code/apps/learner/android/app/src/main/res/mipmap-xxhdpi/ic_launcher.png (created)
2026-09-26T15:05:49.8893586Z   05_code/apps/learner/android/app/src/main/res/mipmap-xhdpi/ic_launcher.png (created)
2026-09-26T15:05:49.8894623Z   05_code/apps/learner/android/app/src/main/res/mipmap-xxxhdpi/ic_launcher.png (created)
2026-09-26T15:05:49.8895644Z   05_code/apps/learner/android/app/src/main/AndroidManifest.xml (created)
2026-09-26T15:05:49.8947985Z   05_code/apps/learner/android/app/src/debug/AndroidManifest.xml (created)
2026-09-26T15:05:49.8955707Z   05_code/apps/learner/android/.gitignore (created)
2026-09-26T15:05:49.8959372Z   05_code/apps/learner/android/settings.gradle.kts (created)
2026-09-26T15:05:49.8966911Z   05_code/apps/learner/android/gradle.properties (created)
2026-09-26T15:05:49.8971499Z   05_code/apps/learner/android/gradle/wrapper/gradle-wrapper.properties (created)
2026-09-26T15:05:49.8980101Z   05_code/apps/learner/web/icons/Icon-maskable-192.png (created)
2026-09-26T15:05:49.8988417Z   05_code/apps/learner/web/icons/Icon-192.png (created)
2026-09-26T15:05:49.8997500Z   05_code/apps/learner/web/icons/Icon-maskable-512.png (created)
2026-09-26T15:05:49.8998349Z   05_code/apps/learner/web/icons/Icon-512.png (created)
2026-09-26T15:05:49.9003032Z   05_code/apps/learner/web/manifest.json (created)
2026-09-26T15:05:49.9015091Z   05_code/apps/learner/web/favicon.png (created)
2026-09-26T15:05:49.9019731Z   05_code/apps/learner/web/index.html (created)
2026-09-26T15:05:49.9033455Z   05_code/apps/learner/android/adaptive_learner_android.iml (created)
2026-09-26T15:05:49.9045746Z   05_code/apps/learner/android/app/build.gradle.kts (created)
2026-09-26T15:05:49.9062484Z   05_code/apps/learner/android/app/src/main/kotlin/com/example/adaptive_learner/MainActivity.kt (created)
2026-09-26T15:05:49.9076894Z   05_code/apps/learner/android/build.gradle.kts (created)
2026-09-26T15:05:49.9084302Z   05_code/apps/learner/README.md (created)
2026-09-26T15:05:49.9102278Z   05_code/apps/learner/.idea/modules.xml (created)
2026-09-26T15:05:49.9110451Z   05_code/apps/learner/.idea/libraries/KotlinJavaRuntime.xml (created)
2026-09-26T15:05:49.9118586Z   05_code/apps/learner/.idea/libraries/Dart_SDK.xml (created)
2026-09-26T15:05:49.9132292Z   05_code/apps/learner/.idea/runConfigurations/main_dart.xml (created)
2026-09-26T15:05:49.9138508Z   05_code/apps/learner/.idea/workspace.xml (created)
2026-09-26T15:05:49.9152225Z   05_code/apps/learner/adaptive_learner.iml (created)
2026-09-26T15:05:49.9371518Z Wrote 37 files.
2026-09-26T15:05:49.9372065Z 
2026-09-26T15:05:49.9372410Z All done!
2026-09-26T15:05:49.9397404Z You can find general documentation for Flutter at: https://docs.flutter.dev/
2026-09-26T15:05:49.9398746Z Detailed API documentation is available at: https://api.flutter.dev/
2026-09-26T15:05:49.9400524Z If you prefer video documentation, consider: https://www.youtube.com/c/flutterdev
2026-09-26T15:05:49.9401446Z 
2026-09-26T15:05:49.9401903Z In order to run your application, type:
2026-09-26T15:05:49.9402486Z 
2026-09-26T15:05:49.9402726Z   $ cd 05_code/apps/learner
2026-09-26T15:05:49.9403176Z   $ flutter run
2026-09-26T15:05:49.9403411Z 
2026-09-26T15:05:49.9403724Z Your application code is in 05_code/apps/learner/lib/main.dart.
2026-09-26T15:05:49.9404217Z 
2026-09-26T15:05:50.2907565Z Recreating project 05_code/apps/staff...
2026-09-26T15:05:50.3393298Z   05_code/apps/staff/web/icons/Icon-maskable-192.png (created)
2026-09-26T15:05:50.3418877Z   05_code/apps/staff/web/icons/Icon-192.png (created)
2026-09-26T15:05:50.3425676Z   05_code/apps/staff/web/icons/Icon-maskable-512.png (created)
2026-09-26T15:05:50.3433544Z   05_code/apps/staff/web/icons/Icon-512.png (created)
2026-09-26T15:05:50.3438357Z   05_code/apps/staff/web/manifest.json (created)
2026-09-26T15:05:50.3574509Z   05_code/apps/staff/web/favicon.png (created)
2026-09-26T15:05:50.3578259Z   05_code/apps/staff/web/index.html (created)
2026-09-26T15:05:50.3588389Z   05_code/apps/staff/README.md (created)
2026-09-26T15:05:50.3606098Z   05_code/apps/staff/.idea/modules.xml (created)
2026-09-26T15:05:50.3615046Z   05_code/apps/staff/.idea/libraries/KotlinJavaRuntime.xml (created)
2026-09-26T15:05:50.3625642Z   05_code/apps/staff/.idea/libraries/Dart_SDK.xml (created)
2026-09-26T15:05:50.3636320Z   05_code/apps/staff/.idea/runConfigurations/main_dart.xml (created)
2026-09-26T15:05:50.3642773Z   05_code/apps/staff/.idea/workspace.xml (created)
2026-09-26T15:05:50.3650791Z   05_code/apps/staff/adaptive_staff.iml (created)
2026-09-26T15:05:50.3725493Z Wrote 14 files.
2026-09-26T15:05:50.3725933Z 
2026-09-26T15:05:50.3726093Z All done!
2026-09-26T15:05:50.3747455Z You can find general documentation for Flutter at: https://docs.flutter.dev/
2026-09-26T15:05:50.3748129Z Detailed API documentation is available at: https://api.flutter.dev/
2026-09-26T15:05:50.3748816Z If you prefer video documentation, consider: https://www.youtube.com/c/flutterdev
2026-09-26T15:05:50.3749454Z 
2026-09-26T15:05:50.3749598Z In order to run your application, type:
2026-09-26T15:05:50.3749849Z 
2026-09-26T15:05:50.3749958Z   $ cd 05_code/apps/staff
2026-09-26T15:05:50.3750240Z   $ flutter run
2026-09-26T15:05:50.3750401Z 
2026-09-26T15:05:50.3750608Z Your application code is in 05_code/apps/staff/lib/main.dart.
2026-09-26T15:05:50.3750944Z 
2026-09-26T15:05:50.3991460Z ##[group]Run flutter pub get
2026-09-26T15:05:50.3992003Z [36;1mflutter pub get[0m
2026-09-26T15:05:50.3992426Z [36;1mflutter analyze[0m
2026-09-26T15:05:50.3992840Z [36;1mflutter test[0m
2026-09-26T15:05:50.3993276Z [36;1mflutter build web[0m
2026-09-26T15:05:50.4055708Z shell: /usr/bin/bash -e {0}
2026-09-26T15:05:50.4055961Z env:
2026-09-26T15:05:50.4056259Z   FLUTTER_ROOT: /opt/hostedtoolcache/flutter/stable-3.32.8-x64/flutter
2026-09-26T15:05:50.4056659Z   PUB_CACHE: /home/runner/.pub-cache
2026-09-26T15:05:50.4056924Z ##[endgroup]
2026-09-26T15:05:50.7439803Z Resolving dependencies...
2026-09-26T15:05:51.2936463Z Downloading packages...
2026-09-26T15:05:51.9217503Z   async 2.13.0 (2.13.1 available)
2026-09-26T15:05:51.9218078Z   characters 1.4.0 (1.4.1 available)
2026-09-26T15:05:51.9218809Z   clock 1.1.2 (1.1.3 available)
2026-09-26T15:05:51.9220048Z   flutter_lints 5.0.0 (6.0.0 available)
2026-09-26T15:05:51.9220679Z   leak_tracker 10.0.9 (11.0.2 available)
2026-09-26T15:05:51.9221344Z   leak_tracker_flutter_testing 3.0.9 (3.0.10 available)
2026-09-26T15:05:51.9222050Z   leak_tracker_testing 3.0.1 (3.0.2 available)
2026-09-26T15:05:51.9222680Z   lints 5.1.1 (6.1.0 available)
2026-09-26T15:05:51.9223260Z   matcher 0.12.17 (0.12.20 available)
2026-09-26T15:05:51.9223930Z   material_color_utilities 0.11.1 (0.13.1 available)
2026-09-26T15:05:51.9224572Z   meta 1.16.0 (1.19.0 available)
2026-09-26T15:05:51.9225128Z   platform 3.1.6 (3.2.0 available)
2026-09-26T15:05:51.9225693Z   process 5.0.3 (5.0.6 available)
2026-09-26T15:05:51.9226211Z   source_span 1.10.1 (1.10.2 available)
2026-09-26T15:05:51.9226787Z   stack_trace 1.12.1 (1.12.2 available)
2026-09-26T15:05:51.9227307Z   test_api 0.7.4 (0.7.14 available)
2026-09-26T15:05:51.9227802Z   vector_math 2.1.4 (2.4.3 available)
2026-09-26T15:05:51.9228369Z   vm_service 15.0.0 (15.3.0 available)
2026-09-26T15:05:51.9228940Z   webdriver 3.1.0 (3.2.0 available)
2026-09-26T15:05:51.9235542Z Got dependencies!
2026-09-26T15:05:51.9248269Z 19 packages have newer versions incompatible with dependency constraints.
2026-09-26T15:05:51.9249758Z Try `flutter pub outdated` for more information.
2026-09-26T15:06:04.5849984Z Analyzing learner...                                            
2026-09-26T15:06:04.5867606Z No issues found! (ran in 10.1s)
2026-09-26T15:06:06.4396717Z 
2026-09-26T15:06:14.5230268Z ✅ shell renders without learning claims or overflow
2026-09-26T15:06:14.5421596Z 
2026-09-26T15:06:14.5427299Z 🎉 1 test passed.
2026-09-26T15:06:35.4340867Z Compiling lib/main.dart for the Web...                          
2026-09-26T15:06:35.4343109Z Expected to find fonts for (MaterialIcons, packages/cupertino_icons/CupertinoIcons), but found (MaterialIcons). This usually means you are referring to font families in an IconData class but not including them in the assets section of your pubspec.yaml, are missing the package that would include them, or are missing "uses-material-design: true".
2026-09-26T15:06:35.4420746Z Font asset "MaterialIcons-Regular.otf" was tree-shaken, reducing it from 1645184 to 7992 bytes (99.5% reduction). Tree-shaking can be disabled by providing the --no-tree-shake-icons flag when building your app.
2026-09-26T15:06:35.8461674Z Compiling lib/main.dart for the Web...                             19.7s
2026-09-26T15:06:35.8472118Z ✓ Built build/web
2026-09-26T15:06:35.8656458Z ##[group]Run flutter build apk --debug
2026-09-26T15:06:35.8656807Z [36;1mflutter build apk --debug[0m
2026-09-26T15:06:35.8719194Z shell: /usr/bin/bash -e {0}
2026-09-26T15:06:35.8719448Z env:
2026-09-26T15:06:35.8719749Z   FLUTTER_ROOT: /opt/hostedtoolcache/flutter/stable-3.32.8-x64/flutter
2026-09-26T15:06:35.8720179Z   PUB_CACHE: /home/runner/.pub-cache
2026-09-26T15:06:35.8720447Z ##[endgroup]
2026-09-26T15:06:37.1497261Z Support for Android x86 targets will be removed in the next stable release after 3.27. See https://github.com/flutter/flutter/issues/157543 for details.
2026-09-26T15:07:34.7742734Z e: The daemon has terminated unexpectedly on startup attempt #1 with error code: 0. The daemon process output:
2026-09-26T15:07:34.7743806Z Running Gradle task 'assembleDebug'...                          
2026-09-26T15:07:34.7748775Z     1. Kotlin compile daemon is ready
2026-09-26T15:08:11.7571854Z Checking the license for package NDK (Side by side) 26.3.11579264 in /usr/local/lib/android/sdk/licenses
2026-09-26T15:08:11.7577873Z License for package NDK (Side by side) 26.3.11579264 accepted.
2026-09-26T15:08:11.7579368Z Preparing "Install NDK (Side by side) 26.3.11579264 v.26.3.11579264".
2026-09-26T15:08:28.1554643Z "Install NDK (Side by side) 26.3.11579264 v.26.3.11579264" ready.
2026-09-26T15:08:28.1564573Z Installing NDK (Side by side) 26.3.11579264 in /usr/local/lib/android/sdk/ndk/26.3.11579264
2026-09-26T15:08:28.2554829Z "Install NDK (Side by side) 26.3.11579264 v.26.3.11579264" complete.
2026-09-26T15:08:28.5600442Z "Install NDK (Side by side) 26.3.11579264 v.26.3.11579264" finished.
2026-09-26T15:09:48.3573323Z Checking the license for package CMake 3.22.1 in /usr/local/lib/android/sdk/licenses
2026-09-26T15:09:48.3610312Z License for package CMake 3.22.1 accepted.
2026-09-26T15:09:48.3636293Z Preparing "Install CMake 3.22.1 v.3.22.1".
2026-09-26T15:09:49.4555285Z "Install CMake 3.22.1 v.3.22.1" ready.
2026-09-26T15:09:49.4568395Z Installing CMake 3.22.1 in /usr/local/lib/android/sdk/cmake/3.22.1
2026-09-26T15:09:49.4569350Z "Install CMake 3.22.1 v.3.22.1" complete.
2026-09-26T15:09:49.4569923Z "Install CMake 3.22.1 v.3.22.1" finished.
2026-09-26T15:10:04.5618420Z Running Gradle task 'assembleDebug'...                            207.4s
2026-09-26T15:10:05.4796647Z ✓ Built build/app/outputs/flutter-apk/app-debug.apk
2026-09-26T15:10:05.5139330Z Post job cleanup.
2026-09-26T15:10:05.5247743Z Post job cleanup.
2026-09-26T15:10:05.7477798Z [command]/usr/bin/git version
2026-09-26T15:10:05.7539883Z git version 2.55.0
2026-09-26T15:10:05.7621562Z Temporarily overriding HOME='/home/runner/work/_temp/5476f0a1-a4b7-4ba7-8183-92eb3ab70108' before making global git config changes
2026-09-26T15:10:05.7625667Z Adding repository directory to the temporary git global config as a safe directory
2026-09-26T15:10:05.7650594Z [command]/usr/bin/git config --global --add safe.directory /home/runner/work/mingo/mingo
2026-09-26T15:10:05.7689930Z [command]/usr/bin/git config --local --name-only --get-regexp core\.sshCommand
2026-09-26T15:10:05.7745134Z [command]/usr/bin/git submodule foreach --recursive sh -c "git config --local --name-only --get-regexp 'core\.sshCommand' && git config --local --unset-all 'core.sshCommand' || :"
2026-09-26T15:10:05.8136170Z [command]/usr/bin/git config --local --name-only --get-regexp http\.https\:\/\/github\.com\/\.extraheader
2026-09-26T15:10:05.8202373Z http.https://github.com/.extraheader
2026-09-26T15:10:05.8234167Z [command]/usr/bin/git config --local --unset-all http.https://github.com/.extraheader
2026-09-26T15:10:05.8278958Z [command]/usr/bin/git submodule foreach --recursive sh -c "git config --local --name-only --get-regexp 'http\.https\:\/\/github\.com\/\.extraheader' && git config --local --unset-all 'http.https://github.com/.extraheader' || :"
2026-09-26T15:10:05.8673116Z [command]/usr/bin/git config --local --name-only --get-regexp ^includeIf\.gitdir:
2026-09-26T15:10:05.8735055Z [command]/usr/bin/git submodule foreach --recursive git config --local --show-origin --name-only --get-regexp remote.origin.url
2026-09-26T15:10:05.9281483Z Cleaning up orphan processes
2026-09-26T15:10:05.9738362Z Terminate orphan process: pid (3082) (java)
2026-09-26T15:10:05.9763737Z Terminate orphan process: pid (3229) (java)
2026-09-26T15:10:05.9812369Z Terminate orphan process: pid (3597) (java)
2026-09-26T15:10:05.9829870Z ##[warning]Node.js 20 is deprecated. The following actions target Node.js 20 but are being forced to run on Node.js 24: actions/checkout@v4. For more information see: https://github.blog/changelog/2025-09-19-deprecation-of-node-20-on-github-actions-runners/
