INFO         | Android emulator version 37.1.11.0 (build_id 15917651) (CL:N/A)
INFO         | Graphics backend: gfxstream
INFO         | Found systemPath C:\Android\Sdk\system-images\android-35\google_apis\x86_64\
INFO         | Increasing RAM size to 2560MB
INFO         | IPv4 server found: 1.1.1.1
INFO         | Ignore IPv6 address: c0fb:8b51:ad01:0:c0fb:8b51:ad01:0
INFO         | Ignore IPv6 address: c0fb:8b51:ad01:0:c0fb:8b51:ad01:0
INFO         | Ignore IPv6 address: c0fb:8b51:ad01:0:c0fb:8b51:ad01:0
INFO         | Ignore IPv6 address: f001:8c51:ad01:0:c0fb:8b51:ad01:0
INFO         | Ignore IPv6 address: f001:8c51:ad01:0:c0fb:8b51:ad01:0
INFO         | Ignore IPv6 address: f001:8c51:ad01:0:c0fb:8b51:ad01:0
INFO         | Ignore IPv6 address: 808:8c51:ad01:0:c0fb:8b51:ad01:0
INFO         | Ignore IPv6 address: 808:8c51:ad01:0:c0fb:8b51:ad01:0
INFO         | Ignore IPv6 address: 808:8c51:ad01:0:c0fb:8b51:ad01:0
INFO         | Ignore IPv6 address: 813:8c51:ad01:0:c0fb:8b51:ad01:0
INFO         | Ignore IPv6 address: 813:8c51:ad01:0:c0fb:8b51:ad01:0
INFO         | Ignore IPv6 address: 813:8c51:ad01:0:c0fb:8b51:ad01:0
INFO         | Ignore IPv6 address: 2819:8c51:ad01:0:c0fb:8b51:ad01:0
INFO         | Ignore IPv6 address: 2819:8c51:ad01:0:c0fb:8b51:ad01:0
INFO         | Ignore IPv6 address: 2819:8c51:ad01:0:c0fb:8b51:ad01:0
INFO         | Guest GLES Driver: Auto (ext controls)
ERROR        | emuglConfig_get_vulkan_hardware_gpu_support_info: Failed to query physical devices. Error: VK_INCOMPLETE [5]

WARNING      | hasSufficientHostVulkanDriver: could not detect host Vulkan driver.
INFO         | Host Vulkan driver is not supported.
INFO         | emuglConfig_init: vulkan_mode_selected:lavapipe gles_mode_selected:swiftshader
INFO         | Checking system compatibility:
INFO         |   Checking: hasCompatibleHypervisor
INFO         |      Ok: Hypervisor compatibility to run avd: `mingo_ascii_api35` are met
INFO         |   Checking: hasSufficientSystem
INFO         |      Ok: System requirements to run avd: `mingo_ascii_api35` are met
INFO         |   Checking: hasSufficientHwGpu
INFO         |      Ok: Hardware GPU compatibility checks are not required
INFO         |   Checking: hasSufficientDiskSpace
INFO         |      Ok: Disk space requirements to run avd: `mingo_ascii_api35` are met
INFO         | Critical: Failed to load opengl32sw (The specified module could not be found.) (:0, )
INFO         | Warning: Software OpenGL failed. Falling back to system OpenGL. (:0, )
INFO         | Storing crashdata in: C:\Users\PHC~1\AppData\Local\Temp\\AndroidEmulator\emu-crash-37.1.11.db, detection is enabled for process: 2364
INFO         | Initializing gfxstream backend
INFO         | startOpenglesRendererImpl: gpu info
INFO         | GPU #1
  Make: 10de
  Model: NVIDIA GeForce GTX 1650
  Device ID: 1f9d

INFO         | Disabling implicit Vulkan layers to avoid compatibility issues. Set VK_LOADER_LAYERS_DISABLE manually to disable this behavior.
INFO         | initIcdPaths: ICD set to 'lavapipe', using Lavapipe ICD
INFO         | Setting ICD filenames for the loader = C:\Android\Sdk\emulator\lib64\vulkan\lvp_icd.json
INFO         | SharedLibrary::open for [C:\Android\Sdk\emulator\qemu\windows-x86_64\lib64\vulkan\vulkan-1.dll]
INFO         | SharedLibrary::open for [C:\Android\Sdk\emulator\lib64\vulkan\vulkan-1.dll]
INFO         | Added library: C:\Android\Sdk\emulator\lib64\vulkan\vulkan-1.dll
INFO         | Selecting Vulkan device: llvmpipe (LLVM 21.1.2, 256 bits), Version: 1.4.318
INFO         | Using Vulkan externalMemoryMode: HostAllocation for VkEmulation
INFO         | Initializing VkEmulation features:
INFO         |     glInteropSupported: false
INFO         |     useDeferredCommands: true
INFO         |     createResourceWithRequirements: true
INFO         |     useVulkanComposition: false
INFO         |     useVulkanNativeSwapchain: false
INFO         |     enable guestRenderDoc: false
INFO         |     ASTC LDR emulation mode: Gpu
INFO         |     enable ETC2 emulation: true
INFO         |     enable Ycbcr emulation: false
INFO         |     guestVulkanOnly: false
INFO         |     useDedicatedAllocations: false
INFO         |     guestVulkanMaxApiVersion: 1.3.0
INFO         |     enableProtectedMemoryEmulation: false
INFO         | Graphics Adapter Vendor Google (Google Inc.)
INFO         | Graphics Adapter Android Emulator OpenGL ES Translator (Google SwiftShader)
INFO         | Graphics API Version OpenGL ES 3.0 (OpenGL ES 3.0 SwiftShader 4.0.0.1)
INFO         | Graphics API Extensions GL_OES_EGL_sync GL_OES_EGL_image GL_OES_EGL_image_external GL_OES_depth24 GL_OES_depth32 GL_OES_element_index_uint GL_OES_texture_float GL_OES_texture_float_linear GL_OES_compressed_paletted_texture GL_OES_compressed_ETC1_RGB8_texture GL_OES_depth_texture GL_OES_texture_half_float GL_OES_texture_half_float_linear GL_OES_packed_depth_stencil GL_OES_vertex_half_float GL_OES_standard_derivatives GL_OES_texture_npot GL_OES_rgb8_rgba8 GL_EXT_color_buffer_float GL_EXT_color_buffer_half_float GL_EXT_texture_format_BGRA8888 GL_APPLE_texture_format_BGRA8888 
INFO         | Graphics Device Extensions N/A
INFO         | Disabling sparse binding feature support
INFO         | Sending adb public key [QAAAAN2JocGL6RAN7cfug6hFi4hiT3dRQLbLmjVQeYyQ1Vd4+gqTrHh/yDSGftoGaUORZme9kjd9a25rFILB/nmKGcQggWOQIboPM5wyPHKO55SPr1eELv1JanAOwHoL05wLPs22ep0R4XuRxk/OSsHmWzFLs6GFxnxW72rR1T/9eXHXMkfbpOv9GqJ4K2PpA+V55ddMRkqhW3KUAhwsMzISwmEmLpPWCynFx41ab/Tumku/nHEfY3WD2NqBYLd3bPtdBbFCfEmSIuL8OUQ0Eyw5OBkR+gyulaZccF8yhWAPyVMoSrYm5ZpYNiS4f0Oeb7/TFeX9eFXxG98Ui4MVdN6MiWx1A4qZr7ccwO9zul26E6nDp0m6FblCn5fMcjuMpaaCeQew2DKOxswF6+TENQOk0sPAbgPJnRDZXsgyEH2UAIe37Y6QYQqqWloaumzZc4sB7C7HEiaksYu4MIfwnpfk42qNd0iGMn4yro9LaVwFy/OR1683HK+5sQNQmZfevVzz88uKJRx/bVE1yCsKNnUtQ94UyHkuNKtF4LHmGutB6qFYIcJWv7Un9iBjtcUsgmLigfa3UuWeolInh+eNb8cTyh5I8CZ1QRjwL2v2o36nbqr3NUEkdG5yzeJ6kSAs3S39DVCu2s3TpkEso95SFHubCrMoqhIbBOtPXfa54VohFx8lKBrIPQEAAQA= @unknown]
INFO         | Userspace boot properties:
INFO         |   androidboot.boot_devices=pci0000:00/0000:00:03.0 pci0000:00/0000:00:06.0
INFO         |   androidboot.dalvik.vm.heapsize=576m
INFO         |   androidboot.debug.hwui.renderer=skiagl
INFO         |   androidboot.hardware=ranchu
INFO         |   androidboot.hardware.gltransport=pipe
INFO         |   androidboot.hardware.vulkan=ranchu
INFO         |   androidboot.logcat=*:V
INFO         |   androidboot.opengles.version=196608
INFO         |   androidboot.qemu=1
INFO         |   androidboot.qemu.adb.pubkey=QAAAAN2JocGL6RAN7cfug6hFi4hiT3dRQLbLmjVQeYyQ1Vd4+gqTrHh/yDSGftoGaUORZme9kjd9a25rFILB/nmKGcQggWOQIboPM5wyPHKO55SPr1eELv1JanAOwHoL05wLPs22ep0R4XuRxk/OSsHmWzFLs6GFxnxW72rR1T/9eXHXMkfbpOv9GqJ4K2PpA+V55ddMRkqhW3KUAhwsMzISwmEmLpPWCynFx41ab/Tumku/nHEfY3WD2NqBYLd3bPtdBbFCfEmSIuL8OUQ0Eyw5OBkR+gyulaZccF8yhWAPyVMoSrYm5ZpYNiS4f0Oeb7/TFeX9eFXxG98Ui4MVdN6MiWx1A4qZr7ccwO9zul26E6nDp0m6FblCn5fMcjuMpaaCeQew2DKOxswF6+TENQOk0sPAbgPJnRDZXsgyEH2UAIe37Y6QYQqqWloaumzZc4sB7C7HEiaksYu4MIfwnpfk42qNd0iGMn4yro9LaVwFy/OR1683HK+5sQNQmZfevVzz88uKJRx/bVE1yCsKNnUtQ94UyHkuNKtF4LHmGutB6qFYIcJWv7Un9iBjtcUsgmLigfa3UuWeolInh+eNb8cTyh5I8CZ1QRjwL2v2o36nbqr3NUEkdG5yzeJ6kSAs3S39DVCu2s3TpkEso95SFHubCrMoqhIbBOtPXfa54VohFx8lKBrIPQEAAQA= @unknown
INFO         |   androidboot.qemu.avd_name=mingo_ascii_api35
INFO         |   androidboot.qemu.camera_hq_edge_processing=0
INFO         |   androidboot.qemu.camera_protocol_ver=1
INFO         |   androidboot.qemu.cpuvulkan.version=4206592
INFO         |   androidboot.qemu.gltransport.drawFlushInterval=800
INFO         |   androidboot.qemu.gltransport.name=pipe
INFO         |   androidboot.qemu.hwcodec.avcdec=2
INFO         |   androidboot.qemu.hwcodec.hevcdec=2
INFO         |   androidboot.qemu.hwcodec.vpxdec=2
INFO         |   androidboot.qemu.settings.system.screen_off_timeout=2147483647
INFO         |   androidboot.qemu.skin=1080x2400
INFO         |   androidboot.qemu.virtiowifi=1
INFO         |   androidboot.qemu.vsync=60
INFO         |   androidboot.serialno=EMULATOR37X1X11X0
INFO         |   androidboot.vbmeta.digest=b3271ba499104f4631ae3723913d5c12574e01715fce5b82d60beed097ead264
INFO         |   androidboot.vbmeta.hash_alg=sha256
INFO         |   androidboot.vbmeta.size=6720
INFO         |   androidboot.veritymode=enforcing
WHPX on Windows 10.0.26200 detected.
Windows Hypervisor Platform accelerator is operational
INFO         | Monitoring duration of emulator setup.
INFO         | Successfully initialized netsim WiFi
INFO         | Activated packet streamer for bluetooth emulation
INFO         | Setting display: 0 configuration to: 1080x2400, dpi: 420x420 
INFO         | setDisplayActiveConfig: id:0, 1080x2400
INFO         | Checking system compatibility:
INFO         |   Checking: hasCompatibleHypervisor
INFO         |      Ok: Hypervisor compatibility to run avd: `mingo_ascii_api35` are met
INFO         |   Checking: hasSufficientSystem
INFO         |      Ok: System requirements to run avd: `mingo_ascii_api35` are met
INFO         |   Checking: hasSufficientHwGpu
INFO         |      Ok: Hardware GPU compatibility checks are not required
INFO         |   Checking: hasSufficientDiskSpace
INFO         |      Ok: Disk space requirements to run avd: `mingo_ascii_api35` are met
INFO         | emulatorSetupEnvironment: Environment scene is not required
INFO         | Warning: QMetaObject::connectSlotsByName: No matching signal for on_rgbcSensorValueWidget_valueChanged() (:0, )
INFO         | Warning: QMetaObject::connectSlotsByName: No matching signal for on_posture_valueChanged(int) (:0, )
INFO         | TouchpadHolder: registering via hw_xr_led agent for instance=000001AD6D0DB2D0
INFO         | Warning: QObject::connect: Cannot queue arguments of type 'std::vector<android::emulation::control::SnapshotInfo>'
(Make sure 'std::vector<android::emulation::control::SnapshotInfo>' is registered using qRegisterMetaType().) (:0, )
INFO         | AVD supportsNativeGLES=1, supportsGuestAngle=1
INFO         | Created extended window in 431.601ms
INFO         | Boot completed in 241435 ms
