2026-09-26T15:33:29.3878530Z Current runner version: '2.337.0'
2026-09-26T15:33:29.3900134Z ##[group]Runner Image Provisioner
2026-09-26T15:33:29.3900859Z Hosted Compute Agent
2026-09-26T15:33:29.3901441Z Version: 20260828.587
2026-09-26T15:33:29.3901967Z Commit: abac92662cab4cc7352de4f9f9d2e2419aad9c29
2026-09-26T15:33:29.3902814Z Build Date: 2026-08-28T16:44:25Z
2026-09-26T15:33:29.3903454Z Worker ID: {4077f6fc-e13b-45f3-93e1-ac7d90af5b8d}
2026-09-26T15:33:29.3904034Z Azure Region: westus3
2026-09-26T15:33:29.3904564Z ##[endgroup]
2026-09-26T15:33:29.3905850Z ##[group]Operating System
2026-09-26T15:33:29.3906344Z Ubuntu
2026-09-26T15:33:29.3906847Z 24.04.5
2026-09-26T15:33:29.3907275Z LTS
2026-09-26T15:33:29.3907758Z ##[endgroup]
2026-09-26T15:33:29.3908228Z ##[group]Runner Image
2026-09-26T15:33:29.3908727Z Image: ubuntu-24.04
2026-09-26T15:33:29.3909224Z Version: 20260920.314.1
2026-09-26T15:33:29.3910264Z Included Software: https://github.com/actions/runner-images/blob/ubuntu24/20260920.314/images/ubuntu/Ubuntu2404-Readme.md
2026-09-26T15:33:29.3911571Z Image Release: https://github.com/actions/runner-images/releases/tag/ubuntu24%2F20260920.314
2026-09-26T15:33:29.3912353Z ##[endgroup]
2026-09-26T15:33:29.3913530Z ##[group]GITHUB_TOKEN Permissions
2026-09-26T15:33:29.3915384Z Contents: read
2026-09-26T15:33:29.3916216Z Metadata: read
2026-09-26T15:33:29.3916715Z ##[endgroup]
2026-09-26T15:33:29.3918468Z Secret source: Actions
2026-09-26T15:33:29.3919253Z Cache mode: write
2026-09-26T15:33:29.3919820Z Prepare workflow directory
2026-09-26T15:33:29.5289470Z Prepare all required actions
2026-09-26T15:33:29.5328565Z Getting action download info
2026-09-26T15:33:29.8131093Z Download action repository 'actions/checkout@v4' (SHA:11d5960a326750d5838078e36cf38b85af677262)
2026-09-26T15:33:30.2350815Z Download action repository 'actions/setup-python@v5' (SHA:a26af69be951a213d495a4c3e4e4022e16d87065)
2026-09-26T15:33:30.3407144Z Download action repository 'actions/setup-node@v4' (SHA:49933ea5288caeca8642d1e84afbd3f7d6820020)
2026-09-26T15:33:30.4741070Z Download action repository 'actions/upload-artifact@v4' (SHA:ea165f8d65b6e75b540449e92b4886f43607fa02)
2026-09-26T15:33:30.7002008Z Complete job name: original-v3-2
2026-09-26T15:33:30.7634750Z ##[group]Run actions/checkout@v4
2026-09-26T15:33:30.7635590Z with:
2026-09-26T15:33:30.7635990Z   repository: Phucht59/mingo
2026-09-26T15:33:30.7639521Z   token: ***
2026-09-26T15:33:30.7639895Z   ssh-strict: true
2026-09-26T15:33:30.7640277Z   ssh-user: git
2026-09-26T15:33:30.7640658Z   persist-credentials: true
2026-09-26T15:33:30.7641071Z   clean: true
2026-09-26T15:33:30.7641454Z   sparse-checkout-cone-mode: true
2026-09-26T15:33:30.7641900Z   fetch-depth: 1
2026-09-26T15:33:30.7642278Z   fetch-tags: false
2026-09-26T15:33:30.7642793Z   show-progress: true
2026-09-26T15:33:30.7643175Z   lfs: false
2026-09-26T15:33:30.7643540Z   submodules: false
2026-09-26T15:33:30.7643933Z   set-safe-directory: true
2026-09-26T15:33:30.7644357Z   allow-unsafe-pr-checkout: false
2026-09-26T15:33:30.7645000Z ##[endgroup]
2026-09-26T15:33:30.8466221Z Syncing repository: Phucht59/mingo
2026-09-26T15:33:30.8468686Z ##[group]Getting Git version info
2026-09-26T15:33:30.8469856Z Working directory is '/home/runner/work/mingo/mingo'
2026-09-26T15:33:30.8471283Z [command]/usr/bin/git version
2026-09-26T15:33:30.8548892Z git version 2.55.0
2026-09-26T15:33:30.8568593Z ##[endgroup]
2026-09-26T15:33:30.8580907Z Temporarily overriding HOME='/home/runner/work/_temp/985a5e47-d8bb-4567-a0f3-9f15784394e9' before making global git config changes
2026-09-26T15:33:30.8583107Z Adding repository directory to the temporary git global config as a safe directory
2026-09-26T15:33:30.8585478Z [command]/usr/bin/git config --global --add safe.directory /home/runner/work/mingo/mingo
2026-09-26T15:33:30.8633334Z Deleting the contents of '/home/runner/work/mingo/mingo'
2026-09-26T15:33:30.8640377Z ##[group]Initializing the repository
2026-09-26T15:33:30.8648152Z [command]/usr/bin/git init /home/runner/work/mingo/mingo
2026-09-26T15:33:30.8726078Z hint: Using 'master' as the name for the initial branch. This default branch name
2026-09-26T15:33:30.8727630Z hint: will change to "main" in Git 3.0. To configure the initial branch name
2026-09-26T15:33:30.8728439Z hint: to use in all of your new repositories, which will suppress this warning,
2026-09-26T15:33:30.8729365Z hint: call:
2026-09-26T15:33:30.8729720Z hint:
2026-09-26T15:33:30.8730202Z hint: 	git config --global init.defaultBranch <name>
2026-09-26T15:33:30.8730722Z hint:
2026-09-26T15:33:30.8731211Z hint: Names commonly chosen instead of 'master' are 'main', 'trunk' and
2026-09-26T15:33:30.8731987Z hint: 'development'. The just-created branch can be renamed via this command:
2026-09-26T15:33:30.8733055Z hint:
2026-09-26T15:33:30.8733645Z hint: 	git branch -m <name>
2026-09-26T15:33:30.8734291Z hint:
2026-09-26T15:33:30.8735157Z hint: Disable this message with "git config set advice.defaultBranchName false"
2026-09-26T15:33:30.8736758Z Initialized empty Git repository in /home/runner/work/mingo/mingo/.git/
2026-09-26T15:33:30.8746596Z [command]/usr/bin/git remote add origin https://github.com/Phucht59/mingo
2026-09-26T15:33:30.8789586Z ##[endgroup]
2026-09-26T15:33:30.8790728Z ##[group]Disabling automatic garbage collection
2026-09-26T15:33:30.8792491Z [command]/usr/bin/git config --local gc.auto 0
2026-09-26T15:33:30.8828529Z ##[endgroup]
2026-09-26T15:33:30.8829981Z ##[group]Setting up auth
2026-09-26T15:33:30.8834378Z [command]/usr/bin/git config --local --name-only --get-regexp core\.sshCommand
2026-09-26T15:33:30.8866616Z [command]/usr/bin/git submodule foreach --recursive sh -c "git config --local --name-only --get-regexp 'core\.sshCommand' && git config --local --unset-all 'core.sshCommand' || :"
2026-09-26T15:33:30.9186765Z [command]/usr/bin/git config --local --name-only --get-regexp http\.https\:\/\/github\.com\/\.extraheader
2026-09-26T15:33:30.9220004Z [command]/usr/bin/git submodule foreach --recursive sh -c "git config --local --name-only --get-regexp 'http\.https\:\/\/github\.com\/\.extraheader' && git config --local --unset-all 'http.https://github.com/.extraheader' || :"
2026-09-26T15:33:30.9416199Z [command]/usr/bin/git config --local --name-only --get-regexp ^includeIf\.gitdir:
2026-09-26T15:33:30.9445539Z [command]/usr/bin/git submodule foreach --recursive git config --local --show-origin --name-only --get-regexp remote.origin.url
2026-09-26T15:33:30.9636814Z [command]/usr/bin/git config --local http.https://github.com/.extraheader AUTHORIZATION: basic ***
2026-09-26T15:33:30.9673801Z ##[endgroup]
2026-09-26T15:33:30.9674592Z ##[group]Fetching the repository
2026-09-26T15:33:30.9680983Z [command]/usr/bin/git -c protocol.version=2 fetch --no-tags --prune --no-recurse-submodules --depth=1 origin +d4165e8acdffa4e0a747b11ac3e1c3c852674293:refs/remotes/origin/main
2026-09-26T15:33:31.8817280Z From https://github.com/Phucht59/mingo
2026-09-26T15:33:31.8819137Z  * [new ref]         d4165e8acdffa4e0a747b11ac3e1c3c852674293 -> origin/main
2026-09-26T15:33:31.8824211Z ##[endgroup]
2026-09-26T15:33:31.8825853Z ##[group]Determining the checkout info
2026-09-26T15:33:31.8827677Z ##[endgroup]
2026-09-26T15:33:31.8828903Z [command]/usr/bin/git sparse-checkout disable
2026-09-26T15:33:31.8878966Z [command]/usr/bin/git config --local --unset-all extensions.worktreeConfig
2026-09-26T15:33:31.8908431Z ##[group]Checking out the ref
2026-09-26T15:33:31.8910792Z [command]/usr/bin/git checkout --progress --force -B main refs/remotes/origin/main
2026-09-26T15:33:31.9165867Z Switched to a new branch 'main'
2026-09-26T15:33:31.9171588Z branch 'main' set up to track 'origin/main'.
2026-09-26T15:33:31.9178139Z ##[endgroup]
2026-09-26T15:33:31.9216298Z [command]/usr/bin/git log -1 --format=%H
2026-09-26T15:33:31.9239461Z d4165e8acdffa4e0a747b11ac3e1c3c852674293
2026-09-26T15:33:31.9601946Z ##[group]Run actions/setup-python@v5
2026-09-26T15:33:31.9602987Z with:
2026-09-26T15:33:31.9603669Z   python-version: 3.12
2026-09-26T15:33:31.9604430Z   check-latest: false
2026-09-26T15:33:31.9612122Z   token: ***
2026-09-26T15:33:31.9613338Z   update-environment: true
2026-09-26T15:33:31.9614177Z   allow-prereleases: false
2026-09-26T15:33:31.9614990Z   freethreaded: false
2026-09-26T15:33:31.9615721Z ##[endgroup]
2026-09-26T15:33:32.0688378Z ##[group]Installed versions
2026-09-26T15:33:32.0949401Z (node:2026) [DEP0040] DeprecationWarning: The `punycode` module is deprecated. Please use a userland alternative instead.
2026-09-26T15:33:32.0952144Z (Use `node --trace-deprecation ...` to show where the warning was created)
2026-09-26T15:33:32.0954137Z Successfully set up CPython (3.12.14)
2026-09-26T15:33:32.0956241Z ##[endgroup]
2026-09-26T15:33:32.1201314Z ##[group]Run actions/setup-node@v4
2026-09-26T15:33:32.1203145Z with:
2026-09-26T15:33:32.1204384Z   node-version: 24.19.0
2026-09-26T15:33:32.1205679Z   always-auth: false
2026-09-26T15:33:32.1206700Z   check-latest: false
2026-09-26T15:33:32.1215157Z   token: ***
2026-09-26T15:33:32.1215867Z env:
2026-09-26T15:33:32.1216712Z   pythonLocation: /opt/hostedtoolcache/Python/3.12.14/x64
2026-09-26T15:33:32.1218159Z   PKG_CONFIG_PATH: /opt/hostedtoolcache/Python/3.12.14/x64/lib/pkgconfig
2026-09-26T15:33:32.1220687Z   Python_ROOT_DIR: /opt/hostedtoolcache/Python/3.12.14/x64
2026-09-26T15:33:32.1222001Z   Python2_ROOT_DIR: /opt/hostedtoolcache/Python/3.12.14/x64
2026-09-26T15:33:32.1223400Z   Python3_ROOT_DIR: /opt/hostedtoolcache/Python/3.12.14/x64
2026-09-26T15:33:32.1224689Z   LD_LIBRARY_PATH: /opt/hostedtoolcache/Python/3.12.14/x64/lib
2026-09-26T15:33:32.1225787Z ##[endgroup]
2026-09-26T15:33:32.2372089Z Attempting to download 24.19.0...
2026-09-26T15:33:32.2456887Z (node:2034) [DEP0040] DeprecationWarning: The `punycode` module is deprecated. Please use a userland alternative instead.
2026-09-26T15:33:32.2460065Z (Use `node --trace-deprecation ...` to show where the warning was created)
2026-09-26T15:33:33.2282064Z Acquiring 24.19.0 - x64 from https://github.com/actions/node-versions/releases/download/24.19.0-30872449280/node-24.19.0-linux-x64.tar.gz
2026-09-26T15:33:33.8021767Z Extracting ...
2026-09-26T15:33:33.8129041Z [command]/usr/bin/tar xz --strip 1 --warning=no-unknown-keyword --overwrite -C /home/runner/work/_temp/cc10f7a8-6569-4b31-9536-cfcbaeb4e9bd -f /home/runner/work/_temp/b195033a-5653-4adf-8cd6-e02da00e8fcc
2026-09-26T15:33:34.8551208Z Adding to the cache ...
2026-09-26T15:33:36.9013615Z ##[group]Environment details
2026-09-26T15:33:37.0868298Z node: v24.19.0
2026-09-26T15:33:37.0868719Z npm: 11.17.0
2026-09-26T15:33:37.0868978Z yarn: 1.22.22
2026-09-26T15:33:37.0869553Z ##[endgroup]
2026-09-26T15:33:37.1022761Z ##[group]Run pip install -r 07_operations/requirements-v3_2.lock && pip check
2026-09-26T15:33:37.1023287Z [36;1mpip install -r 07_operations/requirements-v3_2.lock && pip check[0m
2026-09-26T15:33:37.1258464Z shell: /usr/bin/bash -e {0}
2026-09-26T15:33:37.1258715Z env:
2026-09-26T15:33:37.1258969Z   pythonLocation: /opt/hostedtoolcache/Python/3.12.14/x64
2026-09-26T15:33:37.1259348Z   PKG_CONFIG_PATH: /opt/hostedtoolcache/Python/3.12.14/x64/lib/pkgconfig
2026-09-26T15:33:37.1259752Z   Python_ROOT_DIR: /opt/hostedtoolcache/Python/3.12.14/x64
2026-09-26T15:33:37.1260053Z   Python2_ROOT_DIR: /opt/hostedtoolcache/Python/3.12.14/x64
2026-09-26T15:33:37.1260353Z   Python3_ROOT_DIR: /opt/hostedtoolcache/Python/3.12.14/x64
2026-09-26T15:33:37.1260648Z   LD_LIBRARY_PATH: /opt/hostedtoolcache/Python/3.12.14/x64/lib
2026-09-26T15:33:37.1260917Z ##[endgroup]
2026-09-26T15:33:37.9410653Z Collecting annotated-types==0.8.0 (from -r 07_operations/requirements-v3_2.lock (line 2))
2026-09-26T15:33:37.9785366Z   Downloading annotated_types-0.8.0-py3-none-any.whl.metadata (15 kB)
2026-09-26T15:33:37.9991793Z Collecting attrs==26.1.0 (from -r 07_operations/requirements-v3_2.lock (line 3))
2026-09-26T15:33:38.0019951Z   Downloading attrs-26.1.0-py3-none-any.whl.metadata (8.8 kB)
2026-09-26T15:33:38.0302966Z Collecting jsonschema==4.26.0 (from -r 07_operations/requirements-v3_2.lock (line 4))
2026-09-26T15:33:38.0331290Z   Downloading jsonschema-4.26.0-py3-none-any.whl.metadata (7.6 kB)
2026-09-26T15:33:38.2276562Z Collecting jsonschema-path==0.5.0 (from -r 07_operations/requirements-v3_2.lock (line 5))
2026-09-26T15:33:38.2308347Z   Downloading jsonschema_path-0.5.0-py3-none-any.whl.metadata (8.1 kB)
2026-09-26T15:33:38.2487638Z Collecting jsonschema-specifications==2025.9.1 (from -r 07_operations/requirements-v3_2.lock (line 6))
2026-09-26T15:33:38.2516777Z   Downloading jsonschema_specifications-2025.9.1-py3-none-any.whl.metadata (2.9 kB)
2026-09-26T15:33:38.2849617Z Collecting lazy-object-proxy==1.12.0 (from -r 07_operations/requirements-v3_2.lock (line 7))
2026-09-26T15:33:38.2881957Z   Downloading lazy_object_proxy-1.12.0-cp312-cp312-manylinux1_x86_64.manylinux_2_28_x86_64.manylinux_2_5_x86_64.whl.metadata (5.1 kB)
2026-09-26T15:33:38.3072355Z Collecting openapi-schema-validator==0.9.0 (from -r 07_operations/requirements-v3_2.lock (line 8))
2026-09-26T15:33:38.3099693Z   Downloading openapi_schema_validator-0.9.0-py3-none-any.whl.metadata (10 kB)
2026-09-26T15:33:38.3289319Z Collecting openapi-spec-validator==0.9.0 (from -r 07_operations/requirements-v3_2.lock (line 9))
2026-09-26T15:33:38.3318262Z   Downloading openapi_spec_validator-0.9.0-py3-none-any.whl.metadata (6.5 kB)
2026-09-26T15:33:38.3486761Z Collecting pathable==0.6.0 (from -r 07_operations/requirements-v3_2.lock (line 10))
2026-09-26T15:33:38.3518604Z   Downloading pathable-0.6.0-py3-none-any.whl.metadata (7.2 kB)
2026-09-26T15:33:38.4666059Z Collecting pglast==8.4 (from -r 07_operations/requirements-v3_2.lock (line 11))
2026-09-26T15:33:38.4698842Z   Downloading pglast-8.4-cp312-cp312-manylinux2014_x86_64.manylinux_2_17_x86_64.manylinux_2_28_x86_64.whl.metadata (4.1 kB)
2026-09-26T15:33:38.5499245Z Collecting pydantic==2.13.5 (from -r 07_operations/requirements-v3_2.lock (line 12))
2026-09-26T15:33:38.5530472Z   Downloading pydantic-2.13.5-py3-none-any.whl.metadata (110 kB)
2026-09-26T15:33:38.5774919Z Collecting pydantic-settings==2.15.0 (from -r 07_operations/requirements-v3_2.lock (line 13))
2026-09-26T15:33:38.5804304Z   Downloading pydantic_settings-2.15.0-py3-none-any.whl.metadata (3.9 kB)
2026-09-26T15:33:39.0742067Z Collecting pydantic_core==2.46.5 (from -r 07_operations/requirements-v3_2.lock (line 14))
2026-09-26T15:33:39.0774763Z   Downloading pydantic_core-2.46.5-cp312-cp312-manylinux_2_17_x86_64.manylinux2014_x86_64.whl.metadata (6.6 kB)
2026-09-26T15:33:39.0956714Z Collecting python-dotenv==1.2.3 (from -r 07_operations/requirements-v3_2.lock (line 15))
2026-09-26T15:33:39.0984480Z   Downloading python_dotenv-1.2.3-py3-none-any.whl.metadata (29 kB)
2026-09-26T15:33:39.1314840Z Collecting PyYAML==6.0.3 (from -r 07_operations/requirements-v3_2.lock (line 16))
2026-09-26T15:33:39.1346007Z   Downloading pyyaml-6.0.3-cp312-cp312-manylinux2014_x86_64.manylinux_2_17_x86_64.manylinux_2_28_x86_64.whl.metadata (2.4 kB)
2026-09-26T15:33:39.1556323Z Collecting referencing==0.37.0 (from -r 07_operations/requirements-v3_2.lock (line 17))
2026-09-26T15:33:39.1585511Z   Downloading referencing-0.37.0-py3-none-any.whl.metadata (2.8 kB)
2026-09-26T15:33:39.1880118Z Collecting rfc3339-validator==0.1.4 (from -r 07_operations/requirements-v3_2.lock (line 18))
2026-09-26T15:33:39.1909699Z   Downloading rfc3339_validator-0.1.4-py2.py3-none-any.whl.metadata (1.5 kB)
2026-09-26T15:33:39.2069487Z Collecting rfc8785==0.1.4 (from -r 07_operations/requirements-v3_2.lock (line 19))
2026-09-26T15:33:39.2097535Z   Downloading rfc8785-0.1.4-py3-none-any.whl.metadata (3.4 kB)
2026-09-26T15:33:39.3952386Z Collecting rpds-py==2026.6.3 (from -r 07_operations/requirements-v3_2.lock (line 20))
2026-09-26T15:33:39.3986656Z   Downloading rpds_py-2026.6.3-cp312-cp312-manylinux_2_17_x86_64.manylinux2014_x86_64.whl.metadata (4.1 kB)
2026-09-26T15:33:39.4150731Z Collecting six==1.17.0 (from -r 07_operations/requirements-v3_2.lock (line 21))
2026-09-26T15:33:39.4178556Z   Downloading six-1.17.0-py2.py3-none-any.whl.metadata (1.7 kB)
2026-09-26T15:33:39.4339081Z Collecting typing-inspection==0.4.4 (from -r 07_operations/requirements-v3_2.lock (line 22))
2026-09-26T15:33:39.4367565Z   Downloading typing_inspection-0.4.4-py3-none-any.whl.metadata (2.6 kB)
2026-09-26T15:33:39.4549803Z Collecting typing_extensions==4.16.0 (from -r 07_operations/requirements-v3_2.lock (line 23))
2026-09-26T15:33:39.4577912Z   Downloading typing_extensions-4.16.0-py3-none-any.whl.metadata (3.3 kB)
2026-09-26T15:33:39.4839103Z Downloading annotated_types-0.8.0-py3-none-any.whl (13 kB)
2026-09-26T15:33:39.4886861Z Downloading attrs-26.1.0-py3-none-any.whl (67 kB)
2026-09-26T15:33:39.4934186Z Downloading jsonschema-4.26.0-py3-none-any.whl (90 kB)
2026-09-26T15:33:39.4978976Z Downloading jsonschema_path-0.5.0-py3-none-any.whl (24 kB)
2026-09-26T15:33:39.5021761Z Downloading pathable-0.6.0-py3-none-any.whl (18 kB)
2026-09-26T15:33:39.5067115Z Downloading referencing-0.37.0-py3-none-any.whl (26 kB)
2026-09-26T15:33:39.5114280Z Downloading jsonschema_specifications-2025.9.1-py3-none-any.whl (18 kB)
2026-09-26T15:33:39.5158274Z Downloading lazy_object_proxy-1.12.0-cp312-cp312-manylinux1_x86_64.manylinux_2_28_x86_64.manylinux_2_5_x86_64.whl (71 kB)
2026-09-26T15:33:39.5204391Z Downloading openapi_schema_validator-0.9.0-py3-none-any.whl (19 kB)
2026-09-26T15:33:39.5246284Z Downloading pydantic-2.13.5-py3-none-any.whl (472 kB)
2026-09-26T15:33:39.5330461Z Downloading pydantic_settings-2.15.0-py3-none-any.whl (69 kB)
2026-09-26T15:33:39.5373722Z Downloading openapi_spec_validator-0.9.0-py3-none-any.whl (50 kB)
2026-09-26T15:33:39.5420335Z Downloading pglast-8.4-cp312-cp312-manylinux2014_x86_64.manylinux_2_17_x86_64.manylinux_2_28_x86_64.whl (6.3 MB)
2026-09-26T15:33:39.5962218Z    ━━━━━━━━━━━━━━━━━━━━━━━━━━━━━━━━━━━━━━━━ 6.3/6.3 MB 121.5 MB/s  0:00:00
2026-09-26T15:33:39.5999746Z Downloading pydantic_core-2.46.5-cp312-cp312-manylinux_2_17_x86_64.manylinux2014_x86_64.whl (2.1 MB)
2026-09-26T15:33:39.6145826Z    ━━━━━━━━━━━━━━━━━━━━━━━━━━━━━━━━━━━━━━━━ 2.1/2.1 MB 145.3 MB/s  0:00:00
2026-09-26T15:33:39.6176660Z Downloading python_dotenv-1.2.3-py3-none-any.whl (22 kB)
2026-09-26T15:33:39.6225358Z Downloading pyyaml-6.0.3-cp312-cp312-manylinux2014_x86_64.manylinux_2_17_x86_64.manylinux_2_28_x86_64.whl (807 kB)
2026-09-26T15:33:39.6267177Z    ━━━━━━━━━━━━━━━━━━━━━━━━━━━━━━━━━━━━━━━━ 807.9/807.9 kB 228.4 MB/s  0:00:00
2026-09-26T15:33:39.6297228Z Downloading rfc3339_validator-0.1.4-py2.py3-none-any.whl (3.5 kB)
2026-09-26T15:33:39.6341998Z Downloading rfc8785-0.1.4-py3-none-any.whl (9.2 kB)
2026-09-26T15:33:39.6382763Z Downloading rpds_py-2026.6.3-cp312-cp312-manylinux_2_17_x86_64.manylinux2014_x86_64.whl (366 kB)
2026-09-26T15:33:39.6432117Z Downloading six-1.17.0-py2.py3-none-any.whl (11 kB)
2026-09-26T15:33:39.6473275Z Downloading typing_inspection-0.4.4-py3-none-any.whl (14 kB)
2026-09-26T15:33:39.6515229Z Downloading typing_extensions-4.16.0-py3-none-any.whl (45 kB)
2026-09-26T15:33:39.7442123Z Installing collected packages: pglast, typing_extensions, six, rpds-py, rfc8785, PyYAML, python-dotenv, pathable, lazy-object-proxy, attrs, annotated-types, typing-inspection, rfc3339-validator, referencing, pydantic_core, pydantic, jsonschema-specifications, jsonschema-path, pydantic-settings, jsonschema, openapi-schema-validator, openapi-spec-validator
2026-09-26T15:33:40.9780867Z 
2026-09-26T15:33:40.9803609Z Successfully installed PyYAML-6.0.3 annotated-types-0.8.0 attrs-26.1.0 jsonschema-4.26.0 jsonschema-path-0.5.0 jsonschema-specifications-2025.9.1 lazy-object-proxy-1.12.0 openapi-schema-validator-0.9.0 openapi-spec-validator-0.9.0 pathable-0.6.0 pglast-8.4 pydantic-2.13.5 pydantic-settings-2.15.0 pydantic_core-2.46.5 python-dotenv-1.2.3 referencing-0.37.0 rfc3339-validator-0.1.4 rfc8785-0.1.4 rpds-py-2026.6.3 six-1.17.0 typing-inspection-0.4.4 typing_extensions-4.16.0
2026-09-26T15:33:41.3044579Z No broken requirements found.
2026-09-26T15:33:41.3318188Z ##[group]Run python -m unittest discover -s 07_operations/tests -v
2026-09-26T15:33:41.3318590Z [36;1mpython -m unittest discover -s 07_operations/tests -v[0m
2026-09-26T15:33:41.3376299Z shell: /usr/bin/bash -e {0}
2026-09-26T15:33:41.3376517Z env:
2026-09-26T15:33:41.3376923Z   pythonLocation: /opt/hostedtoolcache/Python/3.12.14/x64
2026-09-26T15:33:41.3377284Z   PKG_CONFIG_PATH: /opt/hostedtoolcache/Python/3.12.14/x64/lib/pkgconfig
2026-09-26T15:33:41.3377630Z   Python_ROOT_DIR: /opt/hostedtoolcache/Python/3.12.14/x64
2026-09-26T15:33:41.3377934Z   Python2_ROOT_DIR: /opt/hostedtoolcache/Python/3.12.14/x64
2026-09-26T15:33:41.3378234Z   Python3_ROOT_DIR: /opt/hostedtoolcache/Python/3.12.14/x64
2026-09-26T15:33:41.3378531Z   LD_LIBRARY_PATH: /opt/hostedtoolcache/Python/3.12.14/x64/lib
2026-09-26T15:33:41.3378785Z ##[endgroup]
2026-09-26T15:33:41.4345134Z test_changed_bytes_rejected (test_original_contract_adapter.AdapterGuards.test_changed_bytes_rejected) ... ok
2026-09-26T15:33:41.4351292Z test_extra_file_rejected (test_original_contract_adapter.AdapterGuards.test_extra_file_rejected) ... ok
2026-09-26T15:33:41.4355223Z test_false_summary_rejected (test_original_contract_adapter.AdapterGuards.test_false_summary_rejected) ... ok
2026-09-26T15:33:41.4361009Z test_intact_source (test_original_contract_adapter.AdapterGuards.test_intact_source) ... ok
2026-09-26T15:33:41.4365064Z test_missing_checks_rejected (test_original_contract_adapter.AdapterGuards.test_missing_checks_rejected) ... ok
2026-09-26T15:33:41.4370064Z test_missing_file_rejected (test_original_contract_adapter.AdapterGuards.test_missing_file_rejected) ... ok
2026-09-26T15:33:41.4376973Z test_path_escape_rejected (test_original_contract_adapter.AdapterGuards.test_path_escape_rejected) ... ok
2026-09-26T15:33:41.4380878Z test_report_counts_derived_from_checks (test_original_contract_adapter.AdapterGuards.test_report_counts_derived_from_checks) ... ok
2026-09-26T15:33:41.4384599Z test_sql_failure_rejected (test_original_contract_adapter.AdapterGuards.test_sql_failure_rejected) ... ok
2026-09-26T15:33:41.4385124Z 
2026-09-26T15:33:41.4385418Z ----------------------------------------------------------------------
2026-09-26T15:33:41.4385750Z Ran 9 tests in 0.005s
2026-09-26T15:33:41.4385878Z 
2026-09-26T15:33:41.4385952Z OK
2026-09-26T15:33:41.4487616Z ##[group]Run python 07_operations/scripts/check_original_contracts.py
2026-09-26T15:33:41.4488026Z [36;1mpython 07_operations/scripts/check_original_contracts.py[0m
2026-09-26T15:33:41.4545154Z shell: /usr/bin/bash -e {0}
2026-09-26T15:33:41.4545358Z env:
2026-09-26T15:33:41.4545573Z   pythonLocation: /opt/hostedtoolcache/Python/3.12.14/x64
2026-09-26T15:33:41.4545926Z   PKG_CONFIG_PATH: /opt/hostedtoolcache/Python/3.12.14/x64/lib/pkgconfig
2026-09-26T15:33:41.4546259Z   Python_ROOT_DIR: /opt/hostedtoolcache/Python/3.12.14/x64
2026-09-26T15:33:41.4546560Z   Python2_ROOT_DIR: /opt/hostedtoolcache/Python/3.12.14/x64
2026-09-26T15:33:41.4546855Z   Python3_ROOT_DIR: /opt/hostedtoolcache/Python/3.12.14/x64
2026-09-26T15:33:41.4547158Z   LD_LIBRARY_PATH: /opt/hostedtoolcache/Python/3.12.14/x64/lib
2026-09-26T15:33:41.4547412Z ##[endgroup]
2026-09-26T15:33:44.6476409Z {
2026-09-26T15:33:44.6476811Z   "utc": "2026-09-26T15:33:41.492740+00:00",
2026-09-26T15:33:44.6477409Z   "commit": "d4165e8acdffa4e0a747b11ac3e1c3c852674293",
2026-09-26T15:33:44.6477860Z   "working_tree_dirty": false,
2026-09-26T15:33:44.6478421Z   "adapter_sha256": "0809d4c1a131d9d6361ae730e37757b92909ffb1a89818db060f03e4310e5fa3",
2026-09-26T15:33:44.6479080Z   "python": "3.12.14 (main, Aug 13 2026, 02:47:42) [GCC 13.3.0]",
2026-09-26T15:33:44.6479458Z   "status": "PASS",
2026-09-26T15:33:44.6479644Z   "commands": [
2026-09-26T15:33:44.6479810Z     {
2026-09-26T15:33:44.6479983Z       "name": "npm-ci",
2026-09-26T15:33:44.6480173Z       "exit_code": 0
2026-09-26T15:33:44.6480346Z     },
2026-09-26T15:33:44.6480498Z     {
2026-09-26T15:33:44.6480677Z       "name": "contract",
2026-09-26T15:33:44.6480870Z       "exit_code": 0
2026-09-26T15:33:44.6481034Z     },
2026-09-26T15:33:44.6481180Z     {
2026-09-26T15:33:44.6481326Z       "name": "sql",
2026-09-26T15:33:44.6481492Z       "exit_code": 0
2026-09-26T15:33:44.6481657Z     }
2026-09-26T15:33:44.6481800Z   ],
2026-09-26T15:33:44.6481985Z   "original_files_verified": 102,
2026-09-26T15:33:44.6482491Z   "package_version": "3.2.0",
2026-09-26T15:33:44.6483096Z   "manifest_sha256": "617245605096b3b9cc5f141dda352abc180d97f11738297949c3195711cc0e6d",
2026-09-26T15:33:44.6483440Z   "node": "v24.19.0",
2026-09-26T15:33:44.6483614Z   "contract": {
2026-09-26T15:33:44.6483788Z     "passed": 115,
2026-09-26T15:33:44.6483958Z     "failed": 0,
2026-09-26T15:33:44.6484122Z     "total": 115
2026-09-26T15:33:44.6484280Z   },
2026-09-26T15:33:44.6484429Z   "sql": {
2026-09-26T15:33:44.6484594Z     "passed": 22,
2026-09-26T15:33:44.6484761Z     "failed": 0,
2026-09-26T15:33:44.6484920Z     "total": 22
2026-09-26T15:33:44.6485074Z   },
2026-09-26T15:33:44.6485363Z   "sql_engine": "Original PGlite PostgreSQL WASM suite; not native concurrency"
2026-09-26T15:33:44.6485667Z }
2026-09-26T15:33:44.6584748Z ##[group]Run actions/upload-artifact@v4
2026-09-26T15:33:44.6584977Z with:
2026-09-26T15:33:44.6585149Z   name: original-v3-2-evidence
2026-09-26T15:33:44.6585355Z   path: 06_quality/evidence/v3_2/
2026-09-26T15:33:44.6585572Z   if-no-files-found: warn
2026-09-26T15:33:44.6585760Z   compression-level: 6
2026-09-26T15:33:44.6585947Z   overwrite: false
2026-09-26T15:33:44.6586121Z   include-hidden-files: false
2026-09-26T15:33:44.6586306Z env:
2026-09-26T15:33:44.6586515Z   pythonLocation: /opt/hostedtoolcache/Python/3.12.14/x64
2026-09-26T15:33:44.6586854Z   PKG_CONFIG_PATH: /opt/hostedtoolcache/Python/3.12.14/x64/lib/pkgconfig
2026-09-26T15:33:44.6587199Z   Python_ROOT_DIR: /opt/hostedtoolcache/Python/3.12.14/x64
2026-09-26T15:33:44.6587498Z   Python2_ROOT_DIR: /opt/hostedtoolcache/Python/3.12.14/x64
2026-09-26T15:33:44.6587789Z   Python3_ROOT_DIR: /opt/hostedtoolcache/Python/3.12.14/x64
2026-09-26T15:33:44.6588086Z   LD_LIBRARY_PATH: /opt/hostedtoolcache/Python/3.12.14/x64/lib
2026-09-26T15:33:44.6588370Z ##[endgroup]
2026-09-26T15:33:44.7912406Z (node:2151) [DEP0040] DeprecationWarning: The `punycode` module is deprecated. Please use a userland alternative instead.
2026-09-26T15:33:44.7913690Z (Use `node --trace-deprecation ...` to show where the warning was created)
2026-09-26T15:33:44.7983534Z With the provided path, there will be 9 files uploaded
2026-09-26T15:33:44.7984345Z Artifact name is valid!
2026-09-26T15:33:44.7984667Z Root directory input is valid!
2026-09-26T15:33:45.1192746Z Beginning upload of artifact content to blob storage
2026-09-26T15:33:45.1443284Z (node:2151) [DEP0169] DeprecationWarning: `url.parse()` behavior is not standardized and prone to errors that have security implications. Use the WHATWG URL API instead. CVEs are not issued for `url.parse()` vulnerabilities.
2026-09-26T15:33:45.3644308Z Uploaded bytes 8102
2026-09-26T15:33:45.4291917Z Finished uploading artifact content to blob storage!
2026-09-26T15:33:45.4293238Z SHA256 digest of uploaded artifact zip is 0ce89bec0543d91a919a4e93672128447d4ba5c56b72d858fb4a34daf808e951
2026-09-26T15:33:45.4294103Z Finalizing artifact upload
2026-09-26T15:33:45.6764886Z Artifact original-v3-2-evidence.zip successfully finalized. Artifact ID 10909267041
2026-09-26T15:33:45.6766036Z Artifact original-v3-2-evidence has been successfully uploaded! Final size is 8102 bytes. Artifact ID is 10909267041
2026-09-26T15:33:45.6771873Z Artifact download URL: https://github.com/Phucht59/mingo/actions/runs/36252349822/artifacts/10909267041
2026-09-26T15:33:45.6918899Z Post job cleanup.
2026-09-26T15:33:45.7932268Z (node:2166) [DEP0040] DeprecationWarning: The `punycode` module is deprecated. Please use a userland alternative instead.
2026-09-26T15:33:45.7933488Z (Use `node --trace-deprecation ...` to show where the warning was created)
2026-09-26T15:33:45.8067393Z Post job cleanup.
2026-09-26T15:33:45.9051274Z (node:2174) [DEP0040] DeprecationWarning: The `punycode` module is deprecated. Please use a userland alternative instead.
2026-09-26T15:33:45.9052358Z (Use `node --trace-deprecation ...` to show where the warning was created)
2026-09-26T15:33:45.9181829Z Post job cleanup.
2026-09-26T15:33:45.9894124Z [command]/usr/bin/git version
2026-09-26T15:33:45.9929864Z git version 2.55.0
2026-09-26T15:33:45.9958993Z Temporarily overriding HOME='/home/runner/work/_temp/d831668b-0e92-43f8-a1c4-9ac8bda70db8' before making global git config changes
2026-09-26T15:33:45.9960279Z Adding repository directory to the temporary git global config as a safe directory
2026-09-26T15:33:45.9963795Z [command]/usr/bin/git config --global --add safe.directory /home/runner/work/mingo/mingo
2026-09-26T15:33:45.9998385Z [command]/usr/bin/git config --local --name-only --get-regexp core\.sshCommand
2026-09-26T15:33:46.0028988Z [command]/usr/bin/git submodule foreach --recursive sh -c "git config --local --name-only --get-regexp 'core\.sshCommand' && git config --local --unset-all 'core.sshCommand' || :"
2026-09-26T15:33:46.0245797Z [command]/usr/bin/git config --local --name-only --get-regexp http\.https\:\/\/github\.com\/\.extraheader
2026-09-26T15:33:46.0271232Z http.https://github.com/.extraheader
2026-09-26T15:33:46.0281118Z [command]/usr/bin/git config --local --unset-all http.https://github.com/.extraheader
2026-09-26T15:33:46.0313299Z [command]/usr/bin/git submodule foreach --recursive sh -c "git config --local --name-only --get-regexp 'http\.https\:\/\/github\.com\/\.extraheader' && git config --local --unset-all 'http.https://github.com/.extraheader' || :"
2026-09-26T15:33:46.0530119Z [command]/usr/bin/git config --local --name-only --get-regexp ^includeIf\.gitdir:
2026-09-26T15:33:46.0579201Z [command]/usr/bin/git submodule foreach --recursive git config --local --show-origin --name-only --get-regexp remote.origin.url
2026-09-26T15:33:46.0914919Z Cleaning up orphan processes
2026-09-26T15:33:46.1189964Z ##[warning]Node.js 20 is deprecated. The following actions target Node.js 20 but are being forced to run on Node.js 24: actions/checkout@v4, actions/setup-node@v4, actions/setup-python@v5, actions/upload-artifact@v4. For more information see: https://github.blog/changelog/2025-09-19-deprecation-of-node-20-on-github-actions-runners/
