2026-09-26T15:33:29.6426694Z Current runner version: '2.337.0'
2026-09-26T15:33:29.6444436Z ##[group]Runner Image Provisioner
2026-09-26T15:33:29.6445073Z Hosted Compute Agent
2026-09-26T15:33:29.6445442Z Version: 20260828.587
2026-09-26T15:33:29.6445881Z Commit: abac92662cab4cc7352de4f9f9d2e2419aad9c29
2026-09-26T15:33:29.6446353Z Build Date: 2026-08-28T16:44:25Z
2026-09-26T15:33:29.6446767Z Worker ID: {1f572991-e417-4c50-9b59-8c39d59154fb}
2026-09-26T15:33:29.6447244Z Azure Region: westus3
2026-09-26T15:33:29.6447604Z ##[endgroup]
2026-09-26T15:33:29.6448401Z ##[group]Operating System
2026-09-26T15:33:29.6448818Z Ubuntu
2026-09-26T15:33:29.6449142Z 24.04.5
2026-09-26T15:33:29.6449452Z LTS
2026-09-26T15:33:29.6449939Z ##[endgroup]
2026-09-26T15:33:29.6450306Z ##[group]Runner Image
2026-09-26T15:33:29.6450697Z Image: ubuntu-24.04
2026-09-26T15:33:29.6451060Z Version: 20260920.314.1
2026-09-26T15:33:29.6451844Z Included Software: https://github.com/actions/runner-images/blob/ubuntu24/20260920.314/images/ubuntu/Ubuntu2404-Readme.md
2026-09-26T15:33:29.6452761Z Image Release: https://github.com/actions/runner-images/releases/tag/ubuntu24%2F20260920.314
2026-09-26T15:33:29.6453352Z ##[endgroup]
2026-09-26T15:33:29.6454308Z ##[group]GITHUB_TOKEN Permissions
2026-09-26T15:33:29.6455679Z Contents: read
2026-09-26T15:33:29.6456068Z Metadata: read
2026-09-26T15:33:29.6456459Z ##[endgroup]
2026-09-26T15:33:29.6457766Z Secret source: Actions
2026-09-26T15:33:29.6458339Z Cache mode: write
2026-09-26T15:33:29.6458799Z Prepare workflow directory
2026-09-26T15:33:29.6663827Z Prepare all required actions
2026-09-26T15:33:29.6695395Z Getting action download info
2026-09-26T15:33:29.9734481Z Download action repository 'actions/checkout@v4' (SHA:11d5960a326750d5838078e36cf38b85af677262)
2026-09-26T15:33:30.0463411Z Download action repository 'subosito/flutter-action@v2' (SHA:1a449444c387b1966244ae4d4f8c696479add0b2)
2026-09-26T15:33:30.4829099Z Getting action download info
2026-09-26T15:33:30.6145032Z Download action repository 'actions/cache@v5' (SHA:caa296126883cff596d87d8935842f9db880ef25)
2026-09-26T15:33:30.7585574Z Complete job name: flutter (learner)
2026-09-26T15:33:30.8028178Z ##[group]Run actions/checkout@v4
2026-09-26T15:33:30.8028591Z with:
2026-09-26T15:33:30.8028833Z   repository: Phucht59/mingo
2026-09-26T15:33:30.8031331Z   token: ***
2026-09-26T15:33:30.8031567Z   ssh-strict: true
2026-09-26T15:33:30.8031801Z   ssh-user: git
2026-09-26T15:33:30.8032045Z   persist-credentials: true
2026-09-26T15:33:30.8032307Z   clean: true
2026-09-26T15:33:30.8032555Z   sparse-checkout-cone-mode: true
2026-09-26T15:33:30.8032836Z   fetch-depth: 1
2026-09-26T15:33:30.8033068Z   fetch-tags: false
2026-09-26T15:33:30.8033310Z   show-progress: true
2026-09-26T15:33:30.8033550Z   lfs: false
2026-09-26T15:33:30.8033774Z   submodules: false
2026-09-26T15:33:30.8034018Z   set-safe-directory: true
2026-09-26T15:33:30.8034292Z   allow-unsafe-pr-checkout: false
2026-09-26T15:33:30.8034669Z ##[endgroup]
2026-09-26T15:33:30.8724634Z Syncing repository: Phucht59/mingo
2026-09-26T15:33:30.8726394Z ##[group]Getting Git version info
2026-09-26T15:33:30.8727018Z Working directory is '/home/runner/work/mingo/mingo'
2026-09-26T15:33:30.8727989Z [command]/usr/bin/git version
2026-09-26T15:33:30.8826126Z git version 2.55.0
2026-09-26T15:33:30.8841214Z ##[endgroup]
2026-09-26T15:33:30.8852548Z Temporarily overriding HOME='/home/runner/work/_temp/7459fa81-72b4-482e-afa6-496b776f07d3' before making global git config changes
2026-09-26T15:33:30.8856642Z Adding repository directory to the temporary git global config as a safe directory
2026-09-26T15:33:30.8857310Z [command]/usr/bin/git config --global --add safe.directory /home/runner/work/mingo/mingo
2026-09-26T15:33:30.8910449Z Deleting the contents of '/home/runner/work/mingo/mingo'
2026-09-26T15:33:30.8911302Z ##[group]Initializing the repository
2026-09-26T15:33:30.8911688Z [command]/usr/bin/git init /home/runner/work/mingo/mingo
2026-09-26T15:33:30.9025893Z hint: Using 'master' as the name for the initial branch. This default branch name
2026-09-26T15:33:30.9027234Z hint: will change to "main" in Git 3.0. To configure the initial branch name
2026-09-26T15:33:30.9028119Z hint: to use in all of your new repositories, which will suppress this warning,
2026-09-26T15:33:30.9028807Z hint: call:
2026-09-26T15:33:30.9029158Z hint:
2026-09-26T15:33:30.9029790Z hint: 	git config --global init.defaultBranch <name>
2026-09-26T15:33:30.9030346Z hint:
2026-09-26T15:33:30.9030865Z hint: Names commonly chosen instead of 'master' are 'main', 'trunk' and
2026-09-26T15:33:30.9031715Z hint: 'development'. The just-created branch can be renamed via this command:
2026-09-26T15:33:30.9032401Z hint:
2026-09-26T15:33:30.9032762Z hint: 	git branch -m <name>
2026-09-26T15:33:30.9033179Z hint:
2026-09-26T15:33:30.9033719Z hint: Disable this message with "git config set advice.defaultBranchName false"
2026-09-26T15:33:30.9034586Z Initialized empty Git repository in /home/runner/work/mingo/mingo/.git/
2026-09-26T15:33:30.9038308Z [command]/usr/bin/git remote add origin https://github.com/Phucht59/mingo
2026-09-26T15:33:30.9210158Z ##[endgroup]
2026-09-26T15:33:30.9210958Z ##[group]Disabling automatic garbage collection
2026-09-26T15:33:30.9213483Z [command]/usr/bin/git config --local gc.auto 0
2026-09-26T15:33:30.9247942Z ##[endgroup]
2026-09-26T15:33:30.9248370Z ##[group]Setting up auth
2026-09-26T15:33:30.9252992Z [command]/usr/bin/git config --local --name-only --get-regexp core\.sshCommand
2026-09-26T15:33:30.9284337Z [command]/usr/bin/git submodule foreach --recursive sh -c "git config --local --name-only --get-regexp 'core\.sshCommand' && git config --local --unset-all 'core.sshCommand' || :"
2026-09-26T15:33:30.9580677Z [command]/usr/bin/git config --local --name-only --get-regexp http\.https\:\/\/github\.com\/\.extraheader
2026-09-26T15:33:30.9611017Z [command]/usr/bin/git submodule foreach --recursive sh -c "git config --local --name-only --get-regexp 'http\.https\:\/\/github\.com\/\.extraheader' && git config --local --unset-all 'http.https://github.com/.extraheader' || :"
2026-09-26T15:33:30.9783598Z [command]/usr/bin/git config --local --name-only --get-regexp ^includeIf\.gitdir:
2026-09-26T15:33:30.9813039Z [command]/usr/bin/git submodule foreach --recursive git config --local --show-origin --name-only --get-regexp remote.origin.url
2026-09-26T15:33:30.9985805Z [command]/usr/bin/git config --local http.https://github.com/.extraheader AUTHORIZATION: basic ***
2026-09-26T15:33:31.0018519Z ##[endgroup]
2026-09-26T15:33:31.0019094Z ##[group]Fetching the repository
2026-09-26T15:33:31.0024670Z [command]/usr/bin/git -c protocol.version=2 fetch --no-tags --prune --no-recurse-submodules --depth=1 origin +d4165e8acdffa4e0a747b11ac3e1c3c852674293:refs/remotes/origin/main
2026-09-26T15:33:31.8885170Z From https://github.com/Phucht59/mingo
2026-09-26T15:33:31.8885821Z  * [new ref]         d4165e8acdffa4e0a747b11ac3e1c3c852674293 -> origin/main
2026-09-26T15:33:31.8888557Z ##[endgroup]
2026-09-26T15:33:31.8889110Z ##[group]Determining the checkout info
2026-09-26T15:33:31.8890823Z ##[endgroup]
2026-09-26T15:33:31.8895344Z [command]/usr/bin/git sparse-checkout disable
2026-09-26T15:33:31.8943699Z [command]/usr/bin/git config --local --unset-all extensions.worktreeConfig
2026-09-26T15:33:31.8973868Z ##[group]Checking out the ref
2026-09-26T15:33:31.8976627Z [command]/usr/bin/git checkout --progress --force -B main refs/remotes/origin/main
2026-09-26T15:33:31.9209150Z Switched to a new branch 'main'
2026-09-26T15:33:31.9213926Z branch 'main' set up to track 'origin/main'.
2026-09-26T15:33:31.9218614Z ##[endgroup]
2026-09-26T15:33:31.9251792Z [command]/usr/bin/git log -1 --format=%H
2026-09-26T15:33:31.9273448Z d4165e8acdffa4e0a747b11ac3e1c3c852674293
2026-09-26T15:33:31.9605427Z ##[group]Run subosito/flutter-action@v2
2026-09-26T15:33:31.9605816Z with:
2026-09-26T15:33:31.9606077Z   flutter-version: 3.32.8
2026-09-26T15:33:31.9606363Z   channel: stable
2026-09-26T15:33:31.9606626Z   architecture: X64
2026-09-26T15:33:31.9606912Z   cache: false
2026-09-26T15:33:31.9607228Z   pub-cache-path: default
2026-09-26T15:33:31.9607685Z   dry-run: false
2026-09-26T15:33:31.9608005Z   git-source: https://github.com/flutter/flutter.git
2026-09-26T15:33:31.9608380Z ##[endgroup]
2026-09-26T15:33:31.9648618Z ##[start-action display=Make yq tool available on Windows runners;id=__subosito_flutter-action.__run]
2026-09-26T15:33:31.9663404Z ##[end-action id=__subosito_flutter-action.__run;outcome=skipped;conclusion=skipped;duration_ms=0]
2026-09-26T15:33:31.9665587Z ##[start-action display=Make setup script executable;id=__subosito_flutter-action.__run_2]
2026-09-26T15:33:31.9694095Z ##[group]Run chmod +x "$GITHUB_ACTION_PATH/setup.sh"
2026-09-26T15:33:31.9694593Z [36;1mchmod +x "$GITHUB_ACTION_PATH/setup.sh"[0m
2026-09-26T15:33:31.9932113Z shell: /usr/bin/bash --noprofile --norc -e -o pipefail {0}
2026-09-26T15:33:31.9932532Z ##[endgroup]
2026-09-26T15:33:32.0032285Z ##[end-action id=__subosito_flutter-action.__run_2;outcome=success;conclusion=success;duration_ms=36]
2026-09-26T15:33:32.0034649Z ##[start-action display=Set action inputs;id=__subosito_flutter-action.flutter-action]
2026-09-26T15:33:32.0063447Z ##[group]Run $GITHUB_ACTION_PATH/setup.sh -p \
2026-09-26T15:33:32.0063868Z [36;1m$GITHUB_ACTION_PATH/setup.sh -p \[0m
2026-09-26T15:33:32.0064215Z [36;1m  -n '3.32.8' \[0m
2026-09-26T15:33:32.0064492Z [36;1m  -f '' \[0m
2026-09-26T15:33:32.0064749Z [36;1m  -a 'X64' \[0m
2026-09-26T15:33:32.0065011Z [36;1m  -k '' \[0m
2026-09-26T15:33:32.0065265Z [36;1m  -c '' \[0m
2026-09-26T15:33:32.0065517Z [36;1m  -l '' \[0m
2026-09-26T15:33:32.0065776Z [36;1m  -d 'default' \[0m
2026-09-26T15:33:32.0066135Z [36;1m  -g 'https://github.com/flutter/flutter.git' \[0m
2026-09-26T15:33:32.0066517Z [36;1m  stable[0m
2026-09-26T15:33:32.0113313Z shell: /usr/bin/bash --noprofile --norc -e -o pipefail {0}
2026-09-26T15:33:32.0113690Z ##[endgroup]
2026-09-26T15:33:32.1613747Z ##[end-action id=__subosito_flutter-action.flutter-action;outcome=success;conclusion=success;duration_ms=157]
2026-09-26T15:33:32.1619095Z ##[start-action display=Cache Flutter;id=__subosito_flutter-action.cache-flutter]
2026-09-26T15:33:32.1624740Z ##[end-action id=__subosito_flutter-action.cache-flutter;outcome=skipped;conclusion=skipped;duration_ms=0]
2026-09-26T15:33:32.1627658Z ##[start-action display=Cache pub dependencies;id=__subosito_flutter-action.cache-pub]
2026-09-26T15:33:32.1640799Z ##[end-action id=__subosito_flutter-action.cache-pub;outcome=skipped;conclusion=skipped;duration_ms=0]
2026-09-26T15:33:32.1643819Z ##[start-action display=Run setup script;id=__subosito_flutter-action.__run_3]
2026-09-26T15:33:32.1676634Z ##[group]Run $GITHUB_ACTION_PATH/setup.sh \
2026-09-26T15:33:32.1677194Z [36;1m$GITHUB_ACTION_PATH/setup.sh \[0m
2026-09-26T15:33:32.1677667Z [36;1m  -n '3.32.8' \[0m
2026-09-26T15:33:32.1678009Z [36;1m  -a 'x64' \[0m
2026-09-26T15:33:32.1678500Z [36;1m  -c '/opt/hostedtoolcache/flutter/stable-3.32.8-x64' \[0m
2026-09-26T15:33:32.1679163Z [36;1m  -d '/home/runner/.pub-cache' \[0m
2026-09-26T15:33:32.1679765Z [36;1m  stable[0m
2026-09-26T15:33:32.1732729Z shell: /usr/bin/bash --noprofile --norc -e -o pipefail {0}
2026-09-26T15:33:32.1733319Z ##[endgroup]
2026-09-26T15:33:32.2930889Z   % Total    % Received % Xferd  Average Speed   Time    Time     Time  Current
2026-09-26T15:33:32.2932189Z                                  Dload  Upload   Total   Spent    Left  Speed
2026-09-26T15:33:33.0382206Z 
2026-09-26T15:33:33.0383368Z   0     0    0     0    0     0      0      0 --:--:-- --:--:-- --:--:--     0
2026-09-26T15:33:34.0751672Z   7 1367M    7 97.3M    0     0   130M      0  0:00:10 --:--:--  0:00:10  130M
2026-09-26T15:33:35.1052581Z  18 1367M   18  256M    0     0   143M      0  0:00:09  0:00:01  0:00:08  143M
2026-09-26T15:33:36.2779037Z  31 1367M   31  424M    0     0   150M      0  0:00:09  0:00:02  0:00:07  150M
2026-09-26T15:33:37.1621536Z  46 1367M   46  632M    0     0   158M      0  0:00:08  0:00:03  0:00:05  158M
2026-09-26T15:33:38.1646248Z  64 1367M   64  884M    0     0   181M      0  0:00:07  0:00:04  0:00:03  181M
2026-09-26T15:33:39.0385862Z  74 1367M   74 1024M    0     0   174M      0  0:00:07  0:00:05  0:00:02  180M
2026-09-26T15:33:39.5546692Z  89 1367M   89 1222M    0     0   181M      0  0:00:07  0:00:06  0:00:01  194M
2026-09-26T15:34:17.2479587Z 100 1367M  100 1367M    0     0   188M      0  0:00:07  0:00:07 --:--:--  212M
2026-09-26T15:34:17.2491756Z ##[end-action id=__subosito_flutter-action.__run_3;outcome=success;conclusion=success;duration_ms=45084]
2026-09-26T15:34:17.2548790Z ##[group]Run bash 07_operations/scripts/bootstrap_clients.sh
2026-09-26T15:34:17.2549052Z [36;1mbash 07_operations/scripts/bootstrap_clients.sh[0m
2026-09-26T15:34:17.2606103Z shell: /usr/bin/bash -e {0}
2026-09-26T15:34:17.2606272Z env:
2026-09-26T15:34:17.2606457Z   FLUTTER_ROOT: /opt/hostedtoolcache/flutter/stable-3.32.8-x64/flutter
2026-09-26T15:34:17.2606669Z   PUB_CACHE: /home/runner/.pub-cache
2026-09-26T15:34:17.2606815Z ##[endgroup]
2026-09-26T15:34:20.2408418Z Recreating project 05_code/apps/learner...
2026-09-26T15:34:20.2720966Z   05_code/apps/learner/android/app/src/profile/AndroidManifest.xml (created)
2026-09-26T15:34:20.2769944Z   05_code/apps/learner/android/app/src/main/res/values-night/styles.xml (created)
2026-09-26T15:34:20.2784155Z   05_code/apps/learner/android/app/src/main/res/mipmap-mdpi/ic_launcher.png (created)
2026-09-26T15:34:20.2788981Z   05_code/apps/learner/android/app/src/main/res/drawable-v21/launch_background.xml (created)
2026-09-26T15:34:20.2794250Z   05_code/apps/learner/android/app/src/main/res/drawable/launch_background.xml (created)
2026-09-26T15:34:20.2797814Z   05_code/apps/learner/android/app/src/main/res/values/styles.xml (created)
2026-09-26T15:34:20.2801697Z   05_code/apps/learner/android/app/src/main/res/mipmap-hdpi/ic_launcher.png (created)
2026-09-26T15:34:20.2806436Z   05_code/apps/learner/android/app/src/main/res/mipmap-xxhdpi/ic_launcher.png (created)
2026-09-26T15:34:20.2810186Z   05_code/apps/learner/android/app/src/main/res/mipmap-xhdpi/ic_launcher.png (created)
2026-09-26T15:34:20.2814224Z   05_code/apps/learner/android/app/src/main/res/mipmap-xxxhdpi/ic_launcher.png (created)
2026-09-26T15:34:20.2817456Z   05_code/apps/learner/android/app/src/main/AndroidManifest.xml (created)
2026-09-26T15:34:20.2861320Z   05_code/apps/learner/android/app/src/debug/AndroidManifest.xml (created)
2026-09-26T15:34:20.2865824Z   05_code/apps/learner/android/.gitignore (created)
2026-09-26T15:34:20.2890274Z   05_code/apps/learner/android/settings.gradle.kts (created)
2026-09-26T15:34:20.2890754Z   05_code/apps/learner/android/gradle.properties (created)
2026-09-26T15:34:20.2891149Z   05_code/apps/learner/android/gradle/wrapper/gradle-wrapper.properties (created)
2026-09-26T15:34:20.2891567Z   05_code/apps/learner/web/icons/Icon-maskable-192.png (created)
2026-09-26T15:34:20.2894431Z   05_code/apps/learner/web/icons/Icon-192.png (created)
2026-09-26T15:34:20.2897116Z   05_code/apps/learner/web/icons/Icon-maskable-512.png (created)
2026-09-26T15:34:20.2905852Z   05_code/apps/learner/web/icons/Icon-512.png (created)
2026-09-26T15:34:20.2906240Z   05_code/apps/learner/web/manifest.json (created)
2026-09-26T15:34:20.2910243Z   05_code/apps/learner/web/favicon.png (created)
2026-09-26T15:34:20.2910863Z   05_code/apps/learner/web/index.html (created)
2026-09-26T15:34:20.2916254Z   05_code/apps/learner/android/adaptive_learner_android.iml (created)
2026-09-26T15:34:20.2923276Z   05_code/apps/learner/android/app/build.gradle.kts (created)
2026-09-26T15:34:20.2929931Z   05_code/apps/learner/android/app/src/main/kotlin/com/example/adaptive_learner/MainActivity.kt (created)
2026-09-26T15:34:20.2939021Z   05_code/apps/learner/android/build.gradle.kts (created)
2026-09-26T15:34:20.2945672Z   05_code/apps/learner/README.md (created)
2026-09-26T15:34:20.2956957Z   05_code/apps/learner/.idea/modules.xml (created)
2026-09-26T15:34:20.2962335Z   05_code/apps/learner/.idea/libraries/KotlinJavaRuntime.xml (created)
2026-09-26T15:34:20.2967057Z   05_code/apps/learner/.idea/libraries/Dart_SDK.xml (created)
2026-09-26T15:34:20.2973964Z   05_code/apps/learner/.idea/runConfigurations/main_dart.xml (created)
2026-09-26T15:34:20.2977246Z   05_code/apps/learner/.idea/workspace.xml (created)
2026-09-26T15:34:20.2982237Z   05_code/apps/learner/adaptive_learner.iml (created)
2026-09-26T15:34:20.3300077Z Wrote 37 files.
2026-09-26T15:34:20.3300244Z 
2026-09-26T15:34:20.3300313Z All done!
2026-09-26T15:34:20.3309600Z You can find general documentation for Flutter at: https://docs.flutter.dev/
2026-09-26T15:34:20.3310143Z Detailed API documentation is available at: https://api.flutter.dev/
2026-09-26T15:34:20.3310615Z If you prefer video documentation, consider: https://www.youtube.com/c/flutterdev
2026-09-26T15:34:20.3310906Z 
2026-09-26T15:34:20.3311002Z In order to run your application, type:
2026-09-26T15:34:20.3311157Z 
2026-09-26T15:34:20.3311240Z   $ cd 05_code/apps/learner
2026-09-26T15:34:20.3311432Z   $ flutter run
2026-09-26T15:34:20.3311532Z 
2026-09-26T15:34:20.3311674Z Your application code is in 05_code/apps/learner/lib/main.dart.
2026-09-26T15:34:20.3311905Z 
2026-09-26T15:34:20.5695575Z Recreating project 05_code/apps/staff...
2026-09-26T15:34:20.5983083Z   05_code/apps/staff/web/icons/Icon-maskable-192.png (created)
2026-09-26T15:34:20.5995671Z   05_code/apps/staff/web/icons/Icon-192.png (created)
2026-09-26T15:34:20.5998366Z   05_code/apps/staff/web/icons/Icon-maskable-512.png (created)
2026-09-26T15:34:20.6001303Z   05_code/apps/staff/web/icons/Icon-512.png (created)
2026-09-26T15:34:20.6006240Z   05_code/apps/staff/web/manifest.json (created)
2026-09-26T15:34:20.6064803Z   05_code/apps/staff/web/favicon.png (created)
2026-09-26T15:34:20.6066883Z   05_code/apps/staff/web/index.html (created)
2026-09-26T15:34:20.6074636Z   05_code/apps/staff/README.md (created)
2026-09-26T15:34:20.6083572Z   05_code/apps/staff/.idea/modules.xml (created)
2026-09-26T15:34:20.6090555Z   05_code/apps/staff/.idea/libraries/KotlinJavaRuntime.xml (created)
2026-09-26T15:34:20.6110587Z   05_code/apps/staff/.idea/libraries/Dart_SDK.xml (created)
2026-09-26T15:34:20.6117362Z   05_code/apps/staff/.idea/runConfigurations/main_dart.xml (created)
2026-09-26T15:34:20.6117776Z   05_code/apps/staff/.idea/workspace.xml (created)
2026-09-26T15:34:20.6118102Z   05_code/apps/staff/adaptive_staff.iml (created)
2026-09-26T15:34:20.6153542Z Wrote 14 files.
2026-09-26T15:34:20.6153819Z 
2026-09-26T15:34:20.6153909Z All done!
2026-09-26T15:34:20.6163485Z You can find general documentation for Flutter at: https://docs.flutter.dev/
2026-09-26T15:34:20.6163971Z Detailed API documentation is available at: https://api.flutter.dev/
2026-09-26T15:34:20.6164419Z If you prefer video documentation, consider: https://www.youtube.com/c/flutterdev
2026-09-26T15:34:20.6164724Z 
2026-09-26T15:34:20.6164817Z In order to run your application, type:
2026-09-26T15:34:20.6164980Z 
2026-09-26T15:34:20.6165058Z   $ cd 05_code/apps/staff
2026-09-26T15:34:20.6165249Z   $ flutter run
2026-09-26T15:34:20.6165357Z 
2026-09-26T15:34:20.6165508Z Your application code is in 05_code/apps/staff/lib/main.dart.
2026-09-26T15:34:20.6165738Z 
2026-09-26T15:34:20.6307933Z ##[group]Run flutter pub get
2026-09-26T15:34:20.6308108Z [36;1mflutter pub get[0m
2026-09-26T15:34:20.6308234Z [36;1mflutter analyze[0m
2026-09-26T15:34:20.6308353Z [36;1mflutter test[0m
2026-09-26T15:34:20.6308474Z [36;1mflutter build web[0m
2026-09-26T15:34:20.6361052Z shell: /usr/bin/bash -e {0}
2026-09-26T15:34:20.6361190Z env:
2026-09-26T15:34:20.6361358Z   FLUTTER_ROOT: /opt/hostedtoolcache/flutter/stable-3.32.8-x64/flutter
2026-09-26T15:34:20.6361563Z   PUB_CACHE: /home/runner/.pub-cache
2026-09-26T15:34:20.6361705Z ##[endgroup]
2026-09-26T15:34:20.8393267Z Resolving dependencies...
2026-09-26T15:34:21.1078805Z Downloading packages...
2026-09-26T15:34:21.4131548Z   async 2.13.0 (2.13.1 available)
2026-09-26T15:34:21.4132207Z   characters 1.4.0 (1.4.1 available)
2026-09-26T15:34:21.4132742Z   clock 1.1.2 (1.1.3 available)
2026-09-26T15:34:21.4132997Z   flutter_lints 5.0.0 (6.0.0 available)
2026-09-26T15:34:21.4133481Z   leak_tracker 10.0.9 (11.0.2 available)
2026-09-26T15:34:21.4133817Z   leak_tracker_flutter_testing 3.0.9 (3.0.10 available)
2026-09-26T15:34:21.4134109Z   leak_tracker_testing 3.0.1 (3.0.2 available)
2026-09-26T15:34:21.4134355Z   lints 5.1.1 (6.1.0 available)
2026-09-26T15:34:21.4134566Z   matcher 0.12.17 (0.12.20 available)
2026-09-26T15:34:21.4134818Z   material_color_utilities 0.11.1 (0.13.1 available)
2026-09-26T15:34:21.4135074Z   meta 1.16.0 (1.19.0 available)
2026-09-26T15:34:21.4135294Z   platform 3.1.6 (3.2.0 available)
2026-09-26T15:34:21.4135522Z   process 5.0.3 (5.0.6 available)
2026-09-26T15:34:21.4135745Z   source_span 1.10.1 (1.10.2 available)
2026-09-26T15:34:21.4135977Z   stack_trace 1.12.1 (1.12.2 available)
2026-09-26T15:34:21.4136200Z   test_api 0.7.4 (0.7.14 available)
2026-09-26T15:34:21.4136420Z   vector_math 2.1.4 (2.4.3 available)
2026-09-26T15:34:21.4136649Z   vm_service 15.0.0 (15.3.0 available)
2026-09-26T15:34:21.4136876Z   webdriver 3.1.0 (3.2.0 available)
2026-09-26T15:34:21.4139043Z Got dependencies!
2026-09-26T15:34:21.4144961Z 19 packages have newer versions incompatible with dependency constraints.
2026-09-26T15:34:21.4145360Z Try `flutter pub outdated` for more information.
2026-09-26T15:34:29.7237261Z Analyzing learner...                                            
2026-09-26T15:34:29.7246452Z No issues found! (ran in 6.9s)
2026-09-26T15:34:30.7505396Z 
2026-09-26T15:34:35.9258895Z ✅ shell renders without learning claims or overflow
2026-09-26T15:34:35.9406161Z 
2026-09-26T15:34:35.9409418Z 🎉 1 test passed.
2026-09-26T15:34:49.6351780Z Compiling lib/main.dart for the Web...                          
2026-09-26T15:34:49.6355176Z Expected to find fonts for (MaterialIcons, packages/cupertino_icons/CupertinoIcons), but found (MaterialIcons). This usually means you are referring to font families in an IconData class but not including them in the assets section of your pubspec.yaml, are missing the package that would include them, or are missing "uses-material-design: true".
2026-09-26T15:34:49.6418145Z Font asset "MaterialIcons-Regular.otf" was tree-shaken, reducing it from 1645184 to 7992 bytes (99.5% reduction). Tree-shaking can be disabled by providing the --no-tree-shake-icons flag when building your app.
2026-09-26T15:34:49.9028611Z Compiling lib/main.dart for the Web...                             13.1s
2026-09-26T15:34:49.9033926Z ✓ Built build/web
2026-09-26T15:34:49.9176768Z ##[group]Run flutter build apk --debug
2026-09-26T15:34:49.9176971Z [36;1mflutter build apk --debug[0m
2026-09-26T15:34:49.9226974Z shell: /usr/bin/bash -e {0}
2026-09-26T15:34:49.9227110Z env:
2026-09-26T15:34:49.9227276Z   FLUTTER_ROOT: /opt/hostedtoolcache/flutter/stable-3.32.8-x64/flutter
2026-09-26T15:34:49.9227479Z   PUB_CACHE: /home/runner/.pub-cache
2026-09-26T15:34:49.9227619Z ##[endgroup]
2026-09-26T15:34:50.6042851Z Support for Android x86 targets will be removed in the next stable release after 3.27. See https://github.com/flutter/flutter/issues/157543 for details.
2026-09-26T15:35:35.7720908Z e: The daemon has terminated unexpectedly on startup attempt #1 with error code: 0. The daemon process output:
2026-09-26T15:35:35.7738019Z     1. Kotlin compile daemon is ready
2026-09-26T15:35:35.7738386Z Running Gradle task 'assembleDebug'...                          
2026-09-26T15:36:04.9543165Z Checking the license for package NDK (Side by side) 26.3.11579264 in /usr/local/lib/android/sdk/licenses
2026-09-26T15:36:04.9560594Z License for package NDK (Side by side) 26.3.11579264 accepted.
2026-09-26T15:36:04.9580602Z Preparing "Install NDK (Side by side) 26.3.11579264 v.26.3.11579264".
2026-09-26T15:36:29.5526567Z "Install NDK (Side by side) 26.3.11579264 v.26.3.11579264" ready.
2026-09-26T15:36:29.5530645Z Installing NDK (Side by side) 26.3.11579264 in /usr/local/lib/android/sdk/ndk/26.3.11579264
2026-09-26T15:36:29.5531372Z "Install NDK (Side by side) 26.3.11579264 v.26.3.11579264" complete.
2026-09-26T15:36:29.8533398Z "Install NDK (Side by side) 26.3.11579264 v.26.3.11579264" finished.
2026-09-26T15:37:31.9532131Z Checking the license for package CMake 3.22.1 in /usr/local/lib/android/sdk/licenses
2026-09-26T15:37:31.9535607Z License for package CMake 3.22.1 accepted.
2026-09-26T15:37:31.9570062Z Preparing "Install CMake 3.22.1 v.3.22.1".
2026-09-26T15:37:34.0526867Z "Install CMake 3.22.1 v.3.22.1" ready.
2026-09-26T15:37:34.0527571Z Installing CMake 3.22.1 in /usr/local/lib/android/sdk/cmake/3.22.1
2026-09-26T15:37:34.0528129Z "Install CMake 3.22.1 v.3.22.1" complete.
2026-09-26T15:37:34.0528521Z "Install CMake 3.22.1 v.3.22.1" finished.
2026-09-26T15:37:53.9498942Z Running Gradle task 'assembleDebug'...                            183.3s
2026-09-26T15:37:54.5007501Z ✓ Built build/app/outputs/flutter-apk/app-debug.apk
2026-09-26T15:37:54.5235551Z Post job cleanup.
2026-09-26T15:37:54.5291085Z Post job cleanup.
2026-09-26T15:37:54.7202277Z [command]/usr/bin/git version
2026-09-26T15:37:54.7237266Z git version 2.55.0
2026-09-26T15:37:54.7272883Z Temporarily overriding HOME='/home/runner/work/_temp/7f8ff124-8513-4536-93f7-a5a42776b38e' before making global git config changes
2026-09-26T15:37:54.7273564Z Adding repository directory to the temporary git global config as a safe directory
2026-09-26T15:37:54.7282271Z [command]/usr/bin/git config --global --add safe.directory /home/runner/work/mingo/mingo
2026-09-26T15:37:54.7321041Z [command]/usr/bin/git config --local --name-only --get-regexp core\.sshCommand
2026-09-26T15:37:54.7352349Z [command]/usr/bin/git submodule foreach --recursive sh -c "git config --local --name-only --get-regexp 'core\.sshCommand' && git config --local --unset-all 'core.sshCommand' || :"
2026-09-26T15:37:54.7609409Z [command]/usr/bin/git config --local --name-only --get-regexp http\.https\:\/\/github\.com\/\.extraheader
2026-09-26T15:37:54.7638949Z http.https://github.com/.extraheader
2026-09-26T15:37:54.7652509Z [command]/usr/bin/git config --local --unset-all http.https://github.com/.extraheader
2026-09-26T15:37:54.7691489Z [command]/usr/bin/git submodule foreach --recursive sh -c "git config --local --name-only --get-regexp 'http\.https\:\/\/github\.com\/\.extraheader' && git config --local --unset-all 'http.https://github.com/.extraheader' || :"
2026-09-26T15:37:54.7877093Z [command]/usr/bin/git config --local --name-only --get-regexp ^includeIf\.gitdir:
2026-09-26T15:37:54.7909003Z [command]/usr/bin/git submodule foreach --recursive git config --local --show-origin --name-only --get-regexp remote.origin.url
2026-09-26T15:37:54.8218540Z Cleaning up orphan processes
2026-09-26T15:37:54.8582932Z Terminate orphan process: pid (2809) (java)
2026-09-26T15:37:54.8613482Z Terminate orphan process: pid (2961) (java)
2026-09-26T15:37:54.8631356Z Terminate orphan process: pid (3230) (java)
2026-09-26T15:37:54.8643434Z ##[warning]Node.js 20 is deprecated. The following actions target Node.js 20 but are being forced to run on Node.js 24: actions/checkout@v4. For more information see: https://github.blog/changelog/2025-09-19-deprecation-of-node-20-on-github-actions-runners/
