Collecting annotated-types==0.8.0 (from -r .local/v32-clean-d4165e8/07_operations/requirements-v3_2.lock (line 2))
  Using cached annotated_types-0.8.0-py3-none-any.whl.metadata (15 kB)
Collecting attrs==26.1.0 (from -r .local/v32-clean-d4165e8/07_operations/requirements-v3_2.lock (line 3))
  Using cached attrs-26.1.0-py3-none-any.whl.metadata (8.8 kB)
Collecting jsonschema==4.26.0 (from -r .local/v32-clean-d4165e8/07_operations/requirements-v3_2.lock (line 4))
  Using cached jsonschema-4.26.0-py3-none-any.whl.metadata (7.6 kB)
Collecting jsonschema-path==0.5.0 (from -r .local/v32-clean-d4165e8/07_operations/requirements-v3_2.lock (line 5))
  Using cached jsonschema_path-0.5.0-py3-none-any.whl.metadata (8.1 kB)
Collecting jsonschema-specifications==2025.9.1 (from -r .local/v32-clean-d4165e8/07_operations/requirements-v3_2.lock (line 6))
  Using cached jsonschema_specifications-2025.9.1-py3-none-any.whl.metadata (2.9 kB)
Collecting lazy-object-proxy==1.12.0 (from -r .local/v32-clean-d4165e8/07_operations/requirements-v3_2.lock (line 7))
  Using cached lazy_object_proxy-1.12.0-cp312-cp312-win_amd64.whl.metadata (5.3 kB)
Collecting openapi-schema-validator==0.9.0 (from -r .local/v32-clean-d4165e8/07_operations/requirements-v3_2.lock (line 8))
  Using cached openapi_schema_validator-0.9.0-py3-none-any.whl.metadata (10 kB)
Collecting openapi-spec-validator==0.9.0 (from -r .local/v32-clean-d4165e8/07_operations/requirements-v3_2.lock (line 9))
  Using cached openapi_spec_validator-0.9.0-py3-none-any.whl.metadata (6.5 kB)
Collecting pathable==0.6.0 (from -r .local/v32-clean-d4165e8/07_operations/requirements-v3_2.lock (line 10))
  Using cached pathable-0.6.0-py3-none-any.whl.metadata (7.2 kB)
Collecting pglast==8.4 (from -r .local/v32-clean-d4165e8/07_operations/requirements-v3_2.lock (line 11))
  Using cached pglast-8.4-cp312-cp312-win_amd64.whl.metadata (4.2 kB)
Collecting pydantic==2.13.5 (from -r .local/v32-clean-d4165e8/07_operations/requirements-v3_2.lock (line 12))
  Using cached pydantic-2.13.5-py3-none-any.whl.metadata (110 kB)
Collecting pydantic-settings==2.15.0 (from -r .local/v32-clean-d4165e8/07_operations/requirements-v3_2.lock (line 13))
  Using cached pydantic_settings-2.15.0-py3-none-any.whl.metadata (3.9 kB)
Collecting pydantic_core==2.46.5 (from -r .local/v32-clean-d4165e8/07_operations/requirements-v3_2.lock (line 14))
  Using cached pydantic_core-2.46.5-cp312-cp312-win_amd64.whl.metadata (6.7 kB)
Collecting python-dotenv==1.2.3 (from -r .local/v32-clean-d4165e8/07_operations/requirements-v3_2.lock (line 15))
  Using cached python_dotenv-1.2.3-py3-none-any.whl.metadata (29 kB)
Collecting PyYAML==6.0.3 (from -r .local/v32-clean-d4165e8/07_operations/requirements-v3_2.lock (line 16))
  Using cached pyyaml-6.0.3-cp312-cp312-win_amd64.whl.metadata (2.4 kB)
Collecting referencing==0.37.0 (from -r .local/v32-clean-d4165e8/07_operations/requirements-v3_2.lock (line 17))
  Using cached referencing-0.37.0-py3-none-any.whl.metadata (2.8 kB)
Collecting rfc3339-validator==0.1.4 (from -r .local/v32-clean-d4165e8/07_operations/requirements-v3_2.lock (line 18))
  Using cached rfc3339_validator-0.1.4-py2.py3-none-any.whl.metadata (1.5 kB)
Collecting rfc8785==0.1.4 (from -r .local/v32-clean-d4165e8/07_operations/requirements-v3_2.lock (line 19))
  Using cached rfc8785-0.1.4-py3-none-any.whl.metadata (3.4 kB)
Collecting rpds-py==2026.6.3 (from -r .local/v32-clean-d4165e8/07_operations/requirements-v3_2.lock (line 20))
  Using cached rpds_py-2026.6.3-cp312-cp312-win_amd64.whl.metadata (4.2 kB)
Collecting six==1.17.0 (from -r .local/v32-clean-d4165e8/07_operations/requirements-v3_2.lock (line 21))
  Using cached six-1.17.0-py2.py3-none-any.whl.metadata (1.7 kB)
Collecting typing-inspection==0.4.4 (from -r .local/v32-clean-d4165e8/07_operations/requirements-v3_2.lock (line 22))
  Using cached typing_inspection-0.4.4-py3-none-any.whl.metadata (2.6 kB)
Collecting typing_extensions==4.16.0 (from -r .local/v32-clean-d4165e8/07_operations/requirements-v3_2.lock (line 23))
  Using cached typing_extensions-4.16.0-py3-none-any.whl.metadata (3.3 kB)
Using cached annotated_types-0.8.0-py3-none-any.whl (13 kB)
Using cached attrs-26.1.0-py3-none-any.whl (67 kB)
Using cached jsonschema-4.26.0-py3-none-any.whl (90 kB)
Using cached jsonschema_path-0.5.0-py3-none-any.whl (24 kB)
Using cached jsonschema_specifications-2025.9.1-py3-none-any.whl (18 kB)
Using cached lazy_object_proxy-1.12.0-cp312-cp312-win_amd64.whl (26 kB)
Using cached openapi_schema_validator-0.9.0-py3-none-any.whl (19 kB)
Using cached openapi_spec_validator-0.9.0-py3-none-any.whl (50 kB)
Using cached pathable-0.6.0-py3-none-any.whl (18 kB)
Using cached pglast-8.4-cp312-cp312-win_amd64.whl (1.4 MB)
Using cached pydantic-2.13.5-py3-none-any.whl (472 kB)
Using cached pydantic_settings-2.15.0-py3-none-any.whl (69 kB)
Using cached pydantic_core-2.46.5-cp312-cp312-win_amd64.whl (2.0 MB)
Using cached python_dotenv-1.2.3-py3-none-any.whl (22 kB)
Using cached pyyaml-6.0.3-cp312-cp312-win_amd64.whl (154 kB)
Using cached referencing-0.37.0-py3-none-any.whl (26 kB)
Using cached rfc3339_validator-0.1.4-py2.py3-none-any.whl (3.5 kB)
Using cached rfc8785-0.1.4-py3-none-any.whl (9.2 kB)
Using cached rpds_py-2026.6.3-cp312-cp312-win_amd64.whl (220 kB)
Using cached six-1.17.0-py2.py3-none-any.whl (11 kB)
Using cached typing_inspection-0.4.4-py3-none-any.whl (14 kB)
Using cached typing_extensions-4.16.0-py3-none-any.whl (45 kB)
Installing collected packages: pglast, typing_extensions, six, rpds-py, rfc8785, PyYAML, python-dotenv, pathable, lazy-object-proxy, attrs, annotated-types, typing-inspection, rfc3339-validator, referencing, pydantic_core, pydantic, jsonschema-specifications, jsonschema-path, pydantic-settings, jsonschema, openapi-schema-validator, openapi-spec-validator
Successfully installed PyYAML-6.0.3 annotated-types-0.8.0 attrs-26.1.0 jsonschema-4.26.0 jsonschema-path-0.5.0 jsonschema-specifications-2025.9.1 lazy-object-proxy-1.12.0 openapi-schema-validator-0.9.0 openapi-spec-validator-0.9.0 pathable-0.6.0 pglast-8.4 pydantic-2.13.5 pydantic-settings-2.15.0 pydantic_core-2.46.5 python-dotenv-1.2.3 referencing-0.37.0 rfc3339-validator-0.1.4 rfc8785-0.1.4 rpds-py-2026.6.3 six-1.17.0 typing-inspection-0.4.4 typing_extensions-4.16.0

[notice] A new release of pip is available: 25.0.1 -> 26.2.1
[notice] To update, run: C:\Mingo\.local\v32-clean-d4165e8\.venv\Scripts\python.exe -m pip install --upgrade pip
