00:00 +0: loading C:/Mingo/01_San_pham/apps/learner/integration_test/boot_test.dart
Running Gradle task 'assembleDebug'...                          
Picked up JAVA_TOOL_OPTIONS: -Djava.io.tmpdir=C:/Mingo/.local/java-tmp
Your project is configured with Android NDK 26.3.11579264, but the following plugin(s) depend on a different Android NDK version:
- audioplayers_android requires Android NDK 27.0.12077973
- path_provider_android requires Android NDK 27.0.12077973
Fix this issue by using the highest Android NDK version (they are backward compatible).
Add the following to C:\Mingo\01_San_pham\apps\learner\android\app\build.gradle.kts:

    android {
        ndkVersion = "27.0.12077973"
        ...
    }
Warning: SDK processing. This version only understands SDK XML versions up to 3 but an SDK XML file of version 4 was encountered. This can happen if you use versions of Android Studio and the command-line tools that were released at different times.
Running Gradle task 'assembleDebug'...                             47,0s
√ Built build\app\outputs\flutter-apk\app-debug.apk
Installing build\app\outputs\flutter-apk\app-debug.apk...        2.065ms
00:00 +0: V2 boots with an honest review boundary
00:02 +1: licensed sample initializes on Android and enforces its request budget
══╡ EXCEPTION CAUGHT BY SCHEDULER LIBRARY ╞═════════════════════════════════════════════════════════
The following message was thrown:
An animation is still running even after the widget tree was disposed.

There were 2 transient callbacks left. The stack traces for when they were registered are as
follows:
── callback 3 ──
#2      SchedulerBinding.scheduleFrameCallback (package:flutter/src/scheduler/binding.dart:619:49)
#3      FramePositionUpdater._tick (package:audioplayers/src/position_updater.dart:75:52)
#4      SchedulerBinding._invokeFrameCallback (package:flutter/src/scheduler/binding.dart:1438:15)
#5      SchedulerBinding.handleBeginFrame.<anonymous closure> (package:flutter/src/scheduler/binding.dart:1269:11)
#6      _LinkedHashMapMixin.forEach (dart:_compact_hash:764:13)
#7      SchedulerBinding.handleBeginFrame (package:flutter/src/scheduler/binding.dart:1267:17)
#8      LiveTestWidgetsFlutterBinding.handleBeginFrame (package:flutter_test/src/binding.dart:1883:13)
#9      SchedulerBinding.scheduleWarmUpFrame.<anonymous closure> (package:flutter/src/scheduler/binding.dart:1056:9)
#24     _RawReceivePort._handleMessage (dart:isolate-patch/isolate_patch.dart:193:12)
(elided 16 frames from class _FrameCallbackEntry, class _Timer, dart:async, dart:async-patch, and package:stack_trace)
── callback 4 ──
#2      SchedulerBinding.scheduleFrameCallback (package:flutter/src/scheduler/binding.dart:619:49)
#3      FramePositionUpdater._tick (package:audioplayers/src/position_updater.dart:75:52)
#4      SchedulerBinding._invokeFrameCallback (package:flutter/src/scheduler/binding.dart:1438:15)
#5      SchedulerBinding.handleBeginFrame.<anonymous closure> (package:flutter/src/scheduler/binding.dart:1269:11)
#6      _LinkedHashMapMixin.forEach (dart:_compact_hash:764:13)
#7      SchedulerBinding.handleBeginFrame (package:flutter/src/scheduler/binding.dart:1267:17)
#8      LiveTestWidgetsFlutterBinding.handleBeginFrame (package:flutter_test/src/binding.dart:1883:13)
#9      SchedulerBinding.scheduleWarmUpFrame.<anonymous closure> (package:flutter/src/scheduler/binding.dart:1056:9)
#24     _RawReceivePort._handleMessage (dart:isolate-patch/isolate_patch.dart:193:12)
(elided 16 frames from class _FrameCallbackEntry, class _Timer, dart:async, dart:async-patch, and package:stack_trace)
════════════════════════════════════════════════════════════════════════════════════════════════════
00:04 +1 -1: licensed sample initializes on Android and enforces its request budget [E]
  Test failed. See exception logs above.
  The test description was: licensed sample initializes on Android and enforces its request budget
  
00:04 +1 -1: (tearDownAll)
00:05 +1 -1: Some tests failed.
