warning: in the working copy of '01_San_pham/apps/learner/integration_test/boot_test.dart', CRLF will be replaced by LF the next time Git touches it
warning: in the working copy of '01_San_pham/apps/learner/lib/main.dart', CRLF will be replaced by LF the next time Git touches it
warning: in the working copy of '01_San_pham/apps/learner/pubspec.lock', LF will be replaced by CRLF the next time Git touches it
warning: in the working copy of '01_San_pham/apps/learner/test/widget_test.dart', CRLF will be replaced by LF the next time Git touches it
warning: in the working copy of '01_San_pham/apps/staff/integration_test/boot_test.dart', CRLF will be replaced by LF the next time Git touches it
warning: in the working copy of '01_San_pham/apps/staff/lib/main.dart', CRLF will be replaced by LF the next time Git touches it
warning: in the working copy of '01_San_pham/apps/staff/pubspec.lock', LF will be replaced by CRLF the next time Git touches it
warning: in the working copy of '01_San_pham/apps/staff/test/widget_test.dart', CRLF will be replaced by LF the next time Git touches it
warning: in the working copy of '02_Tai_lieu_du_an/04_Thiet_ke_san_pham/ux_ui/phase2/README.md', CRLF will be replaced by LF the next time Git touches it
warning: in the working copy of '02_Tai_lieu_du_an/04_Thiet_ke_san_pham/ux_ui/phase2/prototype/styles.css', LF will be replaced by CRLF the next time Git touches it
warning: in the working copy of '02_Tai_lieu_du_an/06_Quyet_dinh_da_chot/DECISION_REGISTER.md', CRLF will be replaced by LF the next time Git touches it
warning: in the working copy of '02_Tai_lieu_du_an/07_Tien_do_du_an/PHASE_STATUS.yaml', CRLF will be replaced by LF the next time Git touches it
warning: in the working copy of '02_Tai_lieu_du_an/07_Tien_do_du_an/PROJECT_MEMORY.md', CRLF will be replaced by LF the next time Git touches it
warning: in the working copy of '02_Tai_lieu_du_an/07_Tien_do_du_an/PROJECT_PROGRESS_SNAPSHOT.md', CRLF will be replaced by LF the next time Git touches it
warning: in the working copy of '02_Tai_lieu_du_an/07_Tien_do_du_an/PROJECT_STATE.md', CRLF will be replaced by LF the next time Git touches it
warning: in the working copy of '03_Kiem_thu/QA_QC/phase2/qa_cases.json', CRLF will be replaced by LF the next time Git touches it
warning: in the working copy of '04_Van_hanh/Scripts/bootstrap_clients.ps1', LF will be replaced by CRLF the next time Git touches it
warning: in the working copy of '04_Van_hanh/Scripts/verify_backend.ps1', LF will be replaced by CRLF the next time Git touches it
warning: in the working copy of '04_Van_hanh/Scripts/verify_flutter.ps1', LF will be replaced by CRLF the next time Git touches it
warning: in the working copy of 'PROJECT_MAP.md', CRLF will be replaced by LF the next time Git touches it
warning: in the working copy of 'README.md', CRLF will be replaced by LF the next time Git touches it
warning: in the working copy of 'REPO_RULES.md', CRLF will be replaced by LF the next time Git touches it
warning: in the working copy of 'START_HERE.md', CRLF will be replaced by LF the next time Git touches it
