[  +93 ms] Artifact Instance of 'AndroidGenSnapshotArtifacts' is not required, skipping update.
[   +1 ms] Artifact Instance of 'AndroidInternalBuildArtifacts' is not required, skipping update.
[        ] Artifact Instance of 'IOSEngineArtifacts' is not required, skipping update.
[        ] Artifact Instance of 'FlutterWebSdk' is not required, skipping update.
[        ] Artifact Instance of 'LegacyCanvasKitRemover' is not required, skipping update.
[  +10 ms] Artifact Instance of 'WindowsEngineArtifacts' is not required, skipping update.
[        ] Artifact Instance of 'MacOSEngineArtifacts' is not required, skipping update.
[        ] Artifact Instance of 'LinuxEngineArtifacts' is not required, skipping update.
[        ] Artifact Instance of 'LinuxFuchsiaSDKArtifacts' is not required, skipping update.
[        ] Artifact Instance of 'MacOSFuchsiaSDKArtifacts' is not required, skipping update.
[        ] Artifact Instance of 'FlutterRunnerSDKArtifacts' is not required, skipping update.
[        ] Artifact Instance of 'FlutterRunnerDebugSymbols' is not required, skipping update.
[ +168 ms] Artifact Instance of 'MaterialFonts' is not required, skipping update.
[   +1 ms] Artifact Instance of 'GradleWrapper' is not required, skipping update.
[  +10 ms] Artifact Instance of 'AndroidInternalBuildArtifacts' is not required, skipping update.
[        ] Artifact Instance of 'IOSEngineArtifacts' is not required, skipping update.
[        ] Artifact Instance of 'FlutterWebSdk' is not required, skipping update.
[        ] Artifact Instance of 'LegacyCanvasKitRemover' is not required, skipping update.
[        ] Artifact Instance of 'FlutterSdk' is not required, skipping update.
[        ] Artifact Instance of 'WindowsEngineArtifacts' is not required, skipping update.
[        ] Artifact Instance of 'MacOSEngineArtifacts' is not required, skipping update.
[        ] Artifact Instance of 'LinuxEngineArtifacts' is not required, skipping update.
[        ] Artifact Instance of 'LinuxFuchsiaSDKArtifacts' is not required, skipping update.
[        ] Artifact Instance of 'MacOSFuchsiaSDKArtifacts' is not required, skipping update.
[        ] Artifact Instance of 'FlutterRunnerSDKArtifacts' is not required, skipping update.
[        ] Artifact Instance of 'FlutterRunnerDebugSymbols' is not required, skipping update.
[        ] Artifact Instance of 'IosUsbArtifacts' is not required, skipping update.
[        ] Artifact Instance of 'IosUsbArtifacts' is not required, skipping update.
[        ] Artifact Instance of 'IosUsbArtifacts' is not required, skipping update.
[        ] Artifact Instance of 'IosUsbArtifacts' is not required, skipping update.
[        ] Artifact Instance of 'IosUsbArtifacts' is not required, skipping update.
[        ] Artifact Instance of 'FontSubsetArtifacts' is not required, skipping update.
[        ] Artifact Instance of 'PubDependencies' is not required, skipping update.
[ +222 ms] Skipping pub get: version match.
[  +20 ms] executing: [C:\Mingo\01_San_pham\apps\learner/] C:\Dev\flutter-3.32.8\bin\cache\dart-sdk\bin\dart pub --suppress-analytics deps --json
[ +628 ms] {
             "root": "adaptive_learner",
             "packages": [
               {
                 "name": "adaptive_learner",
                 "version": "0.1.0+1",
                 "kind": "root",
                 "source": "root",
                 "dependencies": [
                   "flutter",
                   "mingo_ui",
                   "flutter_lints",
                   "flutter_test",
                   "integration_test"
                 ],
                 "directDependencies": [
                   "flutter",
                   "mingo_ui"
                 ],
                 "devDependencies": [
                   "flutter_lints",
                   "flutter_test",
                   "integration_test"
                 ]
               },
               {
                 "name": "integration_test",
                 "version": "0.0.0",
                 "kind": "dev",
                 "source": "sdk",
                 "dependencies": [
                   "flutter",
                   "flutter_driver",
                   "flutter_test",
                   "path",
                   "vm_service",
                   "async",
                   "boolean_selector",
                   "characters",
                   "clock",
                   "collection",
                   "fake_async",
                   "file",
                   "leak_tracker",
                   "leak_tracker_flutter_testing",
                   "leak_tracker_testing",
                   "matcher",
                   "material_color_utilities",
                   "meta",
                   "source_span",
                   "stack_trace",
                   "stream_channel",
                   "string_scanner",
                   "sync_http",
                   "term_glyph",
                   "test_api",
                   "vector_math",
                   "webdriver"
                 ],
                 "directDependencies": [
                   "flutter",
                   "flutter_driver",
                   "flutter_test",
                   "path",
                   "vm_service",
                   "async",
                   "boolean_selector",
                   "characters",
                   "clock",
                   "collection",
                   "fake_async",
                   "file",
                   "leak_tracker",
                   "leak_tracker_flutter_testing",
                   "leak_tracker_testing",
                   "matcher",
                   "material_color_utilities",
                   "meta",
                   "source_span",
                   "stack_trace",
                   "stream_channel",
                   "string_scanner",
                   "sync_http",
                   "term_glyph",
                   "test_api",
                   "vector_math",
                   "webdriver"
                 ]
               },
               {
                 "name": "webdriver",
                 "version": "3.1.0",
                 "kind": "transitive",
                 "source": "hosted",
                 "dependencies": [
                   "matcher",
                   "path",
                   "stack_trace",
                   "sync_http"
                 ],
                 "directDependencies": [
                   "matcher",
                   "path",
                   "stack_trace",
                   "sync_http"
                 ]
               },
               {
                 "name": "sync_http",
                 "version": "0.3.1",
                 "kind": "transitive",
                 "source": "hosted",
                 "dependencies": [],
                 "directDependencies": []
               },
               {
                 "name": "stack_trace",
                 "version": "1.12.1",
                 "kind": "transitive",
                 "source": "hosted",
                 "dependencies": [
                   "path"
                 ],
                 "directDependencies": [
                   "path"
                 ]
               },
               {
                 "name": "path",
                 "version": "1.9.1",
                 "kind": "transitive",
                 "source": "hosted",
                 "dependencies": [],
                 "directDependencies": []
               },
               {
                 "name": "matcher",
                 "version": "0.12.17",
                 "kind": "transitive",
                 "source": "hosted",
                 "dependencies": [
                   "async",
                   "meta",
                   "stack_trace",
                   "term_glyph",
                   "test_api"
                 ],
                 "directDependencies": [
                   "async",
                   "meta",
                   "stack_trace",
                   "term_glyph",
                   "test_api"
                 ]
               },
               {
                 "name": "test_api",
                 "version": "0.7.4",
                 "kind": "transitive",
                 "source": "hosted",
                 "dependencies": [
                   "async",
                   "boolean_selector",
                   "collection",
                   "meta",
                   "source_span",
                   "stack_trace",
                   "stream_channel",
                   "string_scanner",
                   "term_glyph"
                 ],
                 "directDependencies": [
                   "async",
                   "boolean_selector",
                   "collection",
                   "meta",
                   "source_span",
                   "stack_trace",
                   "stream_channel",
                   "string_scanner",
                   "term_glyph"
                 ]
               },
               {
                 "name": "term_glyph",
                 "version": "1.2.2",
                 "kind": "transitive",
                 "source": "hosted",
                 "dependencies": [],
                 "directDependencies": []
               },
               {
                 "name": "string_scanner",
                 "version": "1.4.1",
                 "kind": "transitive",
                 "source": "hosted",
                 "dependencies": [
                   "source_span"
                 ],
                 "directDependencies": [
                   "source_span"
                 ]
               },
               {
                 "name": "source_span",
                 "version": "1.10.1",
                 "kind": "transitive",
                 "source": "hosted",
                 "dependencies": [
                   "collection",
                   "path",
                   "term_glyph"
                 ],
                 "directDependencies": [
                   "collection",
                   "path",
                   "term_glyph"
                 ]
               },
               {
                 "name": "collection",
                 "version": "1.19.1",
                 "kind": "transitive",
                 "source": "hosted",
                 "dependencies": [],
                 "directDependencies": []
               },
               {
                 "name": "stream_channel",
                 "version": "2.1.4",
                 "kind": "transitive",
                 "source": "hosted",
                 "dependencies": [
                   "async"
                 ],
                 "directDependencies": [
                   "async"
                 ]
               },
               {
                 "name": "async",
                 "version": "2.13.0",
                 "kind": "transitive",
                 "source": "hosted",
                 "dependencies": [
                   "collection",
                   "meta"
                 ],
                 "directDependencies": [
                   "collection",
                   "meta"
                 ]
               },
               {
                 "name": "meta",
                 "version": "1.16.0",
                 "kind": "transitive",
                 "source": "hosted",
                 "dependencies": [],
                 "directDependencies": []
               },
               {
                 "name": "boolean_selector",
                 "version": "2.1.2",
                 "kind": "transitive",
                 "source": "hosted",
                 "dependencies": [
                   "source_span",
                   "string_scanner"
                 ],
                 "directDependencies": [
                   "source_span",
                   "string_scanner"
                 ]
               },
               {
                 "name": "vector_math",
                 "version": "2.1.4",
                 "kind": "transitive",
                 "source": "hosted",
                 "dependencies": [],
                 "directDependencies": []
               },
               {
                 "name": "material_color_utilities",
                 "version": "0.11.1",
                 "kind": "transitive",
                 "source": "hosted",
                 "dependencies": [
                   "collection"
                 ],
                 "directDependencies": [
                   "collection"
                 ]
               },
               {
                 "name": "leak_tracker_testing",
                 "version": "3.0.1",
                 "kind": "transitive",
                 "source": "hosted",
                 "dependencies": [
                   "leak_tracker",
                   "matcher",
                   "meta"
                 ],
                 "directDependencies": [
                   "leak_tracker",
                   "matcher",
                   "meta"
                 ]
               },
               {
                 "name": "leak_tracker",
                 "version": "10.0.9",
                 "kind": "transitive",
                 "source": "hosted",
                 "dependencies": [
                   "clock",
                   "collection",
                   "meta",
                   "path",
                   "vm_service"
                 ],
                 "directDependencies": [
                   "clock",
                   "collection",
                   "meta",
                   "path",
                   "vm_service"
                 ]
               },
               {
                 "name": "vm_service",
                 "version": "15.0.0",
                 "kind": "transitive",
                 "source": "hosted",
                 "dependencies": [],
                 "directDependencies": []
               },
               {
                 "name": "clock",
                 "version": "1.1.2",
                 "kind": "transitive",
                 "source": "hosted",
                 "dependencies": [],
                 "directDependencies": []
               },
               {
                 "name": "leak_tracker_flutter_testing",
                 "version": "3.0.9",
                 "kind": "transitive",
                 "source": "hosted",
                 "dependencies": [
                   "flutter",
                   "leak_tracker",
                   "leak_tracker_testing",
                   "matcher",
                   "meta"
                 ],
                 "directDependencies": [
                   "flutter",
                   "leak_tracker",
                   "leak_tracker_testing",
                   "matcher",
                   "meta"
                 ]
               },
               {
                 "name": "flutter",
                 "version": "0.0.0",
                 "kind": "direct",
                 "source": "sdk",
                 "dependencies": [
                   "characters",
                   "collection",
                   "material_color_utilities",
                   "meta",
                   "vector_math",
                   "sky_engine"
                 ],
                 "directDependencies": [
                   "characters",
                   "collection",
                   "material_color_utilities",
                   "meta",
                   "vector_math",
                   "sky_engine"
                 ]
               },
               {
                 "name": "sky_engine",
                 "version": "0.0.0",
                 "kind": "transitive",
                 "source": "sdk",
                 "dependencies": [],
                 "directDependencies": []
               },
               {
                 "name": "characters",
                 "version": "1.4.0",
                 "kind": "transitive",
                 "source": "hosted",
                 "dependencies": [],
                 "directDependencies": []
               },
               {
                 "name": "file",
                 "version": "7.0.1",
                 "kind": "transitive",
                 "source": "hosted",
                 "dependencies": [
                   "meta",
                   "path"
                 ],
                 "directDependencies": [
                   "meta",
                   "path"
                 ]
               },
               {
                 "name": "fake_async",
                 "version": "1.3.3",
                 "kind": "transitive",
                 "source": "hosted",
                 "dependencies": [
                   "clock",
                   "collection"
                 ],
                 "directDependencies": [
                   "clock",
                   "collection"
                 ]
               },
               {
                 "name": "flutter_test",
                 "version": "0.0.0",
                 "kind": "dev",
                 "source": "sdk",
                 "dependencies": [
                   "flutter",
                   "test_api",
                   "matcher",
                   "path",
                   "fake_async",
                   "clock",
                   "stack_trace",
                   "vector_math",
                   "leak_tracker_flutter_testing",
                   "async",
                   "boolean_selector",
                   "characters",
                   "collection",
                   "leak_tracker",
                   "leak_tracker_testing",
                   "material_color_utilities",
                   "meta",
                   "source_span",
                   "stream_channel",
                   "string_scanner",
                   "term_glyph",
                   "vm_service"
                 ],
                 "directDependencies": [
                   "flutter",
                   "test_api",
                   "matcher",
                   "path",
                   "fake_async",
                   "clock",
                   "stack_trace",
                   "vector_math",
                   "leak_tracker_flutter_testing",
                   "async",
                   "boolean_selector",
                   "characters",
                   "collection",
                   "leak_tracker",
                   "leak_tracker_testing",
                   "material_color_utilities",
                   "meta",
                   "source_span",
                   "stream_channel",
                   "string_scanner",
                   "term_glyph",
                   "vm_service"
                 ]
               },
               {
                 "name": "flutter_driver",
                 "version": "0.0.0",
                 "kind": "transitive",
                 "source": "sdk",
                 "dependencies": [
                   "file",
                   "flutter",
                   "flutter_test",
                   "fuchsia_remote_debug_protocol",
                   "path",
                   "meta",
                   "vm_service",
                   "webdriver",
                   "async",
                   "boolean_selector",
                   "characters",
                   "clock",
                   "collection",
                   "leak_tracker",
                   "leak_tracker_flutter_testing",
                   "leak_tracker_testing",
                   "matcher",
                   "material_color_utilities",
                   "platform",
                   "process",
                   "source_span",
                   "stack_trace",
                   "stream_channel",
                   "string_scanner",
                   "sync_http",
                   "term_glyph",
                   "test_api",
                   "vector_math"
                 ],
                 "directDependencies": [
                   "file",
                   "flutter",
                   "flutter_test",
                   "fuchsia_remote_debug_protocol",
                   "path",
                   "meta",
                   "vm_service",
                   "webdriver",
                   "async",
                   "boolean_selector",
                   "characters",
                   "clock",
                   "collection",
                   "leak_tracker",
                   "leak_tracker_flutter_testing",
                   "leak_tracker_testing",
                   "matcher",
                   "material_color_utilities",
                   "platform",
                   "process",
                   "source_span",
                   "stack_trace",
                   "stream_channel",
                   "string_scanner",
                   "sync_http",
                   "term_glyph",
                   "test_api",
                   "vector_math"
                 ]
               },
               {
                 "name": "process",
                 "version": "5.0.3",
                 "kind": "transitive",
                 "source": "hosted",
                 "dependencies": [
                   "file",
                   "path",
                   "platform"
                 ],
                 "directDependencies": [
                   "file",
                   "path",
                   "platform"
                 ]
               },
               {
                 "name": "platform",
                 "version": "3.1.6",
                 "kind": "transitive",
                 "source": "hosted",
                 "dependencies": [],
                 "directDependencies": []
               },
               {
                 "name": "fuchsia_remote_debug_protocol",
                 "version": "0.0.0",
                 "kind": "transitive",
                 "source": "sdk",
                 "dependencies": [
                   "process",
                   "vm_service",
                   "file",
                   "meta",
                   "path",
                   "platform"
                 ],
                 "directDependencies": [
                   "process",
                   "vm_service",
                   "file",
                   "meta",
                   "path",
                   "platform"
                 ]
               },
               {
                 "name": "flutter_lints",
                 "version": "5.0.0",
                 "kind": "dev",
                 "source": "hosted",
                 "dependencies": [
                   "lints"
                 ],
                 "directDependencies": [
                   "lints"
                 ]
               },
               {
                 "name": "lints",
                 "version": "5.1.1",
                 "kind": "transitive",
                 "source": "hosted",
                 "dependencies": [],
                 "directDependencies": []
               },
               {
                 "name": "mingo_ui",
                 "version": "2.0.0",
                 "kind": "direct",
                 "source": "path",
                 "dependencies": [
                   "flutter"
                 ],
                 "directDependencies": [
                   "flutter"
                 ]
               }
             ],
             "sdks": [
               {
                 "name": "Dart",
                 "version": "3.8.1"
               },
               {
                 "name": "Flutter",
                 "version": "3.32.8"
               }
             ],
             "executables": []
           }
[  +64 ms] Found plugin integration_test at C:\Dev\flutter-3.32.8\packages\integration_test\
[ +112 ms] executing: [C:\Mingo\01_San_pham\apps\learner/] C:\Dev\flutter-3.32.8\bin\cache\dart-sdk\bin\dart pub --suppress-analytics deps --json
[ +757 ms] {
             "root": "adaptive_learner",
             "packages": [
               {
                 "name": "adaptive_learner",
                 "version": "0.1.0+1",
                 "kind": "root",
                 "source": "root",
                 "dependencies": [
                   "flutter",
                   "mingo_ui",
                   "flutter_lints",
                   "flutter_test",
                   "integration_test"
                 ],
                 "directDependencies": [
                   "flutter",
                   "mingo_ui"
                 ],
                 "devDependencies": [
                   "flutter_lints",
                   "flutter_test",
                   "integration_test"
                 ]
               },
               {
                 "name": "integration_test",
                 "version": "0.0.0",
                 "kind": "dev",
                 "source": "sdk",
                 "dependencies": [
                   "flutter",
                   "flutter_driver",
                   "flutter_test",
                   "path",
                   "vm_service",
                   "async",
                   "boolean_selector",
                   "characters",
                   "clock",
                   "collection",
                   "fake_async",
                   "file",
                   "leak_tracker",
                   "leak_tracker_flutter_testing",
                   "leak_tracker_testing",
                   "matcher",
                   "material_color_utilities",
                   "meta",
                   "source_span",
                   "stack_trace",
                   "stream_channel",
                   "string_scanner",
                   "sync_http",
                   "term_glyph",
                   "test_api",
                   "vector_math",
                   "webdriver"
                 ],
                 "directDependencies": [
                   "flutter",
                   "flutter_driver",
                   "flutter_test",
                   "path",
                   "vm_service",
                   "async",
                   "boolean_selector",
                   "characters",
                   "clock",
                   "collection",
                   "fake_async",
                   "file",
                   "leak_tracker",
                   "leak_tracker_flutter_testing",
                   "leak_tracker_testing",
                   "matcher",
                   "material_color_utilities",
                   "meta",
                   "source_span",
                   "stack_trace",
                   "stream_channel",
                   "string_scanner",
                   "sync_http",
                   "term_glyph",
                   "test_api",
                   "vector_math",
                   "webdriver"
                 ]
               },
               {
                 "name": "webdriver",
                 "version": "3.1.0",
                 "kind": "transitive",
                 "source": "hosted",
                 "dependencies": [
                   "matcher",
                   "path",
                   "stack_trace",
                   "sync_http"
                 ],
                 "directDependencies": [
                   "matcher",
                   "path",
                   "stack_trace",
                   "sync_http"
                 ]
               },
               {
                 "name": "sync_http",
                 "version": "0.3.1",
                 "kind": "transitive",
                 "source": "hosted",
                 "dependencies": [],
                 "directDependencies": []
               },
               {
                 "name": "stack_trace",
                 "version": "1.12.1",
                 "kind": "transitive",
                 "source": "hosted",
                 "dependencies": [
                   "path"
                 ],
                 "directDependencies": [
                   "path"
                 ]
               },
               {
                 "name": "path",
                 "version": "1.9.1",
                 "kind": "transitive",
                 "source": "hosted",
                 "dependencies": [],
                 "directDependencies": []
               },
               {
                 "name": "matcher",
                 "version": "0.12.17",
                 "kind": "transitive",
                 "source": "hosted",
                 "dependencies": [
                   "async",
                   "meta",
                   "stack_trace",
                   "term_glyph",
                   "test_api"
                 ],
                 "directDependencies": [
                   "async",
                   "meta",
                   "stack_trace",
                   "term_glyph",
                   "test_api"
                 ]
               },
               {
                 "name": "test_api",
                 "version": "0.7.4",
                 "kind": "transitive",
                 "source": "hosted",
                 "dependencies": [
                   "async",
                   "boolean_selector",
                   "collection",
                   "meta",
                   "source_span",
                   "stack_trace",
                   "stream_channel",
                   "string_scanner",
                   "term_glyph"
                 ],
                 "directDependencies": [
                   "async",
                   "boolean_selector",
                   "collection",
                   "meta",
                   "source_span",
                   "stack_trace",
                   "stream_channel",
                   "string_scanner",
                   "term_glyph"
                 ]
               },
               {
                 "name": "term_glyph",
                 "version": "1.2.2",
                 "kind": "transitive",
                 "source": "hosted",
                 "dependencies": [],
                 "directDependencies": []
               },
               {
                 "name": "string_scanner",
                 "version": "1.4.1",
                 "kind": "transitive",
                 "source": "hosted",
                 "dependencies": [
                   "source_span"
                 ],
                 "directDependencies": [
                   "source_span"
                 ]
               },
               {
                 "name": "source_span",
                 "version": "1.10.1",
                 "kind": "transitive",
                 "source": "hosted",
                 "dependencies": [
                   "collection",
                   "path",
                   "term_glyph"
                 ],
                 "directDependencies": [
                   "collection",
                   "path",
                   "term_glyph"
                 ]
               },
               {
                 "name": "collection",
                 "version": "1.19.1",
                 "kind": "transitive",
                 "source": "hosted",
                 "dependencies": [],
                 "directDependencies": []
               },
               {
                 "name": "stream_channel",
                 "version": "2.1.4",
                 "kind": "transitive",
                 "source": "hosted",
                 "dependencies": [
                   "async"
                 ],
                 "directDependencies": [
                   "async"
                 ]
               },
               {
                 "name": "async",
                 "version": "2.13.0",
                 "kind": "transitive",
                 "source": "hosted",
                 "dependencies": [
                   "collection",
                   "meta"
                 ],
                 "directDependencies": [
                   "collection",
                   "meta"
                 ]
               },
               {
                 "name": "meta",
                 "version": "1.16.0",
                 "kind": "transitive",
                 "source": "hosted",
                 "dependencies": [],
                 "directDependencies": []
               },
               {
                 "name": "boolean_selector",
                 "version": "2.1.2",
                 "kind": "transitive",
                 "source": "hosted",
                 "dependencies": [
                   "source_span",
                   "string_scanner"
                 ],
                 "directDependencies": [
                   "source_span",
                   "string_scanner"
                 ]
               },
               {
                 "name": "vector_math",
                 "version": "2.1.4",
                 "kind": "transitive",
                 "source": "hosted",
                 "dependencies": [],
                 "directDependencies": []
               },
               {
                 "name": "material_color_utilities",
                 "version": "0.11.1",
                 "kind": "transitive",
                 "source": "hosted",
                 "dependencies": [
                   "collection"
                 ],
                 "directDependencies": [
                   "collection"
                 ]
               },
               {
                 "name": "leak_tracker_testing",
                 "version": "3.0.1",
                 "kind": "transitive",
                 "source": "hosted",
                 "dependencies": [
                   "leak_tracker",
                   "matcher",
                   "meta"
                 ],
                 "directDependencies": [
                   "leak_tracker",
                   "matcher",
                   "meta"
                 ]
               },
               {
                 "name": "leak_tracker",
                 "version": "10.0.9",
                 "kind": "transitive",
                 "source": "hosted",
                 "dependencies": [
                   "clock",
                   "collection",
                   "meta",
                   "path",
                   "vm_service"
                 ],
                 "directDependencies": [
                   "clock",
                   "collection",
                   "meta",
                   "path",
                   "vm_service"
                 ]
               },
               {
                 "name": "vm_service",
                 "version": "15.0.0",
                 "kind": "transitive",
                 "source": "hosted",
                 "dependencies": [],
                 "directDependencies": []
               },
               {
                 "name": "clock",
                 "version": "1.1.2",
                 "kind": "transitive",
                 "source": "hosted",
                 "dependencies": [],
                 "directDependencies": []
               },
               {
                 "name": "leak_tracker_flutter_testing",
                 "version": "3.0.9",
                 "kind": "transitive",
                 "source": "hosted",
                 "dependencies": [
                   "flutter",
                   "leak_tracker",
                   "leak_tracker_testing",
                   "matcher",
                   "meta"
                 ],
                 "directDependencies": [
                   "flutter",
                   "leak_tracker",
                   "leak_tracker_testing",
                   "matcher",
                   "meta"
                 ]
               },
               {
                 "name": "flutter",
                 "version": "0.0.0",
                 "kind": "direct",
                 "source": "sdk",
                 "dependencies": [
                   "characters",
                   "collection",
                   "material_color_utilities",
                   "meta",
                   "vector_math",
                   "sky_engine"
                 ],
                 "directDependencies": [
                   "characters",
                   "collection",
                   "material_color_utilities",
                   "meta",
                   "vector_math",
                   "sky_engine"
                 ]
               },
               {
                 "name": "sky_engine",
                 "version": "0.0.0",
                 "kind": "transitive",
                 "source": "sdk",
                 "dependencies": [],
                 "directDependencies": []
               },
               {
                 "name": "characters",
                 "version": "1.4.0",
                 "kind": "transitive",
                 "source": "hosted",
                 "dependencies": [],
                 "directDependencies": []
               },
               {
                 "name": "file",
                 "version": "7.0.1",
                 "kind": "transitive",
                 "source": "hosted",
                 "dependencies": [
                   "meta",
                   "path"
                 ],
                 "directDependencies": [
                   "meta",
                   "path"
                 ]
               },
               {
                 "name": "fake_async",
                 "version": "1.3.3",
                 "kind": "transitive",
                 "source": "hosted",
                 "dependencies": [
                   "clock",
                   "collection"
                 ],
                 "directDependencies": [
                   "clock",
                   "collection"
                 ]
               },
               {
                 "name": "flutter_test",
                 "version": "0.0.0",
                 "kind": "dev",
                 "source": "sdk",
                 "dependencies": [
                   "flutter",
                   "test_api",
                   "matcher",
                   "path",
                   "fake_async",
                   "clock",
                   "stack_trace",
                   "vector_math",
                   "leak_tracker_flutter_testing",
                   "async",
                   "boolean_selector",
                   "characters",
                   "collection",
                   "leak_tracker",
                   "leak_tracker_testing",
                   "material_color_utilities",
                   "meta",
                   "source_span",
                   "stream_channel",
                   "string_scanner",
                   "term_glyph",
                   "vm_service"
                 ],
                 "directDependencies": [
                   "flutter",
                   "test_api",
                   "matcher",
                   "path",
                   "fake_async",
                   "clock",
                   "stack_trace",
                   "vector_math",
                   "leak_tracker_flutter_testing",
                   "async",
                   "boolean_selector",
                   "characters",
                   "collection",
                   "leak_tracker",
                   "leak_tracker_testing",
                   "material_color_utilities",
                   "meta",
                   "source_span",
                   "stream_channel",
                   "string_scanner",
                   "term_glyph",
                   "vm_service"
                 ]
               },
               {
                 "name": "flutter_driver",
                 "version": "0.0.0",
                 "kind": "transitive",
                 "source": "sdk",
                 "dependencies": [
                   "file",
                   "flutter",
                   "flutter_test",
                   "fuchsia_remote_debug_protocol",
                   "path",
                   "meta",
                   "vm_service",
                   "webdriver",
                   "async",
                   "boolean_selector",
                   "characters",
                   "clock",
                   "collection",
                   "leak_tracker",
                   "leak_tracker_flutter_testing",
                   "leak_tracker_testing",
                   "matcher",
                   "material_color_utilities",
                   "platform",
                   "process",
                   "source_span",
                   "stack_trace",
                   "stream_channel",
                   "string_scanner",
                   "sync_http",
                   "term_glyph",
                   "test_api",
                   "vector_math"
                 ],
                 "directDependencies": [
                   "file",
                   "flutter",
                   "flutter_test",
                   "fuchsia_remote_debug_protocol",
                   "path",
                   "meta",
                   "vm_service",
                   "webdriver",
                   "async",
                   "boolean_selector",
                   "characters",
                   "clock",
                   "collection",
                   "leak_tracker",
                   "leak_tracker_flutter_testing",
                   "leak_tracker_testing",
                   "matcher",
                   "material_color_utilities",
                   "platform",
                   "process",
                   "source_span",
                   "stack_trace",
                   "stream_channel",
                   "string_scanner",
                   "sync_http",
                   "term_glyph",
                   "test_api",
                   "vector_math"
                 ]
               },
               {
                 "name": "process",
                 "version": "5.0.3",
                 "kind": "transitive",
                 "source": "hosted",
                 "dependencies": [
                   "file",
                   "path",
                   "platform"
                 ],
                 "directDependencies": [
                   "file",
                   "path",
                   "platform"
                 ]
               },
               {
                 "name": "platform",
                 "version": "3.1.6",
                 "kind": "transitive",
                 "source": "hosted",
                 "dependencies": [],
                 "directDependencies": []
               },
               {
                 "name": "fuchsia_remote_debug_protocol",
                 "version": "0.0.0",
                 "kind": "transitive",
                 "source": "sdk",
                 "dependencies": [
                   "process",
                   "vm_service",
                   "file",
                   "meta",
                   "path",
                   "platform"
                 ],
                 "directDependencies": [
                   "process",
                   "vm_service",
                   "file",
                   "meta",
                   "path",
                   "platform"
                 ]
               },
               {
                 "name": "flutter_lints",
                 "version": "5.0.0",
                 "kind": "dev",
                 "source": "hosted",
                 "dependencies": [
                   "lints"
                 ],
                 "directDependencies": [
                   "lints"
                 ]
               },
               {
                 "name": "lints",
                 "version": "5.1.1",
                 "kind": "transitive",
                 "source": "hosted",
                 "dependencies": [],
                 "directDependencies": []
               },
               {
                 "name": "mingo_ui",
                 "version": "2.0.0",
                 "kind": "direct",
                 "source": "path",
                 "dependencies": [
                   "flutter"
                 ],
                 "directDependencies": [
                   "flutter"
                 ]
               }
             ],
             "sdks": [
               {
                 "name": "Dart",
                 "version": "3.8.1"
               },
               {
                 "name": "Flutter",
                 "version": "3.32.8"
               }
             ],
             "executables": []
           }
[  +30 ms] Found plugin integration_test at C:\Dev\flutter-3.32.8\packages\integration_test\
[ +128 ms] executing: [C:\Mingo\01_San_pham\apps\learner/] C:\Dev\flutter-3.32.8\bin\cache\dart-sdk\bin\dart pub --suppress-analytics deps --json
[ +755 ms] {
             "root": "adaptive_learner",
             "packages": [
               {
                 "name": "adaptive_learner",
                 "version": "0.1.0+1",
                 "kind": "root",
                 "source": "root",
                 "dependencies": [
                   "flutter",
                   "mingo_ui",
                   "flutter_lints",
                   "flutter_test",
                   "integration_test"
                 ],
                 "directDependencies": [
                   "flutter",
                   "mingo_ui"
                 ],
                 "devDependencies": [
                   "flutter_lints",
                   "flutter_test",
                   "integration_test"
                 ]
               },
               {
                 "name": "integration_test",
                 "version": "0.0.0",
                 "kind": "dev",
                 "source": "sdk",
                 "dependencies": [
                   "flutter",
                   "flutter_driver",
                   "flutter_test",
                   "path",
                   "vm_service",
                   "async",
                   "boolean_selector",
                   "characters",
                   "clock",
                   "collection",
                   "fake_async",
                   "file",
                   "leak_tracker",
                   "leak_tracker_flutter_testing",
                   "leak_tracker_testing",
                   "matcher",
                   "material_color_utilities",
                   "meta",
                   "source_span",
                   "stack_trace",
                   "stream_channel",
                   "string_scanner",
                   "sync_http",
                   "term_glyph",
                   "test_api",
                   "vector_math",
                   "webdriver"
                 ],
                 "directDependencies": [
                   "flutter",
                   "flutter_driver",
                   "flutter_test",
                   "path",
                   "vm_service",
                   "async",
                   "boolean_selector",
                   "characters",
                   "clock",
                   "collection",
                   "fake_async",
                   "file",
                   "leak_tracker",
                   "leak_tracker_flutter_testing",
                   "leak_tracker_testing",
                   "matcher",
                   "material_color_utilities",
                   "meta",
                   "source_span",
                   "stack_trace",
                   "stream_channel",
                   "string_scanner",
                   "sync_http",
                   "term_glyph",
                   "test_api",
                   "vector_math",
                   "webdriver"
                 ]
               },
               {
                 "name": "webdriver",
                 "version": "3.1.0",
                 "kind": "transitive",
                 "source": "hosted",
                 "dependencies": [
                   "matcher",
                   "path",
                   "stack_trace",
                   "sync_http"
                 ],
                 "directDependencies": [
                   "matcher",
                   "path",
                   "stack_trace",
                   "sync_http"
                 ]
               },
               {
                 "name": "sync_http",
                 "version": "0.3.1",
                 "kind": "transitive",
                 "source": "hosted",
                 "dependencies": [],
                 "directDependencies": []
               },
               {
                 "name": "stack_trace",
                 "version": "1.12.1",
                 "kind": "transitive",
                 "source": "hosted",
                 "dependencies": [
                   "path"
                 ],
                 "directDependencies": [
                   "path"
                 ]
               },
               {
                 "name": "path",
                 "version": "1.9.1",
                 "kind": "transitive",
                 "source": "hosted",
                 "dependencies": [],
                 "directDependencies": []
               },
               {
                 "name": "matcher",
                 "version": "0.12.17",
                 "kind": "transitive",
                 "source": "hosted",
                 "dependencies": [
                   "async",
                   "meta",
                   "stack_trace",
                   "term_glyph",
                   "test_api"
                 ],
                 "directDependencies": [
                   "async",
                   "meta",
                   "stack_trace",
                   "term_glyph",
                   "test_api"
                 ]
               },
               {
                 "name": "test_api",
                 "version": "0.7.4",
                 "kind": "transitive",
                 "source": "hosted",
                 "dependencies": [
                   "async",
                   "boolean_selector",
                   "collection",
                   "meta",
                   "source_span",
                   "stack_trace",
                   "stream_channel",
                   "string_scanner",
                   "term_glyph"
                 ],
                 "directDependencies": [
                   "async",
                   "boolean_selector",
                   "collection",
                   "meta",
                   "source_span",
                   "stack_trace",
                   "stream_channel",
                   "string_scanner",
                   "term_glyph"
                 ]
               },
               {
                 "name": "term_glyph",
                 "version": "1.2.2",
                 "kind": "transitive",
                 "source": "hosted",
                 "dependencies": [],
                 "directDependencies": []
               },
               {
                 "name": "string_scanner",
                 "version": "1.4.1",
                 "kind": "transitive",
                 "source": "hosted",
                 "dependencies": [
                   "source_span"
                 ],
                 "directDependencies": [
                   "source_span"
                 ]
               },
               {
                 "name": "source_span",
                 "version": "1.10.1",
                 "kind": "transitive",
                 "source": "hosted",
                 "dependencies": [
                   "collection",
                   "path",
                   "term_glyph"
                 ],
                 "directDependencies": [
                   "collection",
                   "path",
                   "term_glyph"
                 ]
               },
               {
                 "name": "collection",
                 "version": "1.19.1",
                 "kind": "transitive",
                 "source": "hosted",
                 "dependencies": [],
                 "directDependencies": []
               },
               {
                 "name": "stream_channel",
                 "version": "2.1.4",
                 "kind": "transitive",
                 "source": "hosted",
                 "dependencies": [
                   "async"
                 ],
                 "directDependencies": [
                   "async"
                 ]
               },
               {
                 "name": "async",
                 "version": "2.13.0",
                 "kind": "transitive",
                 "source": "hosted",
                 "dependencies": [
                   "collection",
                   "meta"
                 ],
                 "directDependencies": [
                   "collection",
                   "meta"
                 ]
               },
               {
                 "name": "meta",
                 "version": "1.16.0",
                 "kind": "transitive",
                 "source": "hosted",
                 "dependencies": [],
                 "directDependencies": []
               },
               {
                 "name": "boolean_selector",
                 "version": "2.1.2",
                 "kind": "transitive",
                 "source": "hosted",
                 "dependencies": [
                   "source_span",
                   "string_scanner"
                 ],
                 "directDependencies": [
                   "source_span",
                   "string_scanner"
                 ]
               },
               {
                 "name": "vector_math",
                 "version": "2.1.4",
                 "kind": "transitive",
                 "source": "hosted",
                 "dependencies": [],
                 "directDependencies": []
               },
               {
                 "name": "material_color_utilities",
                 "version": "0.11.1",
                 "kind": "transitive",
                 "source": "hosted",
                 "dependencies": [
                   "collection"
                 ],
                 "directDependencies": [
                   "collection"
                 ]
               },
               {
                 "name": "leak_tracker_testing",
                 "version": "3.0.1",
                 "kind": "transitive",
                 "source": "hosted",
                 "dependencies": [
                   "leak_tracker",
                   "matcher",
                   "meta"
                 ],
                 "directDependencies": [
                   "leak_tracker",
                   "matcher",
                   "meta"
                 ]
               },
               {
                 "name": "leak_tracker",
                 "version": "10.0.9",
                 "kind": "transitive",
                 "source": "hosted",
                 "dependencies": [
                   "clock",
                   "collection",
                   "meta",
                   "path",
                   "vm_service"
                 ],
                 "directDependencies": [
                   "clock",
                   "collection",
                   "meta",
                   "path",
                   "vm_service"
                 ]
               },
               {
                 "name": "vm_service",
                 "version": "15.0.0",
                 "kind": "transitive",
                 "source": "hosted",
                 "dependencies": [],
                 "directDependencies": []
               },
               {
                 "name": "clock",
                 "version": "1.1.2",
                 "kind": "transitive",
                 "source": "hosted",
                 "dependencies": [],
                 "directDependencies": []
               },
               {
                 "name": "leak_tracker_flutter_testing",
                 "version": "3.0.9",
                 "kind": "transitive",
                 "source": "hosted",
                 "dependencies": [
                   "flutter",
                   "leak_tracker",
                   "leak_tracker_testing",
                   "matcher",
                   "meta"
                 ],
                 "directDependencies": [
                   "flutter",
                   "leak_tracker",
                   "leak_tracker_testing",
                   "matcher",
                   "meta"
                 ]
               },
               {
                 "name": "flutter",
                 "version": "0.0.0",
                 "kind": "direct",
                 "source": "sdk",
                 "dependencies": [
                   "characters",
                   "collection",
                   "material_color_utilities",
                   "meta",
                   "vector_math",
                   "sky_engine"
                 ],
                 "directDependencies": [
                   "characters",
                   "collection",
                   "material_color_utilities",
                   "meta",
                   "vector_math",
                   "sky_engine"
                 ]
               },
               {
                 "name": "sky_engine",
                 "version": "0.0.0",
                 "kind": "transitive",
                 "source": "sdk",
                 "dependencies": [],
                 "directDependencies": []
               },
               {
                 "name": "characters",
                 "version": "1.4.0",
                 "kind": "transitive",
                 "source": "hosted",
                 "dependencies": [],
                 "directDependencies": []
               },
               {
                 "name": "file",
                 "version": "7.0.1",
                 "kind": "transitive",
                 "source": "hosted",
                 "dependencies": [
                   "meta",
                   "path"
                 ],
                 "directDependencies": [
                   "meta",
                   "path"
                 ]
               },
               {
                 "name": "fake_async",
                 "version": "1.3.3",
                 "kind": "transitive",
                 "source": "hosted",
                 "dependencies": [
                   "clock",
                   "collection"
                 ],
                 "directDependencies": [
                   "clock",
                   "collection"
                 ]
               },
               {
                 "name": "flutter_test",
                 "version": "0.0.0",
                 "kind": "dev",
                 "source": "sdk",
                 "dependencies": [
                   "flutter",
                   "test_api",
                   "matcher",
                   "path",
                   "fake_async",
                   "clock",
                   "stack_trace",
                   "vector_math",
                   "leak_tracker_flutter_testing",
                   "async",
                   "boolean_selector",
                   "characters",
                   "collection",
                   "leak_tracker",
                   "leak_tracker_testing",
                   "material_color_utilities",
                   "meta",
                   "source_span",
                   "stream_channel",
                   "string_scanner",
                   "term_glyph",
                   "vm_service"
                 ],
                 "directDependencies": [
                   "flutter",
                   "test_api",
                   "matcher",
                   "path",
                   "fake_async",
                   "clock",
                   "stack_trace",
                   "vector_math",
                   "leak_tracker_flutter_testing",
                   "async",
                   "boolean_selector",
                   "characters",
                   "collection",
                   "leak_tracker",
                   "leak_tracker_testing",
                   "material_color_utilities",
                   "meta",
                   "source_span",
                   "stream_channel",
                   "string_scanner",
                   "term_glyph",
                   "vm_service"
                 ]
               },
               {
                 "name": "flutter_driver",
                 "version": "0.0.0",
                 "kind": "transitive",
                 "source": "sdk",
                 "dependencies": [
                   "file",
                   "flutter",
                   "flutter_test",
                   "fuchsia_remote_debug_protocol",
                   "path",
                   "meta",
                   "vm_service",
                   "webdriver",
                   "async",
                   "boolean_selector",
                   "characters",
                   "clock",
                   "collection",
                   "leak_tracker",
                   "leak_tracker_flutter_testing",
                   "leak_tracker_testing",
                   "matcher",
                   "material_color_utilities",
                   "platform",
                   "process",
                   "source_span",
                   "stack_trace",
                   "stream_channel",
                   "string_scanner",
                   "sync_http",
                   "term_glyph",
                   "test_api",
                   "vector_math"
                 ],
                 "directDependencies": [
                   "file",
                   "flutter",
                   "flutter_test",
                   "fuchsia_remote_debug_protocol",
                   "path",
                   "meta",
                   "vm_service",
                   "webdriver",
                   "async",
                   "boolean_selector",
                   "characters",
                   "clock",
                   "collection",
                   "leak_tracker",
                   "leak_tracker_flutter_testing",
                   "leak_tracker_testing",
                   "matcher",
                   "material_color_utilities",
                   "platform",
                   "process",
                   "source_span",
                   "stack_trace",
                   "stream_channel",
                   "string_scanner",
                   "sync_http",
                   "term_glyph",
                   "test_api",
                   "vector_math"
                 ]
               },
               {
                 "name": "process",
                 "version": "5.0.3",
                 "kind": "transitive",
                 "source": "hosted",
                 "dependencies": [
                   "file",
                   "path",
                   "platform"
                 ],
                 "directDependencies": [
                   "file",
                   "path",
                   "platform"
                 ]
               },
               {
                 "name": "platform",
                 "version": "3.1.6",
                 "kind": "transitive",
                 "source": "hosted",
                 "dependencies": [],
                 "directDependencies": []
               },
               {
                 "name": "fuchsia_remote_debug_protocol",
                 "version": "0.0.0",
                 "kind": "transitive",
                 "source": "sdk",
                 "dependencies": [
                   "process",
                   "vm_service",
                   "file",
                   "meta",
                   "path",
                   "platform"
                 ],
                 "directDependencies": [
                   "process",
                   "vm_service",
                   "file",
                   "meta",
                   "path",
                   "platform"
                 ]
               },
               {
                 "name": "flutter_lints",
                 "version": "5.0.0",
                 "kind": "dev",
                 "source": "hosted",
                 "dependencies": [
                   "lints"
                 ],
                 "directDependencies": [
                   "lints"
                 ]
               },
               {
                 "name": "lints",
                 "version": "5.1.1",
                 "kind": "transitive",
                 "source": "hosted",
                 "dependencies": [],
                 "directDependencies": []
               },
               {
                 "name": "mingo_ui",
                 "version": "2.0.0",
                 "kind": "direct",
                 "source": "path",
                 "dependencies": [
                   "flutter"
                 ],
                 "directDependencies": [
                   "flutter"
                 ]
               }
             ],
             "sdks": [
               {
                 "name": "Dart",
                 "version": "3.8.1"
               },
               {
                 "name": "Flutter",
                 "version": "3.32.8"
               }
             ],
             "executables": []
           }
[  +25 ms] Found plugin integration_test at C:\Dev\flutter-3.32.8\packages\integration_test\
[  +94 ms] Generating C:\Mingo\01_San_pham\apps\learner\android\app\src\main\java\io\flutter\plugins\GeneratedPluginRegistrant.java
[  +53 ms] executing: C:\Program Files\Android\Android Studio\jbr\bin\java -version
[ +389 ms] Exit code 0 from: C:\Program Files\Android\Android Studio\jbr\bin\java -version
[        ] openjdk version "25.0.3" 2026-04-21
           OpenJDK Runtime Environment (build 25.0.3+-15898627-b508.16)
           OpenJDK 64-Bit Server VM (build 25.0.3+-15898627-b508.16, mixed mode)
[   +3 ms] executing: C:\Program Files\Android\Android Studio\jbr\bin\java -version
[ +400 ms] Exit code 0 from: C:\Program Files\Android\Android Studio\jbr\bin\java -version
[        ] openjdk version "25.0.3" 2026-04-21
           OpenJDK Runtime Environment (build 25.0.3+-15898627-b508.16)
           OpenJDK 64-Bit Server VM (build 25.0.3+-15898627-b508.16, mixed mode)
[  +11 ms] Support for Android x86 targets will be removed in the next stable release after 3.27. See https://github.com/flutter/flutter/issues/157543 for details.
[   +9 ms] Top-level Gradle build file not found, skipping migration of task "clean".
[   +4 ms] executing: C:\Program Files\Microsoft\jdk-17.0.20.101-hotspot\bin\java --version
[ +240 ms] Exit code 0 from: C:\Program Files\Microsoft\jdk-17.0.20.101-hotspot\bin\java --version
[        ] openjdk 17.0.20.1 2026-08-18 LTS
           OpenJDK Runtime Environment Microsoft-14940689 (build 17.0.20.1+1-LTS)
           OpenJDK 64-Bit Server VM Microsoft-14940689 (build 17.0.20.1+1-LTS, mixed mode, sharing)
[  +25 ms] CMake project not found, skipping support Android 15 16k page size migration.
[  +15 ms] Using gradle from C:\Mingo\01_San_pham\apps\learner\android\gradlew.bat.
[  +10 ms] Running Gradle task 'assembleDebug'...
[   +1 ms] executing: [C:\Mingo\01_San_pham\apps\learner\android/] C:\Mingo\01_San_pham\apps\learner\android\gradlew.bat --full-stacktrace --info -Pverbose=true -Ptarget-platform=android-arm,android-arm64,android-x86,android-x64 -Ptarget=lib\main.dart -Pbase-application-name=android.app.Application -Pdart-defines=RkxVVFRFUl9WRVJTSU9OPTMuMzIuOA==,RkxVVFRFUl9DSEFOTkVMPVt1c2VyLWJyYW5jaF0=,RkxVVFRFUl9HSVRfVVJMPXVua25vd24gc291cmNl,RkxVVFRFUl9GUkFNRVdPUktfUkVWSVNJT049ZWRhZGE3YzU2ZQ==,RkxVVFRFUl9FTkdJTkVfUkVWSVNJT049ZWYwY2QwMDA5MQ==,RkxVVFRFUl9EQVJUX1ZFUlNJT049My44LjE= -Pdart-obfuscation=false -Ptrack-widget-creation=true -Ptree-shake-icons=false assembleDebug
[+1408 ms] Initialized native services in: C:\Dev\gradle-cache\native
[   +1 ms] Initialized jansi services in: C:\Dev\gradle-cache\native
[ +624 ms] Found daemon DaemonInfo{pid=23584, address=[79214ce8-9bdb-4085-aa06-48774945274b port:49759, addresses:[/127.0.0.1]], state=Idle, lastBusy=1790867156985, context=DefaultDaemonContext[uid=e089dd9f-bbdc-45f0-a301-a7d3ba7d9ce3,javaHome=C:\Program Files\Microsoft\jdk-17.0.20.101-hotspot,javaVersion=17,javaVendor=Microsoft,daemonRegistryDir=C:\Dev\gradle-cache\daemon,pid=23584,idleTimeout=10800000,priority=NORMAL,applyInstrumentationAgent=true,nativeServicesMode=ENABLED,daemonOpts=-XX:MaxMetaspaceSize=4G,-XX:ReservedCodeCacheSize=512m,-XX:+HeapDumpOnOutOfMemoryError,-Xmx8G,-Dfile.encoding=windows-1252,-Djava.io.tmpdir=C:/Mingo/.local/java-tmp,-Duser.country=GB,-Duser.language=en,-Duser.variant]} however its context does not match the desired criteria.
[        ] At least one daemon option is different.
[        ] Wanted: DaemonRequestContext{jvmCriteria=C:\Program Files\Microsoft\jdk-17.0.20.101-hotspot (no JDK specified, using current Java home), daemonOpts=[-XX:MaxMetaspaceSize=4G, -XX:ReservedCodeCacheSize=512m, -XX:+HeapDumpOnOutOfMemoryError, -Xmx8G, -Dfile.encoding=windows-1252, -Duser.country=GB, -Duser.language=en, -Duser.variant], applyInstrumentationAgent=true, nativeServicesMode=ENABLED, priority=NORMAL}
[        ] Actual: DefaultDaemonContext[uid=e089dd9f-bbdc-45f0-a301-a7d3ba7d9ce3,javaHome=C:\Program Files\Microsoft\jdk-17.0.20.101-hotspot,javaVersion=17,javaVendor=Microsoft,daemonRegistryDir=C:\Dev\gradle-cache\daemon,pid=23584,idleTimeout=10800000,priority=NORMAL,applyInstrumentationAgent=true,nativeServicesMode=ENABLED,daemonOpts=-XX:MaxMetaspaceSize=4G,-XX:ReservedCodeCacheSize=512m,-XX:+HeapDumpOnOutOfMemoryError,-Xmx8G,-Dfile.encoding=windows-1252,-Djava.io.tmpdir=C:/Mingo/.local/java-tmp,-Duser.country=GB,-Duser.language=en,-Duser.variant]
[        ]   Looking for a different daemon...
[ +104 ms] Removing 0 daemon stop events from registry
[        ] Previous Daemon (23824) stopped at Thu Oct 01 22:52:34 ICT 2026 after being idle for 59 minutes and not recently used and to reclaim system virtual memory
[        ] Starting a Gradle Daemon, 1 incompatible and 1 stopped Daemons could not be reused, use --status for details
[ +186 ms] Starting process 'Gradle build daemon'. Working directory: C:\Dev\gradle-cache\daemon\8.12 Command: C:\Program Files\Microsoft\jdk-17.0.20.101-hotspot\bin\java.exe --add-opens=java.base/java.lang=ALL-UNNAMED --add-opens=java.base/java.lang.invoke=ALL-UNNAMED --add-opens=java.base/java.util=ALL-UNNAMED --add-opens=java.prefs/java.util.prefs=ALL-UNNAMED --add-exports=jdk.compiler/com.sun.tools.javac.api=ALL-UNNAMED --add-exports=jdk.compiler/com.sun.tools.javac.util=ALL-UNNAMED --add-opens=java.base/java.util=ALL-UNNAMED --add-opens=java.prefs/java.util.prefs=ALL-UNNAMED --add-opens=java.base/java.nio.charset=ALL-UNNAMED --add-opens=java.base/java.net=ALL-UNNAMED --add-opens=java.base/java.util.concurrent.atomic=ALL-UNNAMED --add-opens=java.xml/javax.xml.namespace=ALL-UNNAMED -XX:MaxMetaspaceSize=4G -XX:ReservedCodeCacheSize=512m -XX:+HeapDumpOnOutOfMemoryError -Xmx8G -Dfile.encoding=windows-1252 -Duser.country=GB -Duser.language=en -Duser.variant -cp C:\Dev\gradle-cache\wrapper\dists\gradle-8.12-all\ejduaidbjup3bmmkhw3rie4zb\gradle-8.12\lib\gradle-daemon-main-8.12.jar -javaagent:C:\Dev\gradle-cache\wrapper\dists\gradle-8.12-all\ejduaidbjup3bmmkhw3rie4zb\gradle-8.12\lib\agents\gradle-instrumentation-agent-8.12.jar org.gradle.launcher.daemon.bootstrap.GradleDaemon 8.12
[ +110 ms] Successfully started process 'Gradle build daemon'
[+2601 ms] An attempt to start the daemon took 2.75 secs.
[  +91 ms] FAILURE: Build failed with an exception.
[        ] * What went wrong:
[        ] java.io.IOException: Unable to establish loopback connection
[        ] * Try:
[        ] > Run with --debug option to get more log output.
[        ] > Run with --scan to get full insights.
[        ] > Get more help at https://help.gradle.org.
[        ] * Exception is:
[        ] org.gradle.api.UncheckedIOException: java.io.IOException: Unable to establish loopback connection
[        ] 	at org.gradle.internal.UncheckedException.throwAsUncheckedException(UncheckedException.java:63)
[        ] 	at org.gradle.internal.UncheckedException.throwAsUncheckedException(UncheckedException.java:42)
[        ] 	at org.gradle.internal.remote.internal.inet.SocketConnection.<init>(SocketConnection.java:64)
[        ] 	at org.gradle.internal.remote.internal.inet.SocketConnectCompletion.create(SocketConnectCompletion.java:40)
[        ] 	at org.gradle.launcher.daemon.client.DefaultDaemonConnector.connectToDaemon(DefaultDaemonConnector.java:271)
[        ] 	at org.gradle.launcher.daemon.client.DefaultDaemonConnector.connectToDaemonWithId(DefaultDaemonConnector.java:257)
[        ] 	at org.gradle.launcher.daemon.client.DefaultDaemonConnector.doStartDaemon(DefaultDaemonConnector.java:224)
[        ] 	at org.gradle.launcher.daemon.client.DefaultDaemonConnector.startDaemon(DefaultDaemonConnector.java:213)
[        ] 	at org.gradle.launcher.daemon.client.DaemonClient.execute(DaemonClient.java:169)
[        ] 	at org.gradle.launcher.daemon.client.DaemonClient.execute(DaemonClient.java:97)
[        ] 	at org.gradle.launcher.cli.RunBuildAction.run(RunBuildAction.java:56)
[        ] 	at org.gradle.internal.Actions$RunnableActionAdapter.execute(Actions.java:167)
[        ] 	at org.gradle.launcher.cli.DefaultCommandLineActionFactory$ParseAndBuildAction.execute(DefaultCommandLineActionFactory.java:370)
[        ] 	at org.gradle.launcher.cli.DefaultCommandLineActionFactory$ParseAndBuildAction.execute(DefaultCommandLineActionFactory.java:334)
[        ] 	at org.gradle.launcher.cli.DebugLoggerWarningAction.execute(DebugLoggerWarningAction.java:74)
[        ] 	at org.gradle.launcher.cli.DebugLoggerWarningAction.execute(DebugLoggerWarningAction.java:30)
[        ] 	at org.gradle.launcher.cli.WelcomeMessageAction.execute(WelcomeMessageAction.java:97)
[        ] 	at org.gradle.launcher.cli.WelcomeMessageAction.execute(WelcomeMessageAction.java:40)
[        ] 	at org.gradle.launcher.cli.NativeServicesInitializingAction.execute(NativeServicesInitializingAction.java:50)
[        ] 	at org.gradle.launcher.cli.NativeServicesInitializingAction.execute(NativeServicesInitializingAction.java:27)
[        ] 	at org.gradle.launcher.cli.ExceptionReportingAction.execute(ExceptionReportingAction.java:41)
[        ] 	at org.gradle.launcher.cli.ExceptionReportingAction.execute(ExceptionReportingAction.java:26)
[        ] 	at org.gradle.launcher.cli.DefaultCommandLineActionFactory$WithLogging.execute(DefaultCommandLineActionFactory.java:482)
[        ] 	at org.gradle.launcher.Main.doAction(Main.java:35)
[        ] 	at org.gradle.launcher.bootstrap.EntryPoint.run(EntryPoint.java:52)
[        ] 	at java.base/jdk.internal.reflect.NativeMethodAccessorImpl.invoke0(Native Method)
[        ] 	at java.base/jdk.internal.reflect.NativeMethodAccessorImpl.invoke(NativeMethodAccessorImpl.java:77)
[        ] 	at java.base/jdk.internal.reflect.DelegatingMethodAccessorImpl.invoke(DelegatingMethodAccessorImpl.java:43)
[        ] 	at java.base/java.lang.reflect.Method.invoke(Method.java:569)
[        ] 	at org.gradle.launcher.bootstrap.ProcessBootstrap.runNoExit(ProcessBootstrap.java:72)
[        ] 	at org.gradle.launcher.bootstrap.ProcessBootstrap.run(ProcessBootstrap.java:39)
[        ] 	at org.gradle.launcher.GradleMain.main(GradleMain.java:31)
[        ] 	at java.base/jdk.internal.reflect.NativeMethodAccessorImpl.invoke0(Native Method)
[        ] 	at java.base/jdk.internal.reflect.NativeMethodAccessorImpl.invoke(NativeMethodAccessorImpl.java:77)
[        ] 	at java.base/jdk.internal.reflect.DelegatingMethodAccessorImpl.invoke(DelegatingMethodAccessorImpl.java:43)
[        ] 	at java.base/java.lang.reflect.Method.invoke(Method.java:569)
[        ] 	at org.gradle.wrapper.BootstrapMainStarter.start(BootstrapMainStarter.java:30)
[        ] 	at org.gradle.wrapper.WrapperExecutor.execute(WrapperExecutor.java:129)
[        ] 	at org.gradle.wrapper.GradleWrapperMain.main(GradleWrapperMain.java:61)
[        ] Caused by: java.io.IOException: Unable to establish loopback connection
[        ] 	at java.base/sun.nio.ch.PipeImpl$Initializer.run(PipeImpl.java:103)
[        ] 	at java.base/sun.nio.ch.PipeImpl$Initializer.run(PipeImpl.java:67)
[        ] 	at java.base/java.security.AccessController.doPrivileged(AccessController.java:569)
[        ] 	at java.base/sun.nio.ch.PipeImpl.<init>(PipeImpl.java:198)
[        ] 	at java.base/sun.nio.ch.WEPollSelectorImpl.<init>(WEPollSelectorImpl.java:78)
[        ] 	at java.base/sun.nio.ch.WEPollSelectorProvider.openSelector(WEPollSelectorProvider.java:33)
[        ] 	at java.base/java.nio.channels.Selector.open(Selector.java:295)
[        ] 	at org.gradle.internal.remote.internal.inet.SocketConnection$SocketInputStream.<init>(SocketConnection.java:164)
[        ] 	at org.gradle.internal.remote.internal.inet.SocketConnection.<init>(SocketConnection.java:62)
[        ] 	... 36 more
[        ] Caused by: java.net.SocketException: Invalid argument: connect
[        ] 	at java.base/sun.nio.ch.UnixDomainSockets.connect0(Native Method)
[        ] 	at java.base/sun.nio.ch.UnixDomainSockets.connect(UnixDomainSockets.java:148)
[        ] 	at java.base/sun.nio.ch.UnixDomainSockets.connect(UnixDomainSockets.java:144)
[        ] 	at java.base/sun.nio.ch.SocketChannelImpl.connect(SocketChannelImpl.java:851)
[        ] 	at java.base/java.nio.channels.SocketChannel.open(SocketChannel.java:285)
[        ] 	at java.base/sun.nio.ch.PipeImpl$Initializer$LoopbackConnector.run(PipeImpl.java:133)
[        ] 	at java.base/sun.nio.ch.PipeImpl$Initializer.run(PipeImpl.java:85)
[        ] 	... 44 more
[  +87 ms] Running Gradle task 'assembleDebug'... (completed in 5,2s)
[   +2 ms] "flutter apk" took 9.466ms.
[  +11 ms] Gradle task assembleDebug failed with exit code 1
[        ] 
           #0      throwToolExit (package:flutter_tools/src/base/common.dart:34:3)
           #1      AndroidGradleBuilder.buildGradleApp (package:flutter_tools/src/android/gradle.dart:582:7)
           <asynchronous suspension>
           #2      AndroidGradleBuilder.buildApk (package:flutter_tools/src/android/gradle.dart:242:5)
           <asynchronous suspension>
           #3      BuildApkCommand.runCommand (package:flutter_tools/src/commands/build_apk.dart:141:5)
           <asynchronous suspension>
           #4      FlutterCommand.run.<anonymous closure> (package:flutter_tools/src/runner/flutter_command.dart:1563:27)
           <asynchronous suspension>
           #5      AppContext.run.<anonymous closure> (package:flutter_tools/src/base/context.dart:154:19)
           <asynchronous suspension>
           #6      CommandRunner.runCommand (package:args/command_runner.dart:212:13)
           <asynchronous suspension>
           #7      FlutterCommandRunner.runCommand.<anonymous closure> (package:flutter_tools/src/runner/flutter_command_runner.dart:494:9)
           <asynchronous suspension>
           #8      AppContext.run.<anonymous closure> (package:flutter_tools/src/base/context.dart:154:19)
           <asynchronous suspension>
           #9      FlutterCommandRunner.runCommand (package:flutter_tools/src/runner/flutter_command_runner.dart:431:5)
           <asynchronous suspension>
           #10     run.<anonymous closure>.<anonymous closure> (package:flutter_tools/runner.dart:98:11)
           <asynchronous suspension>
           #11     AppContext.run.<anonymous closure> (package:flutter_tools/src/base/context.dart:154:19)
           <asynchronous suspension>
           #12     main (package:flutter_tools/executable.dart:102:3)
           <asynchronous suspension>


[        ] Running 1 shutdown hook
[        ] Shutdown hooks complete
[        ] exiting with code 1
