UTC: 2026-09-26T15:07:27.593931+00:00
Command: pwsh -NoProfile -File 07_operations/scripts/verify_backend.ps1 -Python C:\Mingo\.local\clean-reproduction-20260926\.venv\Scripts\python.exe -RunPostgres
All checks passed!
============================= test session starts =============================
platform win32 -- Python 3.12.10, pytest-9.1.1, pluggy-1.6.0
rootdir: C:\Mingo\.local\clean-reproduction-20260926\05_code\backend
configfile: pyproject.toml
plugins: anyio-4.15.1
collected 16 items

05_code\backend\tests\test_postgres.py ssssss                            [ 37%]
05_code\backend\tests\test_unit.py .......s..                            [100%]

============================== warnings summary ===============================
.venv\Lib\site-packages\fastapi\testclient.py:1
  C:\Mingo\.local\clean-reproduction-20260926\.venv\Lib\site-packages\fastapi\testclient.py:1: StarletteDeprecationWarning: Using `httpx` with `starlette.testclient` is deprecated; install `httpx2` instead.
    from starlette.testclient import TestClient as TestClient  # noqa

-- Docs: https://docs.pytest.org/en/stable/how-to/capture-warnings.html
- generated xml file: C:\Mingo\.local\clean-reproduction-20260926\06_quality\evidence\backend\backend-unit-20260926T150728Z.xml -
=================== 9 passed, 7 skipped, 1 warning in 3.91s ===================
============================= test session starts =============================
platform win32 -- Python 3.12.10, pytest-9.1.1, pluggy-1.6.0
rootdir: C:\Mingo\.local\clean-reproduction-20260926\05_code\backend
configfile: pyproject.toml
plugins: anyio-4.15.1
collected 16 items / 10 deselected / 6 selected

05_code\backend\tests\test_postgres.py ......                            [100%]

============================== warnings summary ===============================
.venv\Lib\site-packages\fastapi\testclient.py:1
  C:\Mingo\.local\clean-reproduction-20260926\.venv\Lib\site-packages\fastapi\testclient.py:1: StarletteDeprecationWarning: Using `httpx` with `starlette.testclient` is deprecated; install `httpx2` instead.
    from starlette.testclient import TestClient as TestClient  # noqa

-- Docs: https://docs.pytest.org/en/stable/how-to/capture-warnings.html
- generated xml file: C:\Mingo\.local\clean-reproduction-20260926\06_quality\evidence\postgres\postgres-20260926T150728Z.xml -
================= 6 passed, 10 deselected, 1 warning in 4.00s =================
{"applied": ["001_runtime_probe.sql", "002_worker_heartbeat.sql"]}
{"job_id": "dcbd6317-4d54-4fed-a993-12a7839ca2e7"}
{"time": "2026-09-26T15:07:41.149860+00:00", "level": "INFO", "event": "worker.started", "component": "worker", "request_id": null}
{"time": "2026-09-26T15:07:41.316794+00:00", "level": "INFO", "event": "job.completed", "component": "worker", "request_id": null}
{"time": "2026-09-26T15:07:41.316794+00:00", "level": "INFO", "event": "worker.stopped", "component": "worker", "request_id": null}
{"commit": "4cdecb426d33b2996f4a3a72cc78da6a276b713f", "live": {"status": 200, "body": {"status": "alive"}, "request_id": "39c369e1-2ef3-454c-a083-041ea5900da5"}, "ready": {"status": 200, "body": {"status": "ready"}, "request_id": "c5ea0013-3a65-40f9-8edb-b87fc8d494c7"}}
{"adapter": "local-object-store", "smoke": "passed"}

Exit code: 0
