[
  {
    "name": "Windows",
    "id": "windows",
    "isSupported": true,
    "targetPlatform": "windows-x64",
    "emulator": false,
    "sdk": "Microsoft Windows [Version 10.0.26200.9550]",
    "capabilities": {
      "hotReload": true,
      "hotRestart": true,
      "screenshot": false,
      "fastStart": false,
      "flutterExit": true,
      "hardwareRendering": false,
      "startPaused": true
    }
  },
  {
    "name": "Chrome",
    "id": "chrome",
    "isSupported": true,
    "targetPlatform": "web-javascript",
    "emulator": false,
    "sdk": "Google Chrome 154.0.8037.95",
    "capabilities": {
      "hotReload": true,
      "hotRestart": true,
      "screenshot": false,
      "fastStart": false,
      "flutterExit": false,
      "hardwareRendering": false,
      "startPaused": true
    }
  },
  {
    "name": "Edge",
    "id": "edge",
    "isSupported": true,
    "targetPlatform": "web-javascript",
    "emulator": false,
    "sdk": "Microsoft Edge 154.0.4258.62",
    "capabilities": {
      "hotReload": true,
      "hotRestart": true,
      "screenshot": false,
      "fastStart": false,
      "flutterExit": false,
      "hardwareRendering": false,
      "startPaused": true
    }
  }
]

Exit code: 0