Recreating project .local\m3x-ios-preparation\01_San_pham\apps\learner...
  .local\m3x-ios-preparation\01_San_pham\apps\learner\.idea\libraries\Dart_SDK.xml (created)
  .local\m3x-ios-preparation\01_San_pham\apps\learner\.idea\libraries\KotlinJavaRuntime.xml (created)
  .local\m3x-ios-preparation\01_San_pham\apps\learner\.idea\modules.xml (created)
  .local\m3x-ios-preparation\01_San_pham\apps\learner\.idea\runConfigurations\main_dart.xml (created)
  .local\m3x-ios-preparation\01_San_pham\apps\learner\.idea\workspace.xml (created)
  .local\m3x-ios-preparation\01_San_pham\apps\learner\ios\Runner\AppDelegate.swift (created)
  .local\m3x-ios-preparation\01_San_pham\apps\learner\ios\Runner\Runner-Bridging-Header.h (created)
  .local\m3x-ios-preparation\01_San_pham\apps\learner\ios\Runner.xcodeproj\project.pbxproj (created)
  .local\m3x-ios-preparation\01_San_pham\apps\learner\ios\Runner.xcodeproj\xcshareddata\xcschemes\Runner.xcscheme (created)
  .local\m3x-ios-preparation\01_San_pham\apps\learner\ios\RunnerTests\RunnerTests.swift (created)
  .local\m3x-ios-preparation\01_San_pham\apps\learner\ios\.gitignore (created)
  .local\m3x-ios-preparation\01_San_pham\apps\learner\ios\Flutter\AppFrameworkInfo.plist (created)
  .local\m3x-ios-preparation\01_San_pham\apps\learner\ios\Flutter\Debug.xcconfig (created)
  .local\m3x-ios-preparation\01_San_pham\apps\learner\ios\Flutter\Release.xcconfig (created)
  .local\m3x-ios-preparation\01_San_pham\apps\learner\ios\Runner\Assets.xcassets\AppIcon.appiconset\Contents.json (created)
  .local\m3x-ios-preparation\01_San_pham\apps\learner\ios\Runner\Assets.xcassets\AppIcon.appiconset\Icon-App-1024x1024@1x.png (created)
  .local\m3x-ios-preparation\01_San_pham\apps\learner\ios\Runner\Assets.xcassets\AppIcon.appiconset\Icon-App-20x20@1x.png (created)
  .local\m3x-ios-preparation\01_San_pham\apps\learner\ios\Runner\Assets.xcassets\AppIcon.appiconset\Icon-App-20x20@2x.png (created)
  .local\m3x-ios-preparation\01_San_pham\apps\learner\ios\Runner\Assets.xcassets\AppIcon.appiconset\Icon-App-20x20@3x.png (created)
  .local\m3x-ios-preparation\01_San_pham\apps\learner\ios\Runner\Assets.xcassets\AppIcon.appiconset\Icon-App-29x29@1x.png (created)
  .local\m3x-ios-preparation\01_San_pham\apps\learner\ios\Runner\Assets.xcassets\AppIcon.appiconset\Icon-App-29x29@2x.png (created)
  .local\m3x-ios-preparation\01_San_pham\apps\learner\ios\Runner\Assets.xcassets\AppIcon.appiconset\Icon-App-29x29@3x.png (created)
  .local\m3x-ios-preparation\01_San_pham\apps\learner\ios\Runner\Assets.xcassets\AppIcon.appiconset\Icon-App-40x40@1x.png (created)
  .local\m3x-ios-preparation\01_San_pham\apps\learner\ios\Runner\Assets.xcassets\AppIcon.appiconset\Icon-App-40x40@2x.png (created)
  .local\m3x-ios-preparation\01_San_pham\apps\learner\ios\Runner\Assets.xcassets\AppIcon.appiconset\Icon-App-40x40@3x.png (created)
  .local\m3x-ios-preparation\01_San_pham\apps\learner\ios\Runner\Assets.xcassets\AppIcon.appiconset\Icon-App-60x60@2x.png (created)
  .local\m3x-ios-preparation\01_San_pham\apps\learner\ios\Runner\Assets.xcassets\AppIcon.appiconset\Icon-App-60x60@3x.png (created)
  .local\m3x-ios-preparation\01_San_pham\apps\learner\ios\Runner\Assets.xcassets\AppIcon.appiconset\Icon-App-76x76@1x.png (created)
  .local\m3x-ios-preparation\01_San_pham\apps\learner\ios\Runner\Assets.xcassets\AppIcon.appiconset\Icon-App-76x76@2x.png (created)
  .local\m3x-ios-preparation\01_San_pham\apps\learner\ios\Runner\Assets.xcassets\AppIcon.appiconset\Icon-App-83.5x83.5@2x.png (created)
  .local\m3x-ios-preparation\01_San_pham\apps\learner\ios\Runner\Assets.xcassets\LaunchImage.imageset\Contents.json (created)
  .local\m3x-ios-preparation\01_San_pham\apps\learner\ios\Runner\Assets.xcassets\LaunchImage.imageset\LaunchImage.png (created)
  .local\m3x-ios-preparation\01_San_pham\apps\learner\ios\Runner\Assets.xcassets\LaunchImage.imageset\LaunchImage@2x.png (created)
  .local\m3x-ios-preparation\01_San_pham\apps\learner\ios\Runner\Assets.xcassets\LaunchImage.imageset\LaunchImage@3x.png (created)
  .local\m3x-ios-preparation\01_San_pham\apps\learner\ios\Runner\Assets.xcassets\LaunchImage.imageset\README.md (created)
  .local\m3x-ios-preparation\01_San_pham\apps\learner\ios\Runner\Base.lproj\LaunchScreen.storyboard (created)
  .local\m3x-ios-preparation\01_San_pham\apps\learner\ios\Runner\Base.lproj\Main.storyboard (created)
  .local\m3x-ios-preparation\01_San_pham\apps\learner\ios\Runner\Info.plist (created)
  .local\m3x-ios-preparation\01_San_pham\apps\learner\ios\Runner.xcodeproj\project.xcworkspace\contents.xcworkspacedata (created)
  .local\m3x-ios-preparation\01_San_pham\apps\learner\ios\Runner.xcodeproj\project.xcworkspace\xcshareddata\IDEWorkspaceChecks.plist (created)
  .local\m3x-ios-preparation\01_San_pham\apps\learner\ios\Runner.xcodeproj\project.xcworkspace\xcshareddata\WorkspaceSettings.xcsettings (created)
  .local\m3x-ios-preparation\01_San_pham\apps\learner\ios\Runner.xcworkspace\contents.xcworkspacedata (created)
  .local\m3x-ios-preparation\01_San_pham\apps\learner\ios\Runner.xcworkspace\xcshareddata\IDEWorkspaceChecks.plist (created)
  .local\m3x-ios-preparation\01_San_pham\apps\learner\ios\Runner.xcworkspace\xcshareddata\WorkspaceSettings.xcsettings (created)
Wrote 44 files.

All done!
You can find general documentation for Flutter at: https://docs.flutter.dev/
Detailed API documentation is available at: https://api.flutter.dev/
If you prefer video documentation, consider: https://www.youtube.com/c/flutterdev

In order to run your application, type:

  $ cd .local\m3x-ios-preparation\01_San_pham\apps\learner
  $ flutter run

Your application code is in .local\m3x-ios-preparation\01_San_pham\apps\learner\lib\main.dart.

