00:00 +0: loading C:/Mingo/01_San_pham/apps/learner/test/m3x_widget_test.dart
00:00 +0: (setUpAll)
00:00 +0: large text at 320 width reflows and essential actions remain reachable

Warning: A call to tap() with finder "Found 1 widget with text "No, I need a taxi." (ignoring all but first): [
  Text("No, I need a taxi.", inherit: true, color: label(*color = Color(alpha: 1.0000, red: 0.0000, green: 0.0000, blue: 0.0000, colorSpace: ColorSpace.sRGB)*, darkColor = Color(alpha: 1.0000, red: 1.0000, green: 1.0000, blue: 1.0000, colorSpace: ColorSpace.sRGB), resolved by: _AnswerUnit-[<'10000000-0000-4000-8000-00000000000b/taxi'>]), dependencies: [DefaultSelectionStyle, DefaultTextStyle, MediaQuery, _ScrollableScope]),
]" derived an Offset (Offset(177.0, 675.0)) that would not hit test on the specified widget.
Maybe the widget is actually off-screen, or another widget is obscuring it, or the widget cannot receive pointer events.
Indeed, Offset(177.0, 675.0) is outside the bounds of the root of the render tree, Size(320.0, 568.0).
The finder corresponds to this RenderBox: RenderParagraph#24ec1 relayoutBoundary=up24
The hit test result at that offset is: HitTestResult(HitTestEntry<HitTestTarget>#a9ed5(_ReusableRenderView#75c16), HitTestEntry<HitTestTarget>#d39bf(<AutomatedTestWidgetsFlutterBinding>))
#0      WidgetController._getElementPoint (package:flutter_test/src/controller.dart:2077:25)
#1      WidgetController.getCenter (package:flutter_test/src/controller.dart:1861:12)
#2      WidgetController.tap (package:flutter_test/src/controller.dart:1041:7)
#3      tap.<anonymous closure> (file:///C:/Mingo/01_San_pham/apps/learner/test/m3x_widget_test.dart:26:28)
#4      AutomatedTestWidgetsFlutterBinding.runAsync.<anonymous closure> (package:flutter_test/src/binding.dart:1391:17)
#5      _rootRun (dart:async/zone.dart:1525:13)
#6      _CustomZone.run (dart:async/zone.dart:1422:19)
#7      AutomatedTestWidgetsFlutterBinding.runAsync (package:flutter_test/src/binding.dart:1387:26)
#8      WidgetTester.runAsync (package:flutter_test/src/widget_tester.dart:839:17)
#9      tap (file:///C:/Mingo/01_San_pham/apps/learner/test/m3x_widget_test.dart:26:11)
<asynchronous suspension>
#10     main.<anonymous closure> (file:///C:/Mingo/01_San_pham/apps/learner/test/m3x_widget_test.dart:315:7)
<asynchronous suspension>
#11     testWidgets.<anonymous closure>.<anonymous closure> (package:flutter_test/src/widget_tester.dart:193:15)
<asynchronous suspension>
#12     TestWidgetsFlutterBinding._runTestBody (package:flutter_test/src/binding.dart:1064:5)
<asynchronous suspension>
#13     StackZoneSpecification._registerCallback.<anonymous closure> (package:stack_trace/src/stack_zone_specification.dart:114:42)
<asynchronous suspension>
To silence this warning, pass "warnIfMissed: false" to "tap()".
To make this warning fatal, set WidgetController.hitTestWarningShouldBeFatal to true.

M3X LARGE: physical=Size(320.0, 568.0); taskMedia=Size(320.0, 568.0); scrollables=1; taskViewports=[Size(320.0, 524.0)]

Warning: A call to tap() with finder "Found 1 widget with text "Kiểm tra" (ignoring all but first): [
  Text("Kiểm tra", textAlign: center, dependencies: [DefaultSelectionStyle, DefaultTextStyle, MediaQuery, _ScrollableScope]),
]" derived an Offset (Offset(160.0, 662.0)) that would not hit test on the specified widget.
Maybe the widget is actually off-screen, or another widget is obscuring it, or the widget cannot receive pointer events.
Indeed, Offset(160.0, 662.0) is outside the bounds of the root of the render tree, Size(320.0, 568.0).
The finder corresponds to this RenderBox: RenderParagraph#35922 relayoutBoundary=up18
The hit test result at that offset is: HitTestResult(HitTestEntry<HitTestTarget>#520c6(_ReusableRenderView#75c16), HitTestEntry<HitTestTarget>#94bde(<AutomatedTestWidgetsFlutterBinding>))
#0      WidgetController._getElementPoint (package:flutter_test/src/controller.dart:2077:25)
#1      WidgetController.getCenter (package:flutter_test/src/controller.dart:1861:12)
#2      WidgetController.tap (package:flutter_test/src/controller.dart:1041:7)
#3      tap.<anonymous closure> (file:///C:/Mingo/01_San_pham/apps/learner/test/m3x_widget_test.dart:26:28)
#4      AutomatedTestWidgetsFlutterBinding.runAsync.<anonymous closure> (package:flutter_test/src/binding.dart:1391:17)
#5      _rootRun (dart:async/zone.dart:1525:13)
#6      _CustomZone.run (dart:async/zone.dart:1422:19)
#7      AutomatedTestWidgetsFlutterBinding.runAsync (package:flutter_test/src/binding.dart:1387:26)
#8      WidgetTester.runAsync (package:flutter_test/src/widget_tester.dart:839:17)
#9      tap (file:///C:/Mingo/01_San_pham/apps/learner/test/m3x_widget_test.dart:26:11)
<asynchronous suspension>
#10     main.<anonymous closure> (file:///C:/Mingo/01_San_pham/apps/learner/test/m3x_widget_test.dart:319:7)
<asynchronous suspension>
#11     testWidgets.<anonymous closure>.<anonymous closure> (package:flutter_test/src/widget_tester.dart:193:15)
<asynchronous suspension>
#12     TestWidgetsFlutterBinding._runTestBody (package:flutter_test/src/binding.dart:1064:5)
<asynchronous suspension>
#13     StackZoneSpecification._registerCallback.<anonymous closure> (package:stack_trace/src/stack_zone_specification.dart:114:42)
<asynchronous suspension>
To silence this warning, pass "warnIfMissed: false" to "tap()".
To make this warning fatal, set WidgetController.hitTestWarningShouldBeFatal to true.

══╡ EXCEPTION CAUGHT BY FLUTTER TEST FRAMEWORK ╞════════════════════════════════════════════════════
The following StateError was thrown running a test:
Bad state: No element

When the exception was thrown, this was the stack:
#0      Iterable.single (dart:core/iterable.dart:694:25)
#1      WidgetController.element (package:flutter_test/src/controller.dart:864:30)
#2      WidgetController.dragUntilVisible.<anonymous closure> (package:flutter_test/src/controller.dart:2394:38)
<asynchronous suspension>
#3      TestAsyncUtils.guard.<anonymous closure> (package:flutter_test/src/test_async_utils.dart:130:27)
<asynchronous suspension>
#4      WidgetController.scrollUntilVisible.<anonymous closure> (package:flutter_test/src/controller.dart:2351:7)
<asynchronous suspension>
#5      TestAsyncUtils.guard.<anonymous closure> (package:flutter_test/src/test_async_utils.dart:130:27)
<asynchronous suspension>
#6      main.<anonymous closure> (file:///C:/Mingo/01_San_pham/apps/learner/test/m3x_widget_test.dart:321:7)
<asynchronous suspension>
#7      testWidgets.<anonymous closure>.<anonymous closure> (package:flutter_test/src/widget_tester.dart:193:15)
<asynchronous suspension>
#8      TestWidgetsFlutterBinding._runTestBody (package:flutter_test/src/binding.dart:1064:5)
<asynchronous suspension>
<asynchronous suspension>
(elided one frame from package:stack_trace)

The test description was:
  large text at 320 width reflows and essential actions remain reachable
════════════════════════════════════════════════════════════════════════════════════════════════════
00:03 +0 -1: large text at 320 width reflows and essential actions remain reachable [E]
  Test failed. See exception logs above.
  The test description was: large text at 320 width reflows and essential actions remain reachable
  
00:03 +0 -1: (tearDownAll)
00:03 +0 -1: Some tests failed.
