00:00 +0: loading C:/Mingo/01_San_pham/apps/learner/test/m3x_widget_test.dart
00:00 +0: (setUpAll)
00:00 +0: Home → Practice → feedback → Close → exact origin and Resume
00:02 +1: single-choice answer exposes role selected enabled states
00:02 +2: correct feedback explains inline, hides policy-disallowed Retry
00:03 +3: verdict dispatch once, rebuilding does not announce repeatedly
00:03 +4: Independent Check has no pre-submit Hint
00:03 +5: Result Pending Done closes; Continue asks a new explicit decision
00:04 +6: Sync Recovery keeps pending on connectivity and shows synced only after ACK
00:04 +7: failed disk write does not show locally saved feedback
00:04 +8: Reduce Motion keeps same answer/explanation with zero duration
00:04 +9: large text at 320 width reflows and essential actions remain reachable
══╡ EXCEPTION CAUGHT BY FLUTTER TEST FRAMEWORK ╞════════════════════════════════════════════════════
The following StateError was thrown running a test:
Bad state: No element

When the exception was thrown, this was the stack:
#0      Iterable.first (dart:core/iterable.dart:663:7)
#1      _FirstFinderMixin.filter (package:flutter_test/src/finders.dart:1340:28)
#3      Iterable.isEmpty (dart:core/iterable.dart:560:33)
#4      tap (file:///C:/Mingo/01_San_pham/apps/learner/test/m3x_widget_test.dart:16:25)
#5      main.<anonymous closure> (file:///C:/Mingo/01_San_pham/apps/learner/test/m3x_widget_test.dart:314:13)
<asynchronous suspension>
#6      testWidgets.<anonymous closure>.<anonymous closure> (package:flutter_test/src/widget_tester.dart:193:15)
<asynchronous suspension>
#7      TestWidgetsFlutterBinding._runTestBody (package:flutter_test/src/binding.dart:1064:5)
<asynchronous suspension>
<asynchronous suspension>
(elided 2 frames from dart:async-patch and package:stack_trace)

The test description was:
  large text at 320 width reflows and essential actions remain reachable
════════════════════════════════════════════════════════════════════════════════════════════════════
00:05 +9 -1: large text at 320 width reflows and essential actions remain reachable [E]
  Test failed. See exception logs above.
  The test description was: large text at 320 width reflows and essential actions remain reachable
  
00:05 +9 -1: dark mode uses opaque surfaces and readable non-color verdict
00:05 +10 -1: Welcome anchor starts with Bắt đầu and Explore remains secondary
00:06 +11 -1: (tearDownAll)
00:06 +11 -1: Some tests failed.
