INFO         | Android emulator version 37.1.11.0 (build_id 15917651) (CL:N/A)
INFO         | Graphics backend: gfxstream
INFO         | Found systemPath C:\Android\Sdk\system-images\android-35\google_apis\x86_64\
INFO         | Feature 'Vulkan' (21) is overridden to 'disabled'
INFO         | Feature 'Vulkan' (21) is overridden to 'disabled'
INFO         | Increasing RAM size to 2560MB
INFO         | IPv4 server found: 1.1.1.1
INFO         | Ignore IPv6 address: e0d8:79b8:3502:0:e0d8:79b8:3502:0
INFO         | Ignore IPv6 address: e0d8:79b8:3502:0:e0d8:79b8:3502:0
INFO         | Ignore IPv6 address: e0d8:79b8:3502:0:e0d8:79b8:3502:0
INFO         | Ignore IPv6 address: 10df:79b8:3502:0:e0d8:79b8:3502:0
INFO         | Ignore IPv6 address: 10df:79b8:3502:0:e0d8:79b8:3502:0
INFO         | Ignore IPv6 address: 10df:79b8:3502:0:e0d8:79b8:3502:0
INFO         | Ignore IPv6 address: 28e5:79b8:3502:0:e0d8:79b8:3502:0
INFO         | Ignore IPv6 address: 28e5:79b8:3502:0:e0d8:79b8:3502:0
INFO         | Ignore IPv6 address: 28e5:79b8:3502:0:e0d8:79b8:3502:0
INFO         | Ignore IPv6 address: 28f0:79b8:3502:0:e0d8:79b8:3502:0
INFO         | Ignore IPv6 address: 28f0:79b8:3502:0:e0d8:79b8:3502:0
INFO         | Ignore IPv6 address: 28f0:79b8:3502:0:e0d8:79b8:3502:0
INFO         | Ignore IPv6 address: 48f6:79b8:3502:0:e0d8:79b8:3502:0
INFO         | Ignore IPv6 address: 48f6:79b8:3502:0:e0d8:79b8:3502:0
INFO         | Ignore IPv6 address: 48f6:79b8:3502:0:e0d8:79b8:3502:0
INFO         | Guest GLES Driver: Auto (ext controls)
INFO         | emuglConfig_init: vulkan_mode_selected:host gles_mode_selected:host
INFO         | Checking system compatibility:
INFO         |   Checking: hasCompatibleHypervisor
INFO         |      Ok: Hypervisor compatibility to run avd: `mingo_ascii_api35` are met
INFO         |   Checking: hasSufficientSystem
INFO         |      Ok: System requirements to run avd: `mingo_ascii_api35` are met
INFO         |   Checking: hasSufficientHwGpu
INFO         |      Ok: Hardware GPU requirements to run avd: `mingo_ascii_api35` are passed
INFO         |   Checking: hasSufficientDiskSpace
INFO         |      Ok: Disk space requirements to run avd: `mingo_ascii_api35` are met
INFO         | Critical: Failed to load opengl32sw (The specified module could not be found.) (:0, )
INFO         | Warning: Software OpenGL failed. Falling back to system OpenGL. (:0, )
INFO         | Storing crashdata in: C:\Users\PHC~1\AppData\Local\Temp\\AndroidEmulator\emu-crash-37.1.11.db, detection is enabled for process: 8184
INFO         | Initializing gfxstream backend
INFO         | startOpenglesRendererImpl: gpu info
INFO         | GPU #1
  Make: 10de
  Model: NVIDIA GeForce GTX 1650
  Device ID: 1f9d

INFO         | Graphics Adapter Vendor Google (NVIDIA Corporation)
INFO         | Graphics Adapter Android Emulator OpenGL ES Translator (NVIDIA GeForce GTX 1650/PCIe/SSE2)
INFO         | Graphics API Version OpenGL ES 3.0 (4.5.0 NVIDIA 617.14)
INFO         | Graphics API Extensions GL_OES_EGL_sync GL_OES_EGL_image GL_OES_EGL_image_external GL_OES_depth24 GL_OES_depth32 GL_OES_element_index_uint GL_OES_texture_float GL_OES_texture_float_linear GL_OES_compressed_paletted_texture GL_OES_compressed_ETC1_RGB8_texture GL_OES_depth_texture GL_OES_texture_half_float GL_OES_texture_half_float_linear GL_OES_packed_depth_stencil GL_OES_vertex_half_float GL_OES_texture_npot GL_OES_rgb8_rgba8 GL_OVR_multiview2 GL_EXT_multiview_texture_multisample GL_EXT_color_buffer_float GL_EXT_color_buffer_half_float GL_EXT_texture_format_BGRA8888 GL_APPLE_texture_format_BGRA8888 GL_EXT_texture_buffer 
INFO         | Graphics Device Extensions N/A
INFO         | Sending adb public key [QAAAAN2JocGL6RAN7cfug6hFi4hiT3dRQLbLmjVQeYyQ1Vd4+gqTrHh/yDSGftoGaUORZme9kjd9a25rFILB/nmKGcQggWOQIboPM5wyPHKO55SPr1eELv1JanAOwHoL05wLPs22ep0R4XuRxk/OSsHmWzFLs6GFxnxW72rR1T/9eXHXMkfbpOv9GqJ4K2PpA+V55ddMRkqhW3KUAhwsMzISwmEmLpPWCynFx41ab/Tumku/nHEfY3WD2NqBYLd3bPtdBbFCfEmSIuL8OUQ0Eyw5OBkR+gyulaZccF8yhWAPyVMoSrYm5ZpYNiS4f0Oeb7/TFeX9eFXxG98Ui4MVdN6MiWx1A4qZr7ccwO9zul26E6nDp0m6FblCn5fMcjuMpaaCeQew2DKOxswF6+TENQOk0sPAbgPJnRDZXsgyEH2UAIe37Y6QYQqqWloaumzZc4sB7C7HEiaksYu4MIfwnpfk42qNd0iGMn4yro9LaVwFy/OR1683HK+5sQNQmZfevVzz88uKJRx/bVE1yCsKNnUtQ94UyHkuNKtF4LHmGutB6qFYIcJWv7Un9iBjtcUsgmLigfa3UuWeolInh+eNb8cTyh5I8CZ1QRjwL2v2o36nbqr3NUEkdG5yzeJ6kSAs3S39DVCu2s3TpkEso95SFHubCrMoqhIbBOtPXfa54VohFx8lKBrIPQEAAQA= @unknown]
INFO         | Userspace boot properties:
INFO         |   androidboot.boot_devices=pci0000:00/0000:00:03.0 pci0000:00/0000:00:06.0
INFO         |   androidboot.dalvik.vm.heapsize=576m
INFO         |   androidboot.debug.hwui.renderer=skiagl
INFO         |   androidboot.hardware=ranchu
INFO         |   androidboot.hardware.gltransport=pipe
INFO         |   androidboot.logcat=*:V
INFO         |   androidboot.opengles.version=196609
INFO         |   androidboot.qemu=1
INFO         |   androidboot.qemu.adb.pubkey=QAAAAN2JocGL6RAN7cfug6hFi4hiT3dRQLbLmjVQeYyQ1Vd4+gqTrHh/yDSGftoGaUORZme9kjd9a25rFILB/nmKGcQggWOQIboPM5wyPHKO55SPr1eELv1JanAOwHoL05wLPs22ep0R4XuRxk/OSsHmWzFLs6GFxnxW72rR1T/9eXHXMkfbpOv9GqJ4K2PpA+V55ddMRkqhW3KUAhwsMzISwmEmLpPWCynFx41ab/Tumku/nHEfY3WD2NqBYLd3bPtdBbFCfEmSIuL8OUQ0Eyw5OBkR+gyulaZccF8yhWAPyVMoSrYm5ZpYNiS4f0Oeb7/TFeX9eFXxG98Ui4MVdN6MiWx1A4qZr7ccwO9zul26E6nDp0m6FblCn5fMcjuMpaaCeQew2DKOxswF6+TENQOk0sPAbgPJnRDZXsgyEH2UAIe37Y6QYQqqWloaumzZc4sB7C7HEiaksYu4MIfwnpfk42qNd0iGMn4yro9LaVwFy/OR1683HK+5sQNQmZfevVzz88uKJRx/bVE1yCsKNnUtQ94UyHkuNKtF4LHmGutB6qFYIcJWv7Un9iBjtcUsgmLigfa3UuWeolInh+eNb8cTyh5I8CZ1QRjwL2v2o36nbqr3NUEkdG5yzeJ6kSAs3S39DVCu2s3TpkEso95SFHubCrMoqhIbBOtPXfa54VohFx8lKBrIPQEAAQA= @unknown
INFO         |   androidboot.qemu.avd_name=mingo_ascii_api35
INFO         |   androidboot.qemu.camera_hq_edge_processing=0
INFO         |   androidboot.qemu.camera_protocol_ver=1
INFO         |   androidboot.qemu.cpuvulkan.version=4206592
INFO         |   androidboot.qemu.gltransport.drawFlushInterval=800
INFO         |   androidboot.qemu.gltransport.name=pipe
INFO         |   androidboot.qemu.hwcodec.avcdec=2
INFO         |   androidboot.qemu.hwcodec.hevcdec=2
INFO         |   androidboot.qemu.hwcodec.vpxdec=2
INFO         |   androidboot.qemu.settings.system.screen_off_timeout=2147483647
INFO         |   androidboot.qemu.skin=1080x2400
INFO         |   androidboot.qemu.virtiowifi=1
INFO         |   androidboot.qemu.vsync=60
INFO         |   androidboot.serialno=EMULATOR37X1X11X0
INFO         |   androidboot.vbmeta.digest=b3271ba499104f4631ae3723913d5c12574e01715fce5b82d60beed097ead264
INFO         |   androidboot.vbmeta.hash_alg=sha256
INFO         |   androidboot.vbmeta.size=6720
INFO         |   androidboot.veritymode=enforcing
WHPX on Windows 10.0.26200 detected.
Windows Hypervisor Platform accelerator is operational
INFO         | Monitoring duration of emulator setup.
INFO         | Using security allow list from: C:\Android\Sdk\emulator\lib\emulator_access.json
INFO         | The active JSON Web Key Sets can be found here: C:\Users\Phúc\AppData\Local\Temp\avd\running\8184\jwks\0c40eabd-e319-416d-9011-efb9984aad40\active.jwk
INFO         | Scanning C:\Users\Phúc\AppData\Local\Temp\avd\running\8184\jwks\0c40eabd-e319-416d-9011-efb9984aad40 for jwk keys.
INFO         | Started GRPC server at 127.0.0.1:8554, security: Local, auth: +token
INFO         | Advertising in: C:\Users\Phúc\AppData\Local\Temp\avd\running\pid_8184.ini
INFO         | Successfully initialized netsim WiFi
INFO         | Activated packet streamer for bluetooth emulation
INFO         | Setting display: 0 configuration to: 1080x2400, dpi: 420x420 
INFO         | setDisplayActiveConfig: id:0, 1080x2400
INFO         | emulatorSetupEnvironment: Environment scene is not required
INFO         | Warning: QMetaObject::connectSlotsByName: No matching signal for on_rgbcSensorValueWidget_valueChanged() (:0, )
INFO         | Warning: QMetaObject::connectSlotsByName: No matching signal for on_posture_valueChanged(int) (:0, )
INFO         | TouchpadHolder: registering via hw_xr_led agent for instance=000002358CAD7140
INFO         | Warning: QObject::connect: Cannot queue arguments of type 'std::vector<android::emulation::control::SnapshotInfo>'
(Make sure 'std::vector<android::emulation::control::SnapshotInfo>' is registered using qRegisterMetaType().) (:0, )
INFO         | AVD supportsNativeGLES=1, supportsGuestAngle=1
INFO         | Created extended window in 277.087ms
INFO         | Boot completed in 46631 ms
INFO         | Increasing screen off timeout, logcat buffer size to 2M.
INFO         | IPv4 server found: 1.1.1.1
INFO         | Ignore IPv6 address: 3025:158f:3502:0:3025:158f:3502:0
INFO         | Ignore IPv6 address: 3025:158f:3502:0:3025:158f:3502:0
INFO         | Ignore IPv6 address: 3025:158f:3502:0:3025:158f:3502:0
INFO         | Ignore IPv6 address: 602b:158f:3502:0:3025:158f:3502:0
INFO         | Ignore IPv6 address: 602b:158f:3502:0:3025:158f:3502:0
INFO         | Ignore IPv6 address: 602b:158f:3502:0:3025:158f:3502:0
INFO         | Ignore IPv6 address: 7831:158f:3502:0:3025:158f:3502:0
INFO         | Ignore IPv6 address: 7831:158f:3502:0:3025:158f:3502:0
INFO         | Ignore IPv6 address: 7831:158f:3502:0:3025:158f:3502:0
INFO         | Ignore IPv6 address: 783c:158f:3502:0:3025:158f:3502:0
INFO         | Ignore IPv6 address: 783c:158f:3502:0:3025:158f:3502:0
INFO         | Ignore IPv6 address: 783c:158f:3502:0:3025:158f:3502:0
INFO         | Ignore IPv6 address: 9842:158f:3502:0:3025:158f:3502:0
INFO         | Ignore IPv6 address: 9842:158f:3502:0:3025:158f:3502:0
INFO         | Ignore IPv6 address: 9842:158f:3502:0:3025:158f:3502:0
INFO         | IPv4 server found: 1.1.1.1
INFO         | Ignore IPv6 address: 3025:158f:3502:0:3025:158f:3502:0
INFO         | Ignore IPv6 address: 3025:158f:3502:0:3025:158f:3502:0
INFO         | Ignore IPv6 address: 3025:158f:3502:0:3025:158f:3502:0
INFO         | Ignore IPv6 address: 602b:158f:3502:0:3025:158f:3502:0
INFO         | Ignore IPv6 address: 602b:158f:3502:0:3025:158f:3502:0
INFO         | Ignore IPv6 address: 602b:158f:3502:0:3025:158f:3502:0
INFO         | Ignore IPv6 address: 7831:158f:3502:0:3025:158f:3502:0
INFO         | Ignore IPv6 address: 7831:158f:3502:0:3025:158f:3502:0
INFO         | Ignore IPv6 address: 7831:158f:3502:0:3025:158f:3502:0
INFO         | Ignore IPv6 address: 783c:158f:3502:0:3025:158f:3502:0
INFO         | Ignore IPv6 address: 783c:158f:3502:0:3025:158f:3502:0
INFO         | Ignore IPv6 address: 783c:158f:3502:0:3025:158f:3502:0
INFO         | Ignore IPv6 address: 9842:158f:3502:0:3025:158f:3502:0
INFO         | Ignore IPv6 address: 9842:158f:3502:0:3025:158f:3502:0
INFO         | Ignore IPv6 address: 9842:158f:3502:0:3025:158f:3502:0
INFO         | IPv4 server found: 1.1.1.1
INFO         | Ignore IPv6 address: 3025:158f:3502:0:3025:158f:3502:0
INFO         | Ignore IPv6 address: 3025:158f:3502:0:3025:158f:3502:0
INFO         | Ignore IPv6 address: 3025:158f:3502:0:3025:158f:3502:0
INFO         | Ignore IPv6 address: 602b:158f:3502:0:3025:158f:3502:0
INFO         | Ignore IPv6 address: 602b:158f:3502:0:3025:158f:3502:0
INFO         | Ignore IPv6 address: 602b:158f:3502:0:3025:158f:3502:0
INFO         | Ignore IPv6 address: 7831:158f:3502:0:3025:158f:3502:0
INFO         | Ignore IPv6 address: 7831:158f:3502:0:3025:158f:3502:0
INFO         | Ignore IPv6 address: 7831:158f:3502:0:3025:158f:3502:0
INFO         | Ignore IPv6 address: 783c:158f:3502:0:3025:158f:3502:0
INFO         | Ignore IPv6 address: 783c:158f:3502:0:3025:158f:3502:0
INFO         | Ignore IPv6 address: 783c:158f:3502:0:3025:158f:3502:0
INFO         | Ignore IPv6 address: 9842:158f:3502:0:3025:158f:3502:0
INFO         | Ignore IPv6 address: 9842:158f:3502:0:3025:158f:3502:0
INFO         | Ignore IPv6 address: 9842:158f:3502:0:3025:158f:3502:0
WARNING      | Idled to long, shutting down. 1790768168 > 1790768168
WARNING      | Trying nicely..
WARNING      | Not saving state: RAM not mapped as shared
INFO         | Saving snapshot 'default_boot' using 4 ms
INFO         | removeAll
WARNING      | Netsim Wifi dns:///localhost:49910 is gone due to Stream removed (CANCELLED)
