MemTotal:        2531956 kB
MemFree:          294348 kB
MemAvailable:    1385892 kB
Buffers:           33848 kB
Cached:          1282388 kB
SwapCached:         3928 kB
Active:           875024 kB
Inactive:         815852 kB
Active(anon):     380280 kB
Inactive(anon):    26844 kB
Active(file):     494744 kB
Inactive(file):   789008 kB
Unevictable:        4220 kB
Mlocked:            4220 kB
SwapTotal:       1898960 kB
SwapFree:        1359824 kB
Dirty:                44 kB
Writeback:             0 kB
AnonPages:        376696 kB
Mapped:           620128 kB
Shmem:             29132 kB
KReclaimable:      45716 kB
Slab:             183688 kB
SReclaimable:      45716 kB
SUnreclaim:       137972 kB
KernelStack:       29856 kB
PageTables:        60584 kB
SecPageTables:         0 kB
NFS_Unstable:          0 kB
Bounce:                0 kB
WritebackTmp:          0 kB
CommitLimit:     3164936 kB
Committed_AS:   96560472 kB
VmallocTotal:   34359738367 kB
VmallocUsed:       52808 kB
VmallocChunk:          0 kB
Percpu:             4688 kB
AnonHugePages:         0 kB
ShmemHugePages:        0 kB
ShmemPmdMapped:        0 kB
FileHugePages:         0 kB
FilePmdMapped:         0 kB
CmaTotal:              0 kB
CmaFree:               0 kB
DirectMap4k:       44888 kB
DirectMap2M:     2576384 kB
DirectMap1G:     1048576 kB
